
Allocating common symbols
Common symbol       size              file

k_v_pool            0xc               build/memory.o
intr_name           0x84              build/interrupt.o
k_p_pool            0x10              build/memory.o
u_p_pool            0x10              build/memory.o
idt_table           0x84              build/interrupt.o

Memory Configuration

Name             Origin             Length             Attributes
*default*        0x0000000000000000 0xffffffffffffffff

Linker script and memory map

Address of section .text set to 0xc0001500
LOAD build/main.o
LOAD build/init.o
LOAD build/thread.o
LOAD build/interrupt.o
LOAD build/timer.o
LOAD build/kernel.o
LOAD build/print.o
LOAD build/memory.o
LOAD build/bitmap.o
LOAD build/string.o
LOAD build/debug.o
                0x0000000008048000                PROVIDE (__executable_start, 0x8048000)
                0x0000000008048074                . = (0x8048000 + SIZEOF_HEADERS)

.interp
 *(.interp)

.note.gnu.build-id
 *(.note.gnu.build-id)

.hash
 *(.hash)

.gnu.hash
 *(.gnu.hash)

.dynsym
 *(.dynsym)

.dynstr
 *(.dynstr)

.gnu.version
 *(.gnu.version)

.gnu.version_d
 *(.gnu.version_d)

.gnu.version_r
 *(.gnu.version_r)

.rel.dyn        0x0000000008048074        0x0
 *(.rel.init)
 *(.rel.text .rel.text.* .rel.gnu.linkonce.t.*)
 .rel.text      0x0000000000000000        0x0 build/main.o
 *(.rel.fini)
 *(.rel.rodata .rel.rodata.* .rel.gnu.linkonce.r.*)
 *(.rel.data.rel.ro .rel.data.rel.ro.* .rel.gnu.linkonce.d.rel.ro.*)
 *(.rel.data .rel.data.* .rel.gnu.linkonce.d.*)
 *(.rel.tdata .rel.tdata.* .rel.gnu.linkonce.td.*)
 *(.rel.tbss .rel.tbss.* .rel.gnu.linkonce.tb.*)
 *(.rel.ctors)
 *(.rel.dtors)
 *(.rel.got)
 *(.rel.bss .rel.bss.* .rel.gnu.linkonce.b.*)
 *(.rel.ifunc)

.rel.plt        0x0000000008048074        0x0
 *(.rel.plt)
                0x0000000008048074                PROVIDE (__rel_iplt_start, .)
 *(.rel.iplt)
 .rel.iplt      0x0000000000000000        0x0 build/main.o
                0x0000000008048074                PROVIDE (__rel_iplt_end, .)

.init
 *(SORT(.init))

.plt            0x0000000008048080        0x0
 *(.plt)
 *(.iplt)
 .iplt          0x0000000000000000        0x0 build/main.o

.text           0x00000000c0001500     0x161d
 *(.text.unlikely .text.*_unlikely .text.unlikely.*)
 *(.text.exit .text.exit.*)
 *(.text.startup .text.startup.*)
 *(.text.hot .text.hot.*)
 *(.text .stub .text.* .gnu.linkonce.t.*)
 .text          0x00000000c0001500       0x4d build/main.o
                0x00000000c0001500                main
                0x00000000c0001531                k_thread_a
 .text          0x00000000c000154d       0x37 build/init.o
                0x00000000c000154d                init_all
 .text          0x00000000c0001584      0x132 build/thread.o
                0x00000000c000159a                thread_create
                0x00000000c000160a                init_thread
                0x00000000c0001667                thread_start
 .text          0x00000000c00016b6      0x361 build/interrupt.o
                0x00000000c000194e                idt_init
                0x00000000c00019b8                intr_enable
                0x00000000c00019d2                intr_disable
                0x00000000c00019ec                intr_set_status
                0x00000000c00019f9                intr_get_status
 .text          0x00000000c0001a17       0xe2 build/timer.o
                0x00000000c0001ab9                timer_init
 *fill*         0x00000000c0001af9        0x7 
 .text          0x00000000c0001b00      0x39d build/kernel.o
                0x00000000c0001b00                intr_exit
 *fill*         0x00000000c0001e9d        0x3 
 .text          0x00000000c0001ea0      0x149 build/print.o
                0x00000000c0001ea0                put_str
                0x00000000c0001ebe                put_char
                0x00000000c0001f8b                put_int
 .text          0x00000000c0001fe9      0x4d6 build/memory.o
                0x00000000c0002199                mem_init
                0x00000000c0002278                pte_ptr
                0x00000000c000229f                pde_ptr
                0x00000000c00023c6                malloc_page
                0x00000000c0002484                get_kernel_pages
 .text          0x00000000c00024bf      0x21d build/bitmap.o
                0x00000000c00024bf                bitmap_init
                0x00000000c00024e1                bitmap_test_bit
                0x00000000c000251f                bitmap_scan
                0x00000000c000262e                bitmap_set
 .text          0x00000000c00026dc      0x39b build/string.o
                0x00000000c00026dc                memset
                0x00000000c000272c                memcpy
                0x00000000c0002784                memcmp
                0x00000000c00027f8                strcpy
                0x00000000c000284b                strlen
                0x00000000c0002893                strcmp
                0x00000000c0002900                strchr
                0x00000000c0002955                strrchr
                0x00000000c00029b0                strcat
                0x00000000c0002a16                strchrs
 .text          0x00000000c0002a77       0xa6 build/debug.o
                0x00000000c0002a77                panic_spin
 *(.gnu.warning)

.fini
 *(SORT(.fini))
                0x00000000c0002b1d                PROVIDE (__etext, .)
                0x00000000c0002b1d                PROVIDE (_etext, .)
                0x00000000c0002b1d                PROVIDE (etext, .)

.rodata         0x00000000c0002b20      0x5bb
 *(.rodata .rodata.* .gnu.linkonce.r.*)
 .rodata        0x00000000c0002b20       0x11 build/main.o
 .rodata        0x00000000c0002b31       0x19 build/init.o
 *fill*         0x00000000c0002b4a        0x2 
 .rodata        0x00000000c0002b4c      0x265 build/interrupt.o
 .rodata        0x00000000c0002db1       0x24 build/timer.o
 *fill*         0x00000000c0002dd5        0x3 
 .rodata        0x00000000c0002dd8      0x178 build/memory.o
 .rodata        0x00000000c0002f50       0x67 build/bitmap.o
 *fill*         0x00000000c0002fb7        0x1 
 .rodata        0x00000000c0002fb8       0xe4 build/string.o
 .rodata        0x00000000c000309c       0x3f build/debug.o

.rodata1
 *(.rodata1)

.eh_frame_hdr
 *(.eh_frame_hdr)

.eh_frame       0x00000000c00030dc      0x5d0
 *(.eh_frame)
 .eh_frame      0x00000000c00030dc       0x58 build/main.o
 .eh_frame      0x00000000c0003134       0x20 build/init.o
                                         0x38 (size before relaxing)
 .eh_frame      0x00000000c0003154       0x80 build/thread.o
                                         0x98 (size before relaxing)
 .eh_frame      0x00000000c00031d4      0x168 build/interrupt.o
                                        0x180 (size before relaxing)
 .eh_frame      0x00000000c000333c       0x6c build/timer.o
                                         0x84 (size before relaxing)
 .eh_frame      0x00000000c00033a8      0x120 build/memory.o
                                        0x138 (size before relaxing)
 .eh_frame      0x00000000c00034c8       0x88 build/bitmap.o
                                         0xa0 (size before relaxing)
 .eh_frame      0x00000000c0003550      0x140 build/string.o
                                        0x158 (size before relaxing)
 .eh_frame      0x00000000c0003690       0x1c build/debug.o
                                         0x34 (size before relaxing)

.gcc_except_table
 *(.gcc_except_table .gcc_except_table.*)

.exception_ranges
 *(.exception_ranges .exception_ranges*)
                0x00000000c00036ac                . = (ALIGN (0x1000) - ((0x1000 - .) & 0xfff))
                0x00000000c00046ac                . = DATA_SEGMENT_ALIGN (0x1000, 0x1000)

.eh_frame
 *(.eh_frame)

.gcc_except_table
 *(.gcc_except_table .gcc_except_table.*)

.exception_ranges
 *(.exception_ranges .exception_ranges*)

.tdata
 *(.tdata .tdata.* .gnu.linkonce.td.*)

.tbss
 *(.tbss .tbss.* .gnu.linkonce.tb.*)
 *(.tcommon)

.preinit_array  0x00000000c00046ac        0x0
                0x00000000c00046ac                PROVIDE (__preinit_array_start, .)
 *(.preinit_array)
                0x00000000c00046ac                PROVIDE (__preinit_array_end, .)

.init_array     0x00000000c00046ac        0x0
                0x00000000c00046ac                PROVIDE (__init_array_start, .)
 *(SORT(.init_array.*))
 *(.init_array)
                0x00000000c00046ac                PROVIDE (__init_array_end, .)

.fini_array     0x00000000c00046ac        0x0
                0x00000000c00046ac                PROVIDE (__fini_array_start, .)
 *(SORT(.fini_array.*))
 *(.fini_array)
                0x00000000c00046ac                PROVIDE (__fini_array_end, .)

.ctors
 *crtbegin.o(.ctors)
 *crtbegin?.o(.ctors)
 *(EXCLUDE_FILE(*crtend?.o *crtend.o) .ctors)
 *(SORT(.ctors.*))
 *(.ctors)

.dtors
 *crtbegin.o(.dtors)
 *crtbegin?.o(.dtors)
 *(EXCLUDE_FILE(*crtend?.o *crtend.o) .dtors)
 *(SORT(.dtors.*))
 *(.dtors)

.jcr
 *(.jcr)

.data.rel.ro
 *(.data.rel.ro.local* .gnu.linkonce.d.rel.ro.local.*)
 *(.data.rel.ro .data.rel.ro.* .gnu.linkonce.d.rel.ro.*)

.dynamic
 *(.dynamic)

.got
 *(.got)
 *(.igot)
                0x00000000c00046ac                . = DATA_SEGMENT_RELRO_END (., (SIZEOF (.got.plt) >= 0xc)?0xc:0x0)

.got.plt        0x00000000c00046ac        0x0
 *(.got.plt)
 *(.igot.plt)
 .igot.plt      0x0000000000000000        0x0 build/main.o

.data           0x00000000c00046ac       0x8c
 *(.data .data.* .gnu.linkonce.d.*)
 .data          0x00000000c00046ac        0x0 build/main.o
 .data          0x00000000c00046ac        0x0 build/init.o
 .data          0x00000000c00046ac        0x0 build/thread.o
 .data          0x00000000c00046ac        0x0 build/interrupt.o
 .data          0x00000000c00046ac        0x0 build/timer.o
 .data          0x00000000c00046ac       0x84 build/kernel.o
                0x00000000c00046ac                intr_entry_table
 .data          0x00000000c0004730        0x8 build/print.o
 .data          0x00000000c0004738        0x0 build/memory.o
 .data          0x00000000c0004738        0x0 build/bitmap.o
 .data          0x00000000c0004738        0x0 build/string.o
 .data          0x00000000c0004738        0x0 build/debug.o

.data1
 *(.data1)
                0x00000000c0004738                _edata = .
                0x00000000c0004738                PROVIDE (edata, .)
                0x00000000c0004738                . = .
                0x00000000c0004738                __bss_start = .

.bss            0x00000000c0004740      0x270
 *(.dynbss)
 *(.bss .bss.* .gnu.linkonce.b.*)
 .bss           0x00000000c0004740        0x0 build/main.o
 .bss           0x00000000c0004740        0x0 build/init.o
 .bss           0x00000000c0004740        0x0 build/thread.o
 .bss           0x00000000c0004740      0x108 build/interrupt.o
 .bss           0x00000000c0004848        0x0 build/timer.o
 .bss           0x00000000c0004848        0x0 build/memory.o
 .bss           0x00000000c0004848        0x0 build/bitmap.o
 .bss           0x00000000c0004848        0x0 build/string.o
 .bss           0x00000000c0004848        0x0 build/debug.o
 *(COMMON)
 *fill*         0x00000000c0004848       0x18 
 COMMON         0x00000000c0004860      0x124 build/interrupt.o
                0x00000000c0004860                intr_name
                0x00000000c0004900                idt_table
 COMMON         0x00000000c0004984       0x2c build/memory.o
                0x00000000c0004984                k_v_pool
                0x00000000c0004990                k_p_pool
                0x00000000c00049a0                u_p_pool
                0x00000000c00049b0                . = ALIGN ((. != 0x0)?0x4:0x1)
                0x00000000c00049b0                . = ALIGN (0x4)
                0x00000000c00049b0                . = SEGMENT_START ("ldata-segment", .)
                0x00000000c00049b0                . = ALIGN (0x4)
                0x00000000c00049b0                _end = .
                0x00000000c00049b0                PROVIDE (end, .)
                0x00000000c00049b0                . = DATA_SEGMENT_END (.)

.stab
 *(.stab)

.stabstr
 *(.stabstr)

.stab.excl
 *(.stab.excl)

.stab.exclstr
 *(.stab.exclstr)

.stab.index
 *(.stab.index)

.stab.indexstr
 *(.stab.indexstr)

.comment        0x0000000000000000       0x11
 *(.comment)
 .comment       0x0000000000000000       0x11 build/main.o
                                         0x12 (size before relaxing)
 .comment       0x0000000000000000       0x12 build/init.o
 .comment       0x0000000000000000       0x12 build/thread.o
 .comment       0x0000000000000000       0x12 build/interrupt.o
 .comment       0x0000000000000000       0x12 build/timer.o
 .comment       0x0000000000000000       0x12 build/memory.o
 .comment       0x0000000000000000       0x12 build/bitmap.o
 .comment       0x0000000000000000       0x12 build/string.o
 .comment       0x0000000000000000       0x12 build/debug.o

.debug
 *(.debug)

.line
 *(.line)

.debug_srcinfo
 *(.debug_srcinfo)

.debug_sfnames
 *(.debug_sfnames)

.debug_aranges
 *(.debug_aranges)

.debug_pubnames
 *(.debug_pubnames)

.debug_info
 *(.debug_info .gnu.linkonce.wi.*)

.debug_abbrev
 *(.debug_abbrev)

.debug_line
 *(.debug_line .debug_line.* .debug_line_end)

.debug_frame
 *(.debug_frame)

.debug_str
 *(.debug_str)

.debug_loc
 *(.debug_loc)

.debug_macinfo
 *(.debug_macinfo)

.debug_weaknames
 *(.debug_weaknames)

.debug_funcnames
 *(.debug_funcnames)

.debug_typenames
 *(.debug_typenames)

.debug_varnames
 *(.debug_varnames)

.debug_pubtypes
 *(.debug_pubtypes)

.debug_ranges
 *(.debug_ranges)

.debug_macro
 *(.debug_macro)

.gnu.attributes
 *(.gnu.attributes)

/DISCARD/
 *(.note.GNU-stack)
 *(.gnu_debuglink)
 *(.gnu.lto_*)
OUTPUT(build/kernel.bin elf32-i386)
