
Allocating common symbols
Common symbol       size              file

pid_pool            0x28              build/thread.o
argv                0x14              build/shell.o
kbd_buf             0x6c              build/keyboard.o
root_dir            0x208             build/dir.o
thread_ready_list   0x10              build/thread.o
thread_all_list     0x10              build/thread.o
channel_cnt         0x1               build/ide.o
k_block_desc        0xa8              build/memory.o
cur_part            0x4               build/fs.o
k_v_pool            0xc               build/memory.o
idle_thread         0x4               build/thread.o
intr_name           0x204             build/interrupt.o
main_thread         0x4               build/thread.o
channels            0xcc0             build/ide.o
syscall_table       0x80              build/syscall-init.o
total_ticks         0x4               build/timer.o
k_p_pool            0x2c              build/memory.o
u_p_pool            0x2c              build/memory.o
idt_table           0x204             build/interrupt.o
file_table          0x180             build/file.o
partition_list      0x10              build/ide.o

Memory Configuration

Name             Origin             Length             Attributes
*default*        0x0000000000000000 0xffffffffffffffff

Linker script and memory map

Address of section .text set to 0xc0001500
LOAD build/main.o
LOAD build/init.o
LOAD build/shell.o
LOAD build/buildin_cmd.o
LOAD build/stdio.o
LOAD build/exec.o
LOAD build/fork.o
LOAD build/wait_exit.o
LOAD build/syscall-init.o
LOAD build/syscall.o
LOAD build/fs.o
LOAD build/file.o
LOAD build/inode.o
LOAD build/dir.o
LOAD build/stdio-kernel.o
LOAD build/ide.o
LOAD build/keyboard.o
LOAD build/ioqueue.o
LOAD build/process.o
LOAD build/console.o
LOAD build/tss.o
LOAD build/sync.o
LOAD build/thread.o
LOAD build/list.o
LOAD build/timer.o
LOAD build/interrupt.o
LOAD build/kernel.o
LOAD build/print.o
LOAD build/memory.o
LOAD build/bitmap.o
LOAD build/string.o
LOAD build/debug.o
LOAD build/switch.o
                0x0000000008048000                PROVIDE (__executable_start, 0x8048000)
                0x0000000008048074                . = (0x8048000 + SIZEOF_HEADERS)

.interp
 *(.interp)

.note.gnu.build-id
 *(.note.gnu.build-id)

.hash
 *(.hash)

.gnu.hash
 *(.gnu.hash)

.dynsym
 *(.dynsym)

.dynstr
 *(.dynstr)

.gnu.version
 *(.gnu.version)

.gnu.version_d
 *(.gnu.version_d)

.gnu.version_r
 *(.gnu.version_r)

.rel.dyn        0x0000000008048074        0x0
 *(.rel.init)
 *(.rel.text .rel.text.* .rel.gnu.linkonce.t.*)
 .rel.text      0x0000000000000000        0x0 build/main.o
 *(.rel.fini)
 *(.rel.rodata .rel.rodata.* .rel.gnu.linkonce.r.*)
 *(.rel.data.rel.ro .rel.data.rel.ro.* .rel.gnu.linkonce.d.rel.ro.*)
 *(.rel.data .rel.data.* .rel.gnu.linkonce.d.*)
 *(.rel.tdata .rel.tdata.* .rel.gnu.linkonce.td.*)
 *(.rel.tbss .rel.tbss.* .rel.gnu.linkonce.tb.*)
 *(.rel.ctors)
 *(.rel.dtors)
 *(.rel.got)
 *(.rel.bss .rel.bss.* .rel.gnu.linkonce.b.*)
 *(.rel.ifunc)

.rel.plt        0x0000000008048074        0x0
 *(.rel.plt)
                0x0000000008048074                PROVIDE (__rel_iplt_start, .)
 *(.rel.iplt)
 .rel.iplt      0x0000000000000000        0x0 build/main.o
                0x0000000008048074                PROVIDE (__rel_iplt_end, .)

.init
 *(SORT(.init))

.plt            0x0000000008048080        0x0
 *(.plt)
 *(.iplt)
 .iplt          0x0000000000000000        0x0 build/main.o

.text           0x00000000c0001500     0xb795
 *(.text.unlikely .text.*_unlikely .text.unlikely.*)
 *(.text.exit .text.exit.*)
 *(.text.startup .text.startup.*)
 *(.text.hot .text.hot.*)
 *(.text .stub .text.* .gnu.linkonce.t.*)
 .text          0x00000000c0001500       0x6d build/main.o
                0x00000000c0001500                main
                0x00000000c000152c                init
 .text          0x00000000c000156d       0x64 build/init.o
                0x00000000c000156d                init_all
 .text          0x00000000c00015d1      0x4cb build/shell.o
                0x00000000c00015d1                print_prompt
                0x00000000c000169b                my_shell
 .text          0x00000000c0001a9c      0x8be build/buildin_cmd.o
                0x00000000c0001bfe                make_clear_abs_path
                0x00000000c0001cb3                buildin_pwd
                0x00000000c0001d13                buildin_cd
                0x00000000c0001d9d                buildin_ls
                0x00000000c000215a                buildin_ps
                0x00000000c000217f                buildin_clear
                0x00000000c00021a4                buildin_mkdir
                0x00000000c0002236                buildin_rmdir
                0x00000000c00022c8                buildin_rm
 .text          0x00000000c000235a      0x293 build/stdio.o
                0x00000000c00023db                vsprintf
                0x00000000c000254d                printf
                0x00000000c00025bd                sprintf
 .text          0x00000000c00025ed      0x384 build/exec.o
                0x00000000c0002898                sys_execv
 .text          0x00000000c0002971      0x4f8 build/fork.o
                0x00000000c0002d3c                sys_fork
 .text          0x00000000c0002e69      0x36f build/wait_exit.o
                0x00000000c0003079                sys_wait
                0x00000000c0003128                sys_exit
 .text          0x00000000c00031d8      0x11f build/syscall-init.o
                0x00000000c00031d8                sys_getpid
                0x00000000c00031e9                syscall_init
 .text          0x00000000c00032f7      0x2f7 build/syscall.o
                0x00000000c00032f7                getpid
                0x00000000c000330c                write
                0x00000000c000332f                malloc
                0x00000000c000334e                free
                0x00000000c000336a                fork
                0x00000000c000337f                read
                0x00000000c00033a2                putchar
                0x00000000c00033c4                clear
                0x00000000c00033d6                getcwd
                0x00000000c00033f8                open
                0x00000000c0003420                close
                0x00000000c000343f                lseek
                0x00000000c0003468                unlink
                0x00000000c0003487                mkdir
                0x00000000c00034a6                opendir
                0x00000000c00034c5                closedir
                0x00000000c00034e4                rmdir
                0x00000000c0003503                readdir
                0x00000000c0003522                rewinddir
                0x00000000c000353e                stat
                0x00000000c0003560                chdir
                0x00000000c000357f                ps
                0x00000000c0003591                execv
                0x00000000c00035b3                wait
                0x00000000c00035d2                exit
 .text          0x00000000c00035ee     0x2014 build/fs.o
                0x00000000c000395d                filesys_init
                0x00000000c0003e40                path_parse
                0x00000000c0003e97                path_depth_cnt
                0x00000000c0004196                sys_open
                0x00000000c0004441                sys_close
                0x00000000c000449e                sys_write
                0x00000000c00045a4                sys_read
                0x00000000c0004686                sys_lseek
                0x00000000c0004770                sys_unlink
                0x00000000c0004991                sys_mkdir
                0x00000000c0004d78                sys_opendir
                0x00000000c0004e91                sys_closedir
                0x00000000c0004ebe                sys_readdir
                0x00000000c0004ef6                sys_rewinddir
                0x00000000c0004f05                sys_rmdir
                0x00000000c0005282                sys_getcwd
                0x00000000c000544b                sys_chdir
                0x00000000c00054d8                sys_stat
 .text          0x00000000c0005602     0x1362 build/file.o
                0x00000000c0005602                get_free_slot_in_global
                0x00000000c0005656                pcb_fd_install
                0x00000000c00056c0                inode_bitmap_alloc
                0x00000000c000571d                block_bitmap_alloc
                0x00000000c0005785                bitmap_sync
                0x00000000c0005805                file_create
                0x00000000c0005b3e                file_open
                0x00000000c0005c52                file_close
                0x00000000c0005c95                file_write
                0x00000000c000652f                file_read
 .text          0x00000000c0006964      0x71e build/inode.o
                0x00000000c00069f4                inode_sync
                0x00000000c0006b16                inode_open
                0x00000000c0006c77                inode_close
                0x00000000c0006cf2                inode_init
                0x00000000c0006d44                inode_delete
                0x00000000c0006e51                inode_release
 .text          0x00000000c0007082      0xe36 build/dir.o
                0x00000000c0007082                open_root_dir
                0x00000000c00070b1                dir_open
                0x00000000c00070f1                search_dir_entry
                0x00000000c00072c5                dir_close
                0x00000000c00072f7                create_dir_entry
                0x00000000c0007360                sync_dir_entry
                0x00000000c0007774                delete_dir_entry
                0x00000000c0007ba0                dir_read
                0x00000000c0007da6                dir_is_empty
                0x00000000c0007dc8                dir_remove
 .text          0x00000000c0007eb8       0x5b build/stdio-kernel.o
                0x00000000c0007eb8                printk
 .text          0x00000000c0007f13      0xd74 build/ide.o
                0x00000000c0007fb0                ide_init
                0x00000000c0008429                ide_read
                0x00000000c000858d                ide_write
                0x00000000c00086f1                intr_hd_handler
 .text          0x00000000c0008c87      0x2cc build/keyboard.o
                0x00000000c0008f19                keyboard_init
 .text          0x00000000c0008f53      0x2e4 build/ioqueue.o
                0x00000000c0008f53                ioqueue_init
                0x00000000c0008fab                ioq_full
                0x00000000c0008ff8                ioq_empty
                0x00000000c00090c4                ioq_getchar
                0x00000000c000917c                ioq_putchar
 .text          0x00000000c0009237      0x35c build/process.o
                0x00000000c0009237                start_process
                0x00000000c0009335                page_dir_activate
                0x00000000c0009369                process_activate
                0x00000000c00093b6                create_page_dir
                0x00000000c000942e                create_user_vaddr_bitmap
                0x00000000c0009479                process_execute
 .text          0x00000000c0009593       0xd0 build/console.o
                0x00000000c0009593                console_init
                0x00000000c00095ab                console_acquire
                0x00000000c00095c3                console_release
                0x00000000c00095db                console_put_str
                0x00000000c00095fb                console_put_char
                0x00000000c0009623                console_put_int
                0x00000000c0009643                sys_putchar
 .text          0x00000000c0009663      0x188 build/tss.o
                0x00000000c0009663                update_tss_esp
                0x00000000c00096e2                tss_init
 .text          0x00000000c00097eb      0x2af build/sync.o
                0x00000000c00097eb                sema_init
                0x00000000c0009813                lock_init
                0x00000000c0009842                sema_down
                0x00000000c0009917                sema_up
                0x00000000c00099c2                lock_acquire
                0x00000000c0009a38                lock_release
 .text          0x00000000c0009a9a      0xba2 build/thread.o
                0x00000000c0009ab1                get_cur_thread_pcb
                0x00000000c0009ae1                thread_create
                0x00000000c0009b51                init_thread
                0x00000000c0009c51                thread_start
                0x00000000c0009dac                schedule
                0x00000000c0009eba                thread_init
                0x00000000c0009f3c                thread_block
                0x00000000c0009f9e                thread_unblock
                0x00000000c000a097                thread_yield
                0x00000000c000a11a                fork_pid
                0x00000000c000a3c9                sys_ps
                0x00000000c000a508                thread_exit
                0x00000000c000a5fd                pid2thread
 .text          0x00000000c000a63c      0x1d4 build/list.o
                0x00000000c000a63c                list_init
                0x00000000c000a669                list_insert_before
                0x00000000c000a6ad                list_push
                0x00000000c000a6ca                list_append
                0x00000000c000a6e7                list_remove
                0x00000000c000a720                list_pop
                0x00000000c000a742                list_empty
                0x00000000c000a75b                list_len
                0x00000000c000a78f                list_traversal
                0x00000000c000a7d5                elem_find
 .text          0x00000000c000a810      0x1d5 build/timer.o
                0x00000000c000a8b2                timer_init
                0x00000000c000a99b                mtime_sleep
 .text          0x00000000c000a9e5      0x471 build/interrupt.o
                0x00000000c000ad05                idt_init
                0x00000000c000ad6f                intr_enable
                0x00000000c000ad89                intr_disable
                0x00000000c000ada3                intr_set_status
                0x00000000c000adbd                intr_get_status
                0x00000000c000ae3a                register_handler
 *fill*         0x00000000c000ae56        0xa 
 .text          0x00000000c000ae60      0x565 build/kernel.o
                0x00000000c000ae60                intr_exit
                0x00000000c000b3a1                syscall_handler
 *fill*         0x00000000c000b3c5        0xb 
 .text          0x00000000c000b3d0      0x188 build/print.o
                0x00000000c000b3d0                put_str
                0x00000000c000b3ee                put_char
                0x00000000c000b4bb                put_int
                0x00000000c000b519                cls_screen
 .text          0x00000000c000b558     0x10c3 build/memory.o
                0x00000000c000b728                block_desc_init
                0x00000000c000b7b8                mem_init
                0x00000000c000b978                pte_ptr
                0x00000000c000b99f                pde_ptr
                0x00000000c000b9fe                pfree
                0x00000000c000bb79                malloc_page
                0x00000000c000bce0                mfree_page
                0x00000000c000be9e                get_kernel_pages
                0x00000000c000bef9                get_user_pages
                0x00000000c000bf54                get_a_page
                0x00000000c000c0ae                addr_v2p
                0x00000000c000c0db                sys_malloc
                0x00000000c000c3ec                sys_free
                0x00000000c000c57b                get_a_page_without_opvaddrbitmap
                0x00000000c000c605                free_a_phy_page
 .text          0x00000000c000c61b      0x21d build/bitmap.o
                0x00000000c000c61b                bitmap_init
                0x00000000c000c63d                bitmap_test_bit
                0x00000000c000c67b                bitmap_scan
                0x00000000c000c78a                bitmap_set
 .text          0x00000000c000c838      0x3a1 build/string.o
                0x00000000c000c838                memset
                0x00000000c000c888                memcpy
                0x00000000c000c8e6                memcmp
                0x00000000c000c95a                strcpy
                0x00000000c000c9ad                strlen
                0x00000000c000c9f5                strcmp
                0x00000000c000ca62                strchr
                0x00000000c000cab7                strrchr
                0x00000000c000cb12                strcat
                0x00000000c000cb78                strchrs
 .text          0x00000000c000cbd9       0xa6 build/debug.o
                0x00000000c000cbd9                panic_spin
 *fill*         0x00000000c000cc7f        0x1 
 .text          0x00000000c000cc80       0x15 build/switch.o
                0x00000000c000cc80                switch_to
 *(.gnu.warning)

.fini
 *(SORT(.fini))
                0x00000000c000cc95                PROVIDE (__etext, .)
                0x00000000c000cc95                PROVIDE (_etext, .)
                0x00000000c000cc95                PROVIDE (etext, .)

.rodata         0x00000000c000cc98     0x28bf
 *(.rodata .rodata.* .gnu.linkonce.r.*)
 .rodata        0x00000000c000cc98       0x2d build/main.o
 .rodata        0x00000000c000ccc5       0x1a build/init.o
 *fill*         0x00000000c000ccdf        0x1 
 .rodata        0x00000000c000cce0      0x126 build/shell.o
 *fill*         0x00000000c000ce06        0x2 
 .rodata        0x00000000c000ce08      0x322 build/buildin_cmd.o
 *fill*         0x00000000c000d12a        0x2 
 .rodata        0x00000000c000d12c       0x7e build/exec.o
 *fill*         0x00000000c000d1aa        0x2 
 .rodata        0x00000000c000d1ac      0x145 build/fork.o
 *fill*         0x00000000c000d2f1        0x3 
 .rodata        0x00000000c000d2f4       0x49 build/wait_exit.o
 .rodata        0x00000000c000d33d       0x27 build/syscall-init.o
 .rodata        0x00000000c000d364      0x7df build/fs.o
 *fill*         0x00000000c000db43        0x1 
 .rodata        0x00000000c000db44      0x482 build/file.o
 *fill*         0x00000000c000dfc6        0x2 
 .rodata        0x00000000c000dfc8       0xea build/inode.o
 *fill*         0x00000000c000e0b2        0x2 
 .rodata        0x00000000c000e0b4      0x27b build/dir.o
 *fill*         0x00000000c000e32f        0x1 
 .rodata        0x00000000c000e330      0x22b build/ide.o
 .rodata        0x00000000c000e55b       0x36 build/keyboard.o
 *fill*         0x00000000c000e591        0x3 
 .rodata        0x00000000c000e594       0xa8 build/ioqueue.o
 .rodata        0x00000000c000e63c       0xe0 build/process.o
 .rodata        0x00000000c000e71c       0x27 build/tss.o
 *fill*         0x00000000c000e743        0x1 
 .rodata        0x00000000c000e744      0x121 build/sync.o
 *fill*         0x00000000c000e865        0x3 
 .rodata        0x00000000c000e868      0x3f8 build/thread.o
 .rodata        0x00000000c000ec60       0x8c build/timer.o
 .rodata        0x00000000c000ecec      0x30d build/interrupt.o
 *fill*         0x00000000c000eff9        0x3 
 .rodata        0x00000000c000effc      0x3cd build/memory.o
 *fill*         0x00000000c000f3c9        0x3 
 .rodata        0x00000000c000f3cc       0x67 build/bitmap.o
 *fill*         0x00000000c000f433        0x1 
 .rodata        0x00000000c000f434       0xe4 build/string.o
 .rodata        0x00000000c000f518       0x3f build/debug.o

.rodata1
 *(.rodata1)

.eh_frame_hdr
 *(.eh_frame_hdr)

.eh_frame       0x00000000c000f558     0x20d8
 *(.eh_frame)
 .eh_frame      0x00000000c000f558       0x5c build/main.o
 .eh_frame      0x00000000c000f5b4       0x20 build/init.o
                                         0x38 (size before relaxing)
 .eh_frame      0x00000000c000f5d4       0x7c build/shell.o
                                         0x94 (size before relaxing)
 .eh_frame      0x00000000c000f650      0x154 build/buildin_cmd.o
                                        0x16c (size before relaxing)
 .eh_frame      0x00000000c000f7a4       0x84 build/stdio.o
                                         0x9c (size before relaxing)
 .eh_frame      0x00000000c000f828       0x60 build/exec.o
                                         0x78 (size before relaxing)
 .eh_frame      0x00000000c000f888       0xc0 build/fork.o
                                         0xd8 (size before relaxing)
 .eh_frame      0x00000000c000f948       0xc0 build/wait_exit.o
                                         0xd8 (size before relaxing)
 .eh_frame      0x00000000c000fa08       0x40 build/syscall-init.o
                                         0x58 (size before relaxing)
 .eh_frame      0x00000000c000fa48      0x374 build/syscall.o
                                        0x38c (size before relaxing)
 .eh_frame      0x00000000c000fdbc      0x328 build/fs.o
                                        0x340 (size before relaxing)
 .eh_frame      0x00000000c00100e4      0x140 build/file.o
                                        0x158 (size before relaxing)
 .eh_frame      0x00000000c0010224       0xe4 build/inode.o
                                         0xfc (size before relaxing)
 .eh_frame      0x00000000c0010308      0x14c build/dir.o
                                        0x164 (size before relaxing)
 .eh_frame      0x00000000c0010454       0x24 build/stdio-kernel.o
                                         0x3c (size before relaxing)
 .eh_frame      0x00000000c0010478      0x254 build/ide.o
                                        0x26c (size before relaxing)
 .eh_frame      0x00000000c00106cc       0x60 build/keyboard.o
                                         0x78 (size before relaxing)
 .eh_frame      0x00000000c001072c      0x100 build/ioqueue.o
                                        0x118 (size before relaxing)
 .eh_frame      0x00000000c001082c       0xc0 build/process.o
                                         0xd8 (size before relaxing)
 .eh_frame      0x00000000c00108ec       0xe0 build/console.o
                                         0xf8 (size before relaxing)
 .eh_frame      0x00000000c00109cc       0x64 build/tss.o
                                         0x7c (size before relaxing)
 .eh_frame      0x00000000c0010a30       0xc8 build/sync.o
                                         0xe0 (size before relaxing)
 .eh_frame      0x00000000c0010af8      0x2c0 build/thread.o
                                        0x2d8 (size before relaxing)
 .eh_frame      0x00000000c0010db8      0x140 build/list.o
                                        0x158 (size before relaxing)
 .eh_frame      0x00000000c0010ef8       0xcc build/timer.o
                                         0xe4 (size before relaxing)
 .eh_frame      0x00000000c0010fc4      0x1a8 build/interrupt.o
                                        0x1c0 (size before relaxing)
 .eh_frame      0x00000000c001116c      0x2e0 build/memory.o
                                        0x2f8 (size before relaxing)
 .eh_frame      0x00000000c001144c       0x88 build/bitmap.o
                                         0xa0 (size before relaxing)
 .eh_frame      0x00000000c00114d4      0x140 build/string.o
                                        0x158 (size before relaxing)
 .eh_frame      0x00000000c0011614       0x1c build/debug.o
                                         0x34 (size before relaxing)

.gcc_except_table
 *(.gcc_except_table .gcc_except_table.*)

.exception_ranges
 *(.exception_ranges .exception_ranges*)
                0x00000000c0011630                . = (ALIGN (0x1000) - ((0x1000 - .) & 0xfff))
                0x00000000c0012630                . = DATA_SEGMENT_ALIGN (0x1000, 0x1000)

.eh_frame
 *(.eh_frame)

.gcc_except_table
 *(.gcc_except_table .gcc_except_table.*)

.exception_ranges
 *(.exception_ranges .exception_ranges*)

.tdata
 *(.tdata .tdata.* .gnu.linkonce.td.*)

.tbss
 *(.tbss .tbss.* .gnu.linkonce.tb.*)
 *(.tcommon)

.preinit_array  0x00000000c0012630        0x0
                0x00000000c0012630                PROVIDE (__preinit_array_start, .)
 *(.preinit_array)
                0x00000000c0012630                PROVIDE (__preinit_array_end, .)

.init_array     0x00000000c0012630        0x0
                0x00000000c0012630                PROVIDE (__init_array_start, .)
 *(SORT(.init_array.*))
 *(.init_array)
                0x00000000c0012630                PROVIDE (__init_array_end, .)

.fini_array     0x00000000c0012630        0x0
                0x00000000c0012630                PROVIDE (__fini_array_start, .)
 *(SORT(.fini_array.*))
 *(.fini_array)
                0x00000000c0012630                PROVIDE (__fini_array_end, .)

.ctors
 *crtbegin.o(.ctors)
 *crtbegin?.o(.ctors)
 *(EXCLUDE_FILE(*crtend?.o *crtend.o) .ctors)
 *(SORT(.ctors.*))
 *(.ctors)

.dtors
 *crtbegin.o(.dtors)
 *crtbegin?.o(.dtors)
 *(EXCLUDE_FILE(*crtend?.o *crtend.o) .dtors)
 *(SORT(.dtors.*))
 *(.dtors)

.jcr
 *(.jcr)

.data.rel.ro
 *(.data.rel.ro.local* .gnu.linkonce.d.rel.ro.local.*)
 *(.data.rel.ro .data.rel.ro.* .gnu.linkonce.d.rel.ro.*)

.dynamic
 *(.dynamic)

.got
 *(.got)
 *(.igot)
                0x00000000c0012630                . = DATA_SEGMENT_RELRO_END (., (SIZEOF (.got.plt) >= 0xc)?0xc:0x0)

.got.plt        0x00000000c0012630        0x0
 *(.got.plt)
 *(.igot.plt)
 .igot.plt      0x0000000000000000        0x0 build/main.o

.data           0x00000000c0012640      0x160
 *(.data .data.* .gnu.linkonce.d.*)
 .data          0x00000000c0012640        0x0 build/main.o
 .data          0x00000000c0012640        0x0 build/init.o
 .data          0x00000000c0012640        0x4 build/shell.o
                0x00000000c0012640                argc
 .data          0x00000000c0012644        0x0 build/buildin_cmd.o
 .data          0x00000000c0012644        0x0 build/stdio.o
 .data          0x00000000c0012644        0x0 build/exec.o
 .data          0x00000000c0012644        0x0 build/fork.o
 .data          0x00000000c0012644        0x0 build/wait_exit.o
 .data          0x00000000c0012644        0x0 build/syscall-init.o
 .data          0x00000000c0012644        0x0 build/syscall.o
 .data          0x00000000c0012644        0x0 build/fs.o
 .data          0x00000000c0012644        0x0 build/file.o
 .data          0x00000000c0012644        0x0 build/inode.o
 .data          0x00000000c0012644        0x0 build/dir.o
 .data          0x00000000c0012644        0x0 build/stdio-kernel.o
 .data          0x00000000c0012644        0x0 build/ide.o
 *fill*         0x00000000c0012644       0x1c 
 .data          0x00000000c0012660       0x76 build/keyboard.o
 .data          0x00000000c00126d6        0x0 build/ioqueue.o
 .data          0x00000000c00126d6        0x0 build/process.o
 .data          0x00000000c00126d6        0x0 build/console.o
 .data          0x00000000c00126d6        0x0 build/tss.o
 .data          0x00000000c00126d6        0x0 build/sync.o
 .data          0x00000000c00126d6        0x0 build/thread.o
 .data          0x00000000c00126d6        0x0 build/list.o
 .data          0x00000000c00126d6        0x0 build/timer.o
 .data          0x00000000c00126d6        0x0 build/interrupt.o
 *fill*         0x00000000c00126d6        0x2 
 .data          0x00000000c00126d8       0xc0 build/kernel.o
                0x00000000c00126d8                intr_entry_table
 .data          0x00000000c0012798        0x8 build/print.o
 .data          0x00000000c00127a0        0x0 build/memory.o
 .data          0x00000000c00127a0        0x0 build/bitmap.o
 .data          0x00000000c00127a0        0x0 build/string.o
 .data          0x00000000c00127a0        0x0 build/debug.o

.data1
 *(.data1)
                0x00000000c00127a0                _edata = .
                0x00000000c00127a0                PROVIDE (edata, .)
                0x00000000c00127a0                . = .
                0x00000000c00127a0                __bss_start = .

.bss            0x00000000c00127a0     0x214c
 *(.dynbss)
 *(.bss .bss.* .gnu.linkonce.b.*)
 .bss           0x00000000c00127a0        0x0 build/main.o
 .bss           0x00000000c00127a0        0x4 build/init.o
                0x00000000c00127a0                init_done
 *fill*         0x00000000c00127a4       0x1c 
 .bss           0x00000000c00127c0      0x440 build/shell.o
                0x00000000c00127c0                final_path
                0x00000000c00129c0                cwd_cache
 .bss           0x00000000c0012c00        0x0 build/buildin_cmd.o
 .bss           0x00000000c0012c00        0x0 build/stdio.o
 .bss           0x00000000c0012c00        0x0 build/exec.o
 .bss           0x00000000c0012c00        0x0 build/fork.o
 .bss           0x00000000c0012c00        0x0 build/wait_exit.o
 .bss           0x00000000c0012c00        0x0 build/syscall-init.o
 .bss           0x00000000c0012c00        0x0 build/syscall.o
 .bss           0x00000000c0012c00        0x0 build/fs.o
 .bss           0x00000000c0012c00        0x0 build/file.o
 .bss           0x00000000c0012c00        0x0 build/inode.o
 .bss           0x00000000c0012c00        0x0 build/dir.o
 .bss           0x00000000c0012c00        0x0 build/stdio-kernel.o
 .bss           0x00000000c0012c00        0x6 build/ide.o
                0x00000000c0012c00                ext_lba_base
                0x00000000c0012c04                p_no
                0x00000000c0012c05                l_no
 *fill*         0x00000000c0012c06        0x2 
 .bss           0x00000000c0012c08       0x14 build/keyboard.o
 .bss           0x00000000c0012c1c        0x0 build/ioqueue.o
 .bss           0x00000000c0012c1c        0x0 build/process.o
 .bss           0x00000000c0012c1c       0x1c build/console.o
 *fill*         0x00000000c0012c38        0x8 
 .bss           0x00000000c0012c40       0x6c build/tss.o
 .bss           0x00000000c0012cac        0x0 build/sync.o
 *fill*         0x00000000c0012cac       0x14 
 .bss           0x00000000c0012cc0       0x80 build/thread.o
                0x00000000c0012cc0                pid_bitmap_bits
 .bss           0x00000000c0012d40        0x0 build/list.o
 .bss           0x00000000c0012d40        0x0 build/timer.o
 .bss           0x00000000c0012d40      0x408 build/interrupt.o
 .bss           0x00000000c0013148        0x0 build/memory.o
 .bss           0x00000000c0013148        0x0 build/bitmap.o
 .bss           0x00000000c0013148        0x0 build/string.o
 .bss           0x00000000c0013148        0x0 build/debug.o
 *(COMMON)
 COMMON         0x00000000c0013148       0x14 build/shell.o
                0x00000000c0013148                argv
 *fill*         0x00000000c001315c        0x4 
 COMMON         0x00000000c0013160       0x80 build/syscall-init.o
                0x00000000c0013160                syscall_table
 COMMON         0x00000000c00131e0        0x4 build/fs.o
                0x00000000c00131e0                cur_part
 *fill*         0x00000000c00131e4       0x1c 
 COMMON         0x00000000c0013200      0x180 build/file.o
                0x00000000c0013200                file_table
 COMMON         0x00000000c0013380      0x208 build/dir.o
                0x00000000c0013380                root_dir
 *fill*         0x00000000c0013588       0x18 
 COMMON         0x00000000c00135a0      0xcf0 build/ide.o
                0x00000000c00135a0                channel_cnt
                0x00000000c00135c0                channels
                0x00000000c0014280                partition_list
 *fill*         0x00000000c0014290       0x10 
 COMMON         0x00000000c00142a0       0x6c build/keyboard.o
                0x00000000c00142a0                kbd_buf
 *fill*         0x00000000c001430c       0x14 
 COMMON         0x00000000c0014320       0x50 build/thread.o
                0x00000000c0014320                pid_pool
                0x00000000c0014348                thread_ready_list
                0x00000000c0014358                thread_all_list
                0x00000000c0014368                idle_thread
                0x00000000c001436c                main_thread
 COMMON         0x00000000c0014370        0x4 build/timer.o
                0x00000000c0014370                total_ticks
 *fill*         0x00000000c0014374        0xc 
 COMMON         0x00000000c0014380      0x424 build/interrupt.o
                0x00000000c0014380                intr_name
                0x00000000c00145a0                idt_table
 *fill*         0x00000000c00147a4       0x1c 
 COMMON         0x00000000c00147c0      0x12c build/memory.o
                0x00000000c00147c0                k_block_desc
                0x00000000c0014868                k_v_pool
                0x00000000c0014880                k_p_pool
                0x00000000c00148c0                u_p_pool
                0x00000000c00148ec                . = ALIGN ((. != 0x0)?0x4:0x1)
                0x00000000c00148ec                . = ALIGN (0x4)
                0x00000000c00148ec                . = SEGMENT_START ("ldata-segment", .)
                0x00000000c00148ec                . = ALIGN (0x4)
                0x00000000c00148ec                _end = .
                0x00000000c00148ec                PROVIDE (end, .)
                0x00000000c00148ec                . = DATA_SEGMENT_END (.)

.stab
 *(.stab)

.stabstr
 *(.stabstr)

.stab.excl
 *(.stab.excl)

.stab.exclstr
 *(.stab.exclstr)

.stab.index
 *(.stab.index)

.stab.indexstr
 *(.stab.indexstr)

.comment        0x0000000000000000       0x11
 *(.comment)
 .comment       0x0000000000000000       0x11 build/main.o
                                         0x12 (size before relaxing)
 .comment       0x0000000000000000       0x12 build/init.o
 .comment       0x0000000000000000       0x12 build/shell.o
 .comment       0x0000000000000000       0x12 build/buildin_cmd.o
 .comment       0x0000000000000000       0x12 build/stdio.o
 .comment       0x0000000000000000       0x12 build/exec.o
 .comment       0x0000000000000000       0x12 build/fork.o
 .comment       0x0000000000000000       0x12 build/wait_exit.o
 .comment       0x0000000000000000       0x12 build/syscall-init.o
 .comment       0x0000000000000000       0x12 build/syscall.o
 .comment       0x0000000000000000       0x12 build/fs.o
 .comment       0x0000000000000000       0x12 build/file.o
 .comment       0x0000000000000000       0x12 build/inode.o
 .comment       0x0000000000000000       0x12 build/dir.o
 .comment       0x0000000000000000       0x12 build/stdio-kernel.o
 .comment       0x0000000000000000       0x12 build/ide.o
 .comment       0x0000000000000000       0x12 build/keyboard.o
 .comment       0x0000000000000000       0x12 build/ioqueue.o
 .comment       0x0000000000000000       0x12 build/process.o
 .comment       0x0000000000000000       0x12 build/console.o
 .comment       0x0000000000000000       0x12 build/tss.o
 .comment       0x0000000000000000       0x12 build/sync.o
 .comment       0x0000000000000000       0x12 build/thread.o
 .comment       0x0000000000000000       0x12 build/list.o
 .comment       0x0000000000000000       0x12 build/timer.o
 .comment       0x0000000000000000       0x12 build/interrupt.o
 .comment       0x0000000000000000       0x12 build/memory.o
 .comment       0x0000000000000000       0x12 build/bitmap.o
 .comment       0x0000000000000000       0x12 build/string.o
 .comment       0x0000000000000000       0x12 build/debug.o

.debug
 *(.debug)

.line
 *(.line)

.debug_srcinfo
 *(.debug_srcinfo)

.debug_sfnames
 *(.debug_sfnames)

.debug_aranges
 *(.debug_aranges)

.debug_pubnames
 *(.debug_pubnames)

.debug_info
 *(.debug_info .gnu.linkonce.wi.*)

.debug_abbrev
 *(.debug_abbrev)

.debug_line
 *(.debug_line .debug_line.* .debug_line_end)

.debug_frame
 *(.debug_frame)

.debug_str
 *(.debug_str)

.debug_loc
 *(.debug_loc)

.debug_macinfo
 *(.debug_macinfo)

.debug_weaknames
 *(.debug_weaknames)

.debug_funcnames
 *(.debug_funcnames)

.debug_typenames
 *(.debug_typenames)

.debug_varnames
 *(.debug_varnames)

.debug_pubtypes
 *(.debug_pubtypes)

.debug_ranges
 *(.debug_ranges)

.debug_macro
 *(.debug_macro)

.gnu.attributes
 *(.gnu.attributes)

/DISCARD/
 *(.note.GNU-stack)
 *(.gnu_debuglink)
 *(.gnu.lto_*)
OUTPUT(build/kernel.bin elf32-i386)
