
Allocating common symbols
Common symbol       size              file

thread_ready_list   0x10              build/thread.o
thread_all_list     0x10              build/thread.o
k_v_pool            0xc               build/memory.o
intr_name           0x84              build/interrupt.o
main_thread         0x4               build/thread.o
total_ticks         0x4               build/timer.o
k_p_pool            0x10              build/memory.o
u_p_pool            0x10              build/memory.o
idt_table           0x84              build/interrupt.o

Memory Configuration

Name             Origin             Length             Attributes
*default*        0x0000000000000000 0xffffffffffffffff

Linker script and memory map

Address of section .text set to 0xc0001500
LOAD build/main.o
LOAD build/init.o
LOAD build/thread.o
LOAD build/list.o
LOAD build/timer.o
LOAD build/interrupt.o
LOAD build/kernel.o
LOAD build/print.o
LOAD build/memory.o
LOAD build/bitmap.o
LOAD build/string.o
LOAD build/debug.o
LOAD build/switch.o
                0x0000000008048000                PROVIDE (__executable_start, 0x8048000)
                0x0000000008048074                . = (0x8048000 + SIZEOF_HEADERS)

.interp
 *(.interp)

.note.gnu.build-id
 *(.note.gnu.build-id)

.hash
 *(.hash)

.gnu.hash
 *(.gnu.hash)

.dynsym
 *(.dynsym)

.dynstr
 *(.dynstr)

.gnu.version
 *(.gnu.version)

.gnu.version_d
 *(.gnu.version_d)

.gnu.version_r
 *(.gnu.version_r)

.rel.dyn        0x0000000008048074        0x0
 *(.rel.init)
 *(.rel.text .rel.text.* .rel.gnu.linkonce.t.*)
 .rel.text      0x0000000000000000        0x0 build/main.o
 *(.rel.fini)
 *(.rel.rodata .rel.rodata.* .rel.gnu.linkonce.r.*)
 *(.rel.data.rel.ro .rel.data.rel.ro.* .rel.gnu.linkonce.d.rel.ro.*)
 *(.rel.data .rel.data.* .rel.gnu.linkonce.d.*)
 *(.rel.tdata .rel.tdata.* .rel.gnu.linkonce.td.*)
 *(.rel.tbss .rel.tbss.* .rel.gnu.linkonce.tb.*)
 *(.rel.ctors)
 *(.rel.dtors)
 *(.rel.got)
 *(.rel.bss .rel.bss.* .rel.gnu.linkonce.b.*)
 *(.rel.ifunc)

.rel.plt        0x0000000008048074        0x0
 *(.rel.plt)
                0x0000000008048074                PROVIDE (__rel_iplt_start, .)
 *(.rel.iplt)
 .rel.iplt      0x0000000000000000        0x0 build/main.o
                0x0000000008048074                PROVIDE (__rel_iplt_end, .)

.init
 *(SORT(.init))

.plt            0x0000000008048080        0x0
 *(.plt)
 *(.iplt)
 .iplt          0x0000000000000000        0x0 build/main.o

.text           0x00000000c0001500     0x1c65
 *(.text.unlikely .text.*_unlikely .text.unlikely.*)
 *(.text.exit .text.exit.*)
 *(.text.startup .text.startup.*)
 *(.text.hot .text.hot.*)
 *(.text .stub .text.* .gnu.linkonce.t.*)
 .text          0x00000000c0001500       0x97 build/main.o
                0x00000000c0001500                main
                0x00000000c000155f                k_thread_a
                0x00000000c000157b                k_thread_b
 .text          0x00000000c0001597       0x3c build/init.o
                0x00000000c0001597                init_all
 .text          0x00000000c00015d3      0x3d3 build/thread.o
                0x00000000c00015d3                get_cur_thread_pcb
                0x00000000c0001603                thread_create
                0x00000000c0001673                init_thread
                0x00000000c0001705                thread_start
                0x00000000c0001857                schedule
                0x00000000c0001959                thread_init
 .text          0x00000000c00019a6      0x1d4 build/list.o
                0x00000000c00019a6                list_init
                0x00000000c00019d3                list_insert_before
                0x00000000c0001a17                list_push
                0x00000000c0001a34                list_append
                0x00000000c0001a51                list_remove
                0x00000000c0001a8a                list_pop
                0x00000000c0001aac                list_empty
                0x00000000c0001ac5                list_len
                0x00000000c0001af9                list_traversal
                0x00000000c0001b3f                elem_find
 .text          0x00000000c0001b7a      0x164 build/timer.o
                0x00000000c0001c1c                timer_init
 .text          0x00000000c0001cde      0x447 build/interrupt.o
                0x00000000c0001fe1                idt_init
                0x00000000c000204b                intr_enable
                0x00000000c0002065                intr_disable
                0x00000000c000207f                intr_set_status
                0x00000000c000208c                intr_get_status
                0x00000000c0002109                register_handler
 *fill*         0x00000000c0002125        0xb 
 .text          0x00000000c0002130      0x39d build/kernel.o
                0x00000000c0002130                intr_exit
 *fill*         0x00000000c00024cd        0x3 
 .text          0x00000000c00024d0      0x149 build/print.o
                0x00000000c00024d0                put_str
                0x00000000c00024ee                put_char
                0x00000000c00025bb                put_int
 .text          0x00000000c0002619      0x4d6 build/memory.o
                0x00000000c00027c9                mem_init
                0x00000000c00028a8                pte_ptr
                0x00000000c00028cf                pde_ptr
                0x00000000c00029f6                malloc_page
                0x00000000c0002ab4                get_kernel_pages
 .text          0x00000000c0002aef      0x21d build/bitmap.o
                0x00000000c0002aef                bitmap_init
                0x00000000c0002b11                bitmap_test_bit
                0x00000000c0002b4f                bitmap_scan
                0x00000000c0002c5e                bitmap_set
 .text          0x00000000c0002d0c      0x39b build/string.o
                0x00000000c0002d0c                memset
                0x00000000c0002d5c                memcpy
                0x00000000c0002db4                memcmp
                0x00000000c0002e28                strcpy
                0x00000000c0002e7b                strlen
                0x00000000c0002ec3                strcmp
                0x00000000c0002f30                strchr
                0x00000000c0002f85                strrchr
                0x00000000c0002fe0                strcat
                0x00000000c0003046                strchrs
 .text          0x00000000c00030a7       0xa6 build/debug.o
                0x00000000c00030a7                panic_spin
 *fill*         0x00000000c000314d        0x3 
 .text          0x00000000c0003150       0x15 build/switch.o
                0x00000000c0003150                switch_to
 *(.gnu.warning)

.fini
 *(SORT(.fini))
                0x00000000c0003165                PROVIDE (__etext, .)
                0x00000000c0003165                PROVIDE (_etext, .)
                0x00000000c0003165                PROVIDE (etext, .)

.rodata         0x00000000c0003168      0x84f
 *(.rodata .rodata.* .gnu.linkonce.r.*)
 .rodata        0x00000000c0003168       0x28 build/main.o
 .rodata        0x00000000c0003190       0x19 build/init.o
 *fill*         0x00000000c00031a9        0x3 
 .rodata        0x00000000c00031ac      0x185 build/thread.o
 *fill*         0x00000000c0003331        0x3 
 .rodata        0x00000000c0003334       0x6f build/timer.o
 *fill*         0x00000000c00033a3        0x1 
 .rodata        0x00000000c00033a4      0x30d build/interrupt.o
 *fill*         0x00000000c00036b1        0x3 
 .rodata        0x00000000c00036b4      0x178 build/memory.o
 .rodata        0x00000000c000382c       0x67 build/bitmap.o
 *fill*         0x00000000c0003893        0x1 
 .rodata        0x00000000c0003894       0xe4 build/string.o
 .rodata        0x00000000c0003978       0x3f build/debug.o

.rodata1
 *(.rodata1)

.eh_frame_hdr
 *(.eh_frame_hdr)

.eh_frame       0x00000000c00039b8      0x80c
 *(.eh_frame)
 .eh_frame      0x00000000c00039b8       0x74 build/main.o
 .eh_frame      0x00000000c0003a2c       0x20 build/init.o
                                         0x38 (size before relaxing)
 .eh_frame      0x00000000c0003a4c      0x100 build/thread.o
                                        0x118 (size before relaxing)
 .eh_frame      0x00000000c0003b4c      0x140 build/list.o
                                        0x158 (size before relaxing)
 .eh_frame      0x00000000c0003c8c       0x8c build/timer.o
                                         0xa4 (size before relaxing)
 .eh_frame      0x00000000c0003d18      0x1a8 build/interrupt.o
                                        0x1c0 (size before relaxing)
 .eh_frame      0x00000000c0003ec0      0x120 build/memory.o
                                        0x138 (size before relaxing)
 .eh_frame      0x00000000c0003fe0       0x88 build/bitmap.o
                                         0xa0 (size before relaxing)
 .eh_frame      0x00000000c0004068      0x140 build/string.o
                                        0x158 (size before relaxing)
 .eh_frame      0x00000000c00041a8       0x1c build/debug.o
                                         0x34 (size before relaxing)

.gcc_except_table
 *(.gcc_except_table .gcc_except_table.*)

.exception_ranges
 *(.exception_ranges .exception_ranges*)
                0x00000000c00041c4                . = (ALIGN (0x1000) - ((0x1000 - .) & 0xfff))
                0x00000000c00051c4                . = DATA_SEGMENT_ALIGN (0x1000, 0x1000)

.eh_frame
 *(.eh_frame)

.gcc_except_table
 *(.gcc_except_table .gcc_except_table.*)

.exception_ranges
 *(.exception_ranges .exception_ranges*)

.tdata
 *(.tdata .tdata.* .gnu.linkonce.td.*)

.tbss
 *(.tbss .tbss.* .gnu.linkonce.tb.*)
 *(.tcommon)

.preinit_array  0x00000000c00051c4        0x0
                0x00000000c00051c4                PROVIDE (__preinit_array_start, .)
 *(.preinit_array)
                0x00000000c00051c4                PROVIDE (__preinit_array_end, .)

.init_array     0x00000000c00051c4        0x0
                0x00000000c00051c4                PROVIDE (__init_array_start, .)
 *(SORT(.init_array.*))
 *(.init_array)
                0x00000000c00051c4                PROVIDE (__init_array_end, .)

.fini_array     0x00000000c00051c4        0x0
                0x00000000c00051c4                PROVIDE (__fini_array_start, .)
 *(SORT(.fini_array.*))
 *(.fini_array)
                0x00000000c00051c4                PROVIDE (__fini_array_end, .)

.ctors
 *crtbegin.o(.ctors)
 *crtbegin?.o(.ctors)
 *(EXCLUDE_FILE(*crtend?.o *crtend.o) .ctors)
 *(SORT(.ctors.*))
 *(.ctors)

.dtors
 *crtbegin.o(.dtors)
 *crtbegin?.o(.dtors)
 *(EXCLUDE_FILE(*crtend?.o *crtend.o) .dtors)
 *(SORT(.dtors.*))
 *(.dtors)

.jcr
 *(.jcr)

.data.rel.ro
 *(.data.rel.ro.local* .gnu.linkonce.d.rel.ro.local.*)
 *(.data.rel.ro .data.rel.ro.* .gnu.linkonce.d.rel.ro.*)

.dynamic
 *(.dynamic)

.got
 *(.got)
 *(.igot)
                0x00000000c00051c4                . = DATA_SEGMENT_RELRO_END (., (SIZEOF (.got.plt) >= 0xc)?0xc:0x0)

.got.plt        0x00000000c00051c4        0x0
 *(.got.plt)
 *(.igot.plt)
 .igot.plt      0x0000000000000000        0x0 build/main.o

.data           0x00000000c00051c4       0x8c
 *(.data .data.* .gnu.linkonce.d.*)
 .data          0x00000000c00051c4        0x0 build/main.o
 .data          0x00000000c00051c4        0x0 build/init.o
 .data          0x00000000c00051c4        0x0 build/thread.o
 .data          0x00000000c00051c4        0x0 build/list.o
 .data          0x00000000c00051c4        0x0 build/timer.o
 .data          0x00000000c00051c4        0x0 build/interrupt.o
 .data          0x00000000c00051c4       0x84 build/kernel.o
                0x00000000c00051c4                intr_entry_table
 .data          0x00000000c0005248        0x8 build/print.o
 .data          0x00000000c0005250        0x0 build/memory.o
 .data          0x00000000c0005250        0x0 build/bitmap.o
 .data          0x00000000c0005250        0x0 build/string.o
 .data          0x00000000c0005250        0x0 build/debug.o

.data1
 *(.data1)
                0x00000000c0005250                _edata = .
                0x00000000c0005250                PROVIDE (edata, .)
                0x00000000c0005250                . = .
                0x00000000c0005250                __bss_start = .

.bss            0x00000000c0005260      0x290
 *(.dynbss)
 *(.bss .bss.* .gnu.linkonce.b.*)
 .bss           0x00000000c0005260        0x0 build/main.o
 .bss           0x00000000c0005260        0x0 build/init.o
 .bss           0x00000000c0005260        0x0 build/thread.o
 .bss           0x00000000c0005260        0x0 build/list.o
 .bss           0x00000000c0005260        0x0 build/timer.o
 .bss           0x00000000c0005260      0x108 build/interrupt.o
 .bss           0x00000000c0005368        0x0 build/memory.o
 .bss           0x00000000c0005368        0x0 build/bitmap.o
 .bss           0x00000000c0005368        0x0 build/string.o
 .bss           0x00000000c0005368        0x0 build/debug.o
 *(COMMON)
 COMMON         0x00000000c0005368       0x24 build/thread.o
                0x00000000c0005368                thread_ready_list
                0x00000000c0005378                thread_all_list
                0x00000000c0005388                main_thread
 COMMON         0x00000000c000538c        0x4 build/timer.o
                0x00000000c000538c                total_ticks
 *fill*         0x00000000c0005390       0x10 
 COMMON         0x00000000c00053a0      0x124 build/interrupt.o
                0x00000000c00053a0                intr_name
                0x00000000c0005440                idt_table
 COMMON         0x00000000c00054c4       0x2c build/memory.o
                0x00000000c00054c4                k_v_pool
                0x00000000c00054d0                k_p_pool
                0x00000000c00054e0                u_p_pool
                0x00000000c00054f0                . = ALIGN ((. != 0x0)?0x4:0x1)
                0x00000000c00054f0                . = ALIGN (0x4)
                0x00000000c00054f0                . = SEGMENT_START ("ldata-segment", .)
                0x00000000c00054f0                . = ALIGN (0x4)
                0x00000000c00054f0                _end = .
                0x00000000c00054f0                PROVIDE (end, .)
                0x00000000c00054f0                . = DATA_SEGMENT_END (.)

.stab
 *(.stab)

.stabstr
 *(.stabstr)

.stab.excl
 *(.stab.excl)

.stab.exclstr
 *(.stab.exclstr)

.stab.index
 *(.stab.index)

.stab.indexstr
 *(.stab.indexstr)

.comment        0x0000000000000000       0x11
 *(.comment)
 .comment       0x0000000000000000       0x11 build/main.o
                                         0x12 (size before relaxing)
 .comment       0x0000000000000000       0x12 build/init.o
 .comment       0x0000000000000000       0x12 build/thread.o
 .comment       0x0000000000000000       0x12 build/list.o
 .comment       0x0000000000000000       0x12 build/timer.o
 .comment       0x0000000000000000       0x12 build/interrupt.o
 .comment       0x0000000000000000       0x12 build/memory.o
 .comment       0x0000000000000000       0x12 build/bitmap.o
 .comment       0x0000000000000000       0x12 build/string.o
 .comment       0x0000000000000000       0x12 build/debug.o

.debug
 *(.debug)

.line
 *(.line)

.debug_srcinfo
 *(.debug_srcinfo)

.debug_sfnames
 *(.debug_sfnames)

.debug_aranges
 *(.debug_aranges)

.debug_pubnames
 *(.debug_pubnames)

.debug_info
 *(.debug_info .gnu.linkonce.wi.*)

.debug_abbrev
 *(.debug_abbrev)

.debug_line
 *(.debug_line .debug_line.* .debug_line_end)

.debug_frame
 *(.debug_frame)

.debug_str
 *(.debug_str)

.debug_loc
 *(.debug_loc)

.debug_macinfo
 *(.debug_macinfo)

.debug_weaknames
 *(.debug_weaknames)

.debug_funcnames
 *(.debug_funcnames)

.debug_typenames
 *(.debug_typenames)

.debug_varnames
 *(.debug_varnames)

.debug_pubtypes
 *(.debug_pubtypes)

.debug_ranges
 *(.debug_ranges)

.debug_macro
 *(.debug_macro)

.gnu.attributes
 *(.gnu.attributes)

/DISCARD/
 *(.note.GNU-stack)
 *(.gnu_debuglink)
 *(.gnu.lto_*)
OUTPUT(build/kernel.bin elf32-i386)
