
Allocating common symbols
Common symbol       size              file

kbd_buf             0x6c              build/keyboard.o
thread_ready_list   0x10              build/thread.o
thread_all_list     0x10              build/thread.o
k_block_desc        0xa8              build/memory.o
k_v_pool            0xc               build/memory.o
intr_name           0x204             build/interrupt.o
main_thread         0x4               build/thread.o
syscall_table       0x80              build/syscall-init.o
total_ticks         0x4               build/timer.o
k_p_pool            0x2c              build/memory.o
u_p_pool            0x2c              build/memory.o
idt_table           0x204             build/interrupt.o
pid_lock            0x1c              build/thread.o

Memory Configuration

Name             Origin             Length             Attributes
*default*        0x0000000000000000 0xffffffffffffffff

Linker script and memory map

Address of section .text set to 0xc0001500
LOAD build/main.o
LOAD build/init.o
LOAD build/stdio.o
LOAD build/syscall-init.o
LOAD build/syscall.o
LOAD build/keyboard.o
LOAD build/ioqueue.o
LOAD build/process.o
LOAD build/console.o
LOAD build/tss.o
LOAD build/sync.o
LOAD build/thread.o
LOAD build/list.o
LOAD build/timer.o
LOAD build/interrupt.o
LOAD build/kernel.o
LOAD build/print.o
LOAD build/memory.o
LOAD build/bitmap.o
LOAD build/string.o
LOAD build/debug.o
LOAD build/switch.o
                0x0000000008048000                PROVIDE (__executable_start, 0x8048000)
                0x0000000008048074                . = (0x8048000 + SIZEOF_HEADERS)

.interp
 *(.interp)

.note.gnu.build-id
 *(.note.gnu.build-id)

.hash
 *(.hash)

.gnu.hash
 *(.gnu.hash)

.dynsym
 *(.dynsym)

.dynstr
 *(.dynstr)

.gnu.version
 *(.gnu.version)

.gnu.version_d
 *(.gnu.version_d)

.gnu.version_r
 *(.gnu.version_r)

.rel.dyn        0x0000000008048074        0x0
 *(.rel.init)
 *(.rel.text .rel.text.* .rel.gnu.linkonce.t.*)
 .rel.text      0x0000000000000000        0x0 build/main.o
 *(.rel.fini)
 *(.rel.rodata .rel.rodata.* .rel.gnu.linkonce.r.*)
 *(.rel.data.rel.ro .rel.data.rel.ro.* .rel.gnu.linkonce.d.rel.ro.*)
 *(.rel.data .rel.data.* .rel.gnu.linkonce.d.*)
 *(.rel.tdata .rel.tdata.* .rel.gnu.linkonce.td.*)
 *(.rel.tbss .rel.tbss.* .rel.gnu.linkonce.tb.*)
 *(.rel.ctors)
 *(.rel.dtors)
 *(.rel.got)
 *(.rel.bss .rel.bss.* .rel.gnu.linkonce.b.*)
 *(.rel.ifunc)

.rel.plt        0x0000000008048074        0x0
 *(.rel.plt)
                0x0000000008048074                PROVIDE (__rel_iplt_start, .)
 *(.rel.iplt)
 .rel.iplt      0x0000000000000000        0x0 build/main.o
                0x0000000008048074                PROVIDE (__rel_iplt_end, .)

.init
 *(SORT(.init))

.plt            0x0000000008048080        0x0
 *(.plt)
 *(.iplt)
 .iplt          0x0000000000000000        0x0 build/main.o

.text           0x00000000c0001500     0x3f85
 *(.text.unlikely .text.*_unlikely .text.unlikely.*)
 *(.text.exit .text.exit.*)
 *(.text.startup .text.startup.*)
 *(.text.hot .text.hot.*)
 *(.text .stub .text.* .gnu.linkonce.t.*)
 .text          0x00000000c0001500      0x327 build/main.o
                0x00000000c0001500                main
                0x00000000c0001579                k_thread_a
                0x00000000c000164c                k_thread_b
                0x00000000c000171f                u_prog_a
                0x00000000c00017a3                u_prog_b
 .text          0x00000000c0001827       0x50 build/init.o
                0x00000000c0001827                init_all
 .text          0x00000000c0001877      0x27e build/stdio.o
                0x00000000c00018f8                vsprintf
                0x00000000c0001a6a                printf
                0x00000000c0001ac5                sprintf
 .text          0x00000000c0001af5       0x85 build/syscall-init.o
                0x00000000c0001af5                sys_getpid
                0x00000000c0001b06                sys_write
                0x00000000c0001b2a                syscall_init
 .text          0x00000000c0001b7a       0x6f build/syscall.o
                0x00000000c0001b7a                getpid
                0x00000000c0001b8f                write
                0x00000000c0001bae                malloc
                0x00000000c0001bcd                free
 .text          0x00000000c0001be9      0x2cc build/keyboard.o
                0x00000000c0001e7b                keyboard_init
 .text          0x00000000c0001eb5      0x2e4 build/ioqueue.o
                0x00000000c0001eb5                ioqueue_init
                0x00000000c0001f0d                ioq_full
                0x00000000c0001f5a                ioq_empty
                0x00000000c0002026                ioq_getchar
                0x00000000c00020de                ioq_putchar
 .text          0x00000000c0002199      0x35c build/process.o
                0x00000000c0002199                start_process
                0x00000000c0002297                page_dir_activate
                0x00000000c00022cb                process_activate
                0x00000000c0002318                create_page_dir
                0x00000000c0002390                create_user_vaddr_bitmap
                0x00000000c00023db                process_execute
 .text          0x00000000c00024f5       0xb0 build/console.o
                0x00000000c00024f5                console_init
                0x00000000c000250d                console_acquire
                0x00000000c0002525                console_release
                0x00000000c000253d                console_put_str
                0x00000000c000255d                console_put_char
                0x00000000c0002585                console_put_int
 .text          0x00000000c00025a5      0x188 build/tss.o
                0x00000000c00025a5                update_tss_esp
                0x00000000c0002624                tss_init
 .text          0x00000000c000272d      0x2af build/sync.o
                0x00000000c0002755                lock_init
                0x00000000c0002904                lock_acquire
                0x00000000c000297a                lock_release
 .text          0x00000000c00029dc      0x59f build/thread.o
                0x00000000c00029dc                get_cur_thread_pcb
                0x00000000c0002a47                thread_create
                0x00000000c0002ab7                init_thread
                0x00000000c0002b5b                thread_start
                0x00000000c0002cad                schedule
                0x00000000c0002dc3                thread_init
                0x00000000c0002e20                thread_block
                0x00000000c0002e82                thread_unblock
 .text          0x00000000c0002f7b      0x1d4 build/list.o
                0x00000000c0002f7b                list_init
                0x00000000c0002fa8                list_insert_before
                0x00000000c0002fec                list_push
                0x00000000c0003009                list_append
                0x00000000c0003026                list_remove
                0x00000000c000305f                list_pop
                0x00000000c0003081                list_empty
                0x00000000c000309a                list_len
                0x00000000c00030ce                list_traversal
                0x00000000c0003114                elem_find
 .text          0x00000000c000314f      0x167 build/timer.o
                0x00000000c00031f1                timer_init
 .text          0x00000000c00032b6      0x471 build/interrupt.o
                0x00000000c00035d6                idt_init
                0x00000000c0003640                intr_enable
                0x00000000c000365a                intr_disable
                0x00000000c0003674                intr_set_status
                0x00000000c000368e                intr_get_status
                0x00000000c000370b                register_handler
 *fill*         0x00000000c0003727        0x9 
 .text          0x00000000c0003730      0x565 build/kernel.o
                0x00000000c0003730                intr_exit
                0x00000000c0003c71                syscall_handler
 *fill*         0x00000000c0003c95        0xb 
 .text          0x00000000c0003ca0      0x149 build/print.o
                0x00000000c0003ca0                put_str
                0x00000000c0003cbe                put_char
                0x00000000c0003d8b                put_int
 .text          0x00000000c0003de9     0x1023 build/memory.o
                0x00000000c0003fb9                block_desc_init
                0x00000000c0004049                mem_init
                0x00000000c0004209                pte_ptr
                0x00000000c0004230                pde_ptr
                0x00000000c000428f                pfree
                0x00000000c000440a                malloc_page
                0x00000000c0004571                mfree_page
                0x00000000c000472f                get_kernel_pages
                0x00000000c000478a                get_user_pages
                0x00000000c00047e5                get_a_page
                0x00000000c000493f                addr_v2p
                0x00000000c000496c                sys_malloc
                0x00000000c0004c7d                sys_free
 .text          0x00000000c0004e0c      0x21d build/bitmap.o
                0x00000000c0004e0c                bitmap_init
                0x00000000c0004e2e                bitmap_test_bit
                0x00000000c0004e6c                bitmap_scan
                0x00000000c0004f7b                bitmap_set
 .text          0x00000000c0005029      0x3a1 build/string.o
                0x00000000c0005029                memset
                0x00000000c0005079                memcpy
                0x00000000c00050d7                memcmp
                0x00000000c000514b                strcpy
                0x00000000c000519e                strlen
                0x00000000c00051e6                strcmp
                0x00000000c0005253                strchr
                0x00000000c00052a8                strrchr
                0x00000000c0005303                strcat
                0x00000000c0005369                strchrs
 .text          0x00000000c00053ca       0xa6 build/debug.o
                0x00000000c00053ca                panic_spin
 .text          0x00000000c0005470       0x15 build/switch.o
                0x00000000c0005470                switch_to
 *(.gnu.warning)

.fini
 *(SORT(.fini))
                0x00000000c0005485                PROVIDE (__etext, .)
                0x00000000c0005485                PROVIDE (_etext, .)
                0x00000000c0005485                PROVIDE (etext, .)

.rodata         0x00000000c0005488      0xf47
 *(.rodata .rodata.* .gnu.linkonce.r.*)
 .rodata        0x00000000c0005488       0x57 build/main.o
 .rodata        0x00000000c00054df       0x1a build/init.o
 .rodata        0x00000000c00054f9       0x27 build/syscall-init.o
 .rodata        0x00000000c0005520       0x36 build/keyboard.o
 *fill*         0x00000000c0005556        0x2 
 .rodata        0x00000000c0005558       0xa8 build/ioqueue.o
 .rodata        0x00000000c0005600       0xe0 build/process.o
 .rodata        0x00000000c00056e0       0x27 build/tss.o
 *fill*         0x00000000c0005707        0x1 
 .rodata        0x00000000c0005708      0x121 build/sync.o
 *fill*         0x00000000c0005829        0x3 
 .rodata        0x00000000c000582c      0x2c7 build/thread.o
 *fill*         0x00000000c0005af3        0x1 
 .rodata        0x00000000c0005af4       0x6f build/timer.o
 *fill*         0x00000000c0005b63        0x1 
 .rodata        0x00000000c0005b64      0x30d build/interrupt.o
 *fill*         0x00000000c0005e71        0x3 
 .rodata        0x00000000c0005e74      0x3cd build/memory.o
 *fill*         0x00000000c0006241        0x3 
 .rodata        0x00000000c0006244       0x67 build/bitmap.o
 *fill*         0x00000000c00062ab        0x1 
 .rodata        0x00000000c00062ac       0xe4 build/string.o
 .rodata        0x00000000c0006390       0x3f build/debug.o

.rodata1
 *(.rodata1)

.eh_frame_hdr
 *(.eh_frame_hdr)

.eh_frame       0x00000000c00063d0      0xfa0
 *(.eh_frame)
 .eh_frame      0x00000000c00063d0       0xac build/main.o
 .eh_frame      0x00000000c000647c       0x20 build/init.o
                                         0x38 (size before relaxing)
 .eh_frame      0x00000000c000649c       0x84 build/stdio.o
                                         0x9c (size before relaxing)
 .eh_frame      0x00000000c0006520       0x60 build/syscall-init.o
                                         0x78 (size before relaxing)
 .eh_frame      0x00000000c0006580       0x8c build/syscall.o
                                         0xa4 (size before relaxing)
 .eh_frame      0x00000000c000660c       0x60 build/keyboard.o
                                         0x78 (size before relaxing)
 .eh_frame      0x00000000c000666c      0x100 build/ioqueue.o
                                        0x118 (size before relaxing)
 .eh_frame      0x00000000c000676c       0xc0 build/process.o
                                         0xd8 (size before relaxing)
 .eh_frame      0x00000000c000682c       0xc0 build/console.o
                                         0xd8 (size before relaxing)
 .eh_frame      0x00000000c00068ec       0x64 build/tss.o
                                         0x7c (size before relaxing)
 .eh_frame      0x00000000c0006950       0xc8 build/sync.o
                                         0xe0 (size before relaxing)
 .eh_frame      0x00000000c0006a18      0x160 build/thread.o
                                        0x178 (size before relaxing)
 .eh_frame      0x00000000c0006b78      0x140 build/list.o
                                        0x158 (size before relaxing)
 .eh_frame      0x00000000c0006cb8       0x8c build/timer.o
                                         0xa4 (size before relaxing)
 .eh_frame      0x00000000c0006d44      0x1a8 build/interrupt.o
                                        0x1c0 (size before relaxing)
 .eh_frame      0x00000000c0006eec      0x2a0 build/memory.o
                                        0x2b8 (size before relaxing)
 .eh_frame      0x00000000c000718c       0x88 build/bitmap.o
                                         0xa0 (size before relaxing)
 .eh_frame      0x00000000c0007214      0x140 build/string.o
                                        0x158 (size before relaxing)
 .eh_frame      0x00000000c0007354       0x1c build/debug.o
                                         0x34 (size before relaxing)

.gcc_except_table
 *(.gcc_except_table .gcc_except_table.*)

.exception_ranges
 *(.exception_ranges .exception_ranges*)
                0x00000000c0007370                . = (ALIGN (0x1000) - ((0x1000 - .) & 0xfff))
                0x00000000c0008000                . = DATA_SEGMENT_ALIGN (0x1000, 0x1000)

.eh_frame
 *(.eh_frame)

.gcc_except_table
 *(.gcc_except_table .gcc_except_table.*)

.exception_ranges
 *(.exception_ranges .exception_ranges*)

.tdata
 *(.tdata .tdata.* .gnu.linkonce.td.*)

.tbss
 *(.tbss .tbss.* .gnu.linkonce.tb.*)
 *(.tcommon)

.preinit_array  0x00000000c0008000        0x0
                0x00000000c0008000                PROVIDE (__preinit_array_start, .)
 *(.preinit_array)
                0x00000000c0008000                PROVIDE (__preinit_array_end, .)

.init_array     0x00000000c0008000        0x0
                0x00000000c0008000                PROVIDE (__init_array_start, .)
 *(SORT(.init_array.*))
 *(.init_array)
                0x00000000c0008000                PROVIDE (__init_array_end, .)

.fini_array     0x00000000c0008000        0x0
                0x00000000c0008000                PROVIDE (__fini_array_start, .)
 *(SORT(.fini_array.*))
 *(.fini_array)
                0x00000000c0008000                PROVIDE (__fini_array_end, .)

.ctors
 *crtbegin.o(.ctors)
 *crtbegin?.o(.ctors)
 *(EXCLUDE_FILE(*crtend?.o *crtend.o) .ctors)
 *(SORT(.ctors.*))
 *(.ctors)

.dtors
 *crtbegin.o(.dtors)
 *crtbegin?.o(.dtors)
 *(EXCLUDE_FILE(*crtend?.o *crtend.o) .dtors)
 *(SORT(.dtors.*))
 *(.dtors)

.jcr
 *(.jcr)

.data.rel.ro
 *(.data.rel.ro.local* .gnu.linkonce.d.rel.ro.local.*)
 *(.data.rel.ro .data.rel.ro.* .gnu.linkonce.d.rel.ro.*)

.dynamic
 *(.dynamic)

.got
 *(.got)
 *(.igot)
                0x00000000c0008000                . = DATA_SEGMENT_RELRO_END (., (SIZEOF (.got.plt) >= 0xc)?0xc:0x0)

.got.plt        0x00000000c0008000        0x0
 *(.got.plt)
 *(.igot.plt)
 .igot.plt      0x0000000000000000        0x0 build/main.o

.data           0x00000000c0008000      0x140
 *(.data .data.* .gnu.linkonce.d.*)
 .data          0x00000000c0008000        0x0 build/main.o
 .data          0x00000000c0008000        0x0 build/init.o
 .data          0x00000000c0008000        0x0 build/stdio.o
 .data          0x00000000c0008000        0x0 build/syscall-init.o
 .data          0x00000000c0008000        0x0 build/syscall.o
 .data          0x00000000c0008000       0x76 build/keyboard.o
 .data          0x00000000c0008076        0x0 build/ioqueue.o
 .data          0x00000000c0008076        0x0 build/process.o
 .data          0x00000000c0008076        0x0 build/console.o
 .data          0x00000000c0008076        0x0 build/tss.o
 .data          0x00000000c0008076        0x0 build/sync.o
 .data          0x00000000c0008076        0x0 build/thread.o
 .data          0x00000000c0008076        0x0 build/list.o
 .data          0x00000000c0008076        0x0 build/timer.o
 .data          0x00000000c0008076        0x0 build/interrupt.o
 *fill*         0x00000000c0008076        0x2 
 .data          0x00000000c0008078       0xc0 build/kernel.o
                0x00000000c0008078                intr_entry_table
 .data          0x00000000c0008138        0x8 build/print.o
 .data          0x00000000c0008140        0x0 build/memory.o
 .data          0x00000000c0008140        0x0 build/bitmap.o
 .data          0x00000000c0008140        0x0 build/string.o
 .data          0x00000000c0008140        0x0 build/debug.o

.data1
 *(.data1)
                0x00000000c0008140                _edata = .
                0x00000000c0008140                PROVIDE (edata, .)
                0x00000000c0008140                . = .
                0x00000000c0008140                __bss_start = .

.bss            0x00000000c0008140      0xb8c
 *(.dynbss)
 *(.bss .bss.* .gnu.linkonce.b.*)
 .bss           0x00000000c0008140        0x8 build/main.o
                0x00000000c0008140                pid_a
                0x00000000c0008144                pid_b
 .bss           0x00000000c0008148        0x0 build/init.o
 .bss           0x00000000c0008148        0x0 build/stdio.o
 .bss           0x00000000c0008148        0x0 build/syscall-init.o
 .bss           0x00000000c0008148        0x0 build/syscall.o
 .bss           0x00000000c0008148       0x14 build/keyboard.o
 .bss           0x00000000c000815c        0x0 build/ioqueue.o
 .bss           0x00000000c000815c        0x0 build/process.o
 .bss           0x00000000c000815c       0x1c build/console.o
 *fill*         0x00000000c0008178        0x8 
 .bss           0x00000000c0008180       0x6c build/tss.o
 .bss           0x00000000c00081ec        0x0 build/sync.o
 .bss           0x00000000c00081ec        0x2 build/thread.o
 .bss           0x00000000c00081ee        0x0 build/list.o
 .bss           0x00000000c00081ee        0x0 build/timer.o
 *fill*         0x00000000c00081ee       0x12 
 .bss           0x00000000c0008200      0x408 build/interrupt.o
 .bss           0x00000000c0008608        0x0 build/memory.o
 .bss           0x00000000c0008608        0x0 build/bitmap.o
 .bss           0x00000000c0008608        0x0 build/string.o
 .bss           0x00000000c0008608        0x0 build/debug.o
 *(COMMON)
 *fill*         0x00000000c0008608       0x18 
 COMMON         0x00000000c0008620       0x80 build/syscall-init.o
                0x00000000c0008620                syscall_table
 COMMON         0x00000000c00086a0       0x6c build/keyboard.o
                0x00000000c00086a0                kbd_buf
 COMMON         0x00000000c000870c       0x40 build/thread.o
                0x00000000c000870c                thread_ready_list
                0x00000000c000871c                thread_all_list
                0x00000000c000872c                main_thread
                0x00000000c0008730                pid_lock
 COMMON         0x00000000c000874c        0x4 build/timer.o
                0x00000000c000874c                total_ticks
 *fill*         0x00000000c0008750       0x10 
 COMMON         0x00000000c0008760      0x424 build/interrupt.o
                0x00000000c0008760                intr_name
                0x00000000c0008980                idt_table
 *fill*         0x00000000c0008b84       0x1c 
 COMMON         0x00000000c0008ba0      0x12c build/memory.o
                0x00000000c0008ba0                k_block_desc
                0x00000000c0008c48                k_v_pool
                0x00000000c0008c60                k_p_pool
                0x00000000c0008ca0                u_p_pool
                0x00000000c0008ccc                . = ALIGN ((. != 0x0)?0x4:0x1)
                0x00000000c0008ccc                . = ALIGN (0x4)
                0x00000000c0008ccc                . = SEGMENT_START ("ldata-segment", .)
                0x00000000c0008ccc                . = ALIGN (0x4)
                0x00000000c0008ccc                _end = .
                0x00000000c0008ccc                PROVIDE (end, .)
                0x00000000c0008ccc                . = DATA_SEGMENT_END (.)

.stab
 *(.stab)

.stabstr
 *(.stabstr)

.stab.excl
 *(.stab.excl)

.stab.exclstr
 *(.stab.exclstr)

.stab.index
 *(.stab.index)

.stab.indexstr
 *(.stab.indexstr)

.comment        0x0000000000000000       0x11
 *(.comment)
 .comment       0x0000000000000000       0x11 build/main.o
                                         0x12 (size before relaxing)
 .comment       0x0000000000000000       0x12 build/init.o
 .comment       0x0000000000000000       0x12 build/stdio.o
 .comment       0x0000000000000000       0x12 build/syscall-init.o
 .comment       0x0000000000000000       0x12 build/syscall.o
 .comment       0x0000000000000000       0x12 build/keyboard.o
 .comment       0x0000000000000000       0x12 build/ioqueue.o
 .comment       0x0000000000000000       0x12 build/process.o
 .comment       0x0000000000000000       0x12 build/console.o
 .comment       0x0000000000000000       0x12 build/tss.o
 .comment       0x0000000000000000       0x12 build/sync.o
 .comment       0x0000000000000000       0x12 build/thread.o
 .comment       0x0000000000000000       0x12 build/list.o
 .comment       0x0000000000000000       0x12 build/timer.o
 .comment       0x0000000000000000       0x12 build/interrupt.o
 .comment       0x0000000000000000       0x12 build/memory.o
 .comment       0x0000000000000000       0x12 build/bitmap.o
 .comment       0x0000000000000000       0x12 build/string.o
 .comment       0x0000000000000000       0x12 build/debug.o

.debug
 *(.debug)

.line
 *(.line)

.debug_srcinfo
 *(.debug_srcinfo)

.debug_sfnames
 *(.debug_sfnames)

.debug_aranges
 *(.debug_aranges)

.debug_pubnames
 *(.debug_pubnames)

.debug_info
 *(.debug_info .gnu.linkonce.wi.*)

.debug_abbrev
 *(.debug_abbrev)

.debug_line
 *(.debug_line .debug_line.* .debug_line_end)

.debug_frame
 *(.debug_frame)

.debug_str
 *(.debug_str)

.debug_loc
 *(.debug_loc)

.debug_macinfo
 *(.debug_macinfo)

.debug_weaknames
 *(.debug_weaknames)

.debug_funcnames
 *(.debug_funcnames)

.debug_typenames
 *(.debug_typenames)

.debug_varnames
 *(.debug_varnames)

.debug_pubtypes
 *(.debug_pubtypes)

.debug_ranges
 *(.debug_ranges)

.debug_macro
 *(.debug_macro)

.gnu.attributes
 *(.gnu.attributes)

/DISCARD/
 *(.note.GNU-stack)
 *(.gnu_debuglink)
 *(.gnu.lto_*)
OUTPUT(build/kernel.bin elf32-i386)
