
Allocating common symbols
Common symbol       size              file

kbd_buf             0x6c              build/keyboard.o
thread_ready_list   0x10              build/thread.o
thread_all_list     0x10              build/thread.o
channel_cnt         0x1               build/ide.o
k_block_desc        0xa8              build/memory.o
k_v_pool            0xc               build/memory.o
idle_thread         0x4               build/thread.o
intr_name           0x204             build/interrupt.o
main_thread         0x4               build/thread.o
channels            0xcc0             build/ide.o
syscall_table       0x80              build/syscall-init.o
total_ticks         0x4               build/timer.o
k_p_pool            0x2c              build/memory.o
u_p_pool            0x2c              build/memory.o
idt_table           0x204             build/interrupt.o
partition_list      0x10              build/ide.o
pid_lock            0x1c              build/thread.o

Memory Configuration

Name             Origin             Length             Attributes
*default*        0x0000000000000000 0xffffffffffffffff

Linker script and memory map

Address of section .text set to 0xc0001500
LOAD build/main.o
LOAD build/init.o
LOAD build/stdio.o
LOAD build/syscall-init.o
LOAD build/syscall.o
LOAD build/stdio-kernel.o
LOAD build/ide.o
LOAD build/keyboard.o
LOAD build/ioqueue.o
LOAD build/process.o
LOAD build/console.o
LOAD build/tss.o
LOAD build/sync.o
LOAD build/thread.o
LOAD build/list.o
LOAD build/timer.o
LOAD build/interrupt.o
LOAD build/kernel.o
LOAD build/print.o
LOAD build/memory.o
LOAD build/bitmap.o
LOAD build/string.o
LOAD build/debug.o
LOAD build/switch.o
                0x0000000008048000                PROVIDE (__executable_start, 0x8048000)
                0x0000000008048074                . = (0x8048000 + SIZEOF_HEADERS)

.interp
 *(.interp)

.note.gnu.build-id
 *(.note.gnu.build-id)

.hash
 *(.hash)

.gnu.hash
 *(.gnu.hash)

.dynsym
 *(.dynsym)

.dynstr
 *(.dynstr)

.gnu.version
 *(.gnu.version)

.gnu.version_d
 *(.gnu.version_d)

.gnu.version_r
 *(.gnu.version_r)

.rel.dyn        0x0000000008048074        0x0
 *(.rel.init)
 *(.rel.text .rel.text.* .rel.gnu.linkonce.t.*)
 .rel.text      0x0000000000000000        0x0 build/main.o
 *(.rel.fini)
 *(.rel.rodata .rel.rodata.* .rel.gnu.linkonce.r.*)
 *(.rel.data.rel.ro .rel.data.rel.ro.* .rel.gnu.linkonce.d.rel.ro.*)
 *(.rel.data .rel.data.* .rel.gnu.linkonce.d.*)
 *(.rel.tdata .rel.tdata.* .rel.gnu.linkonce.td.*)
 *(.rel.tbss .rel.tbss.* .rel.gnu.linkonce.tb.*)
 *(.rel.ctors)
 *(.rel.dtors)
 *(.rel.got)
 *(.rel.bss .rel.bss.* .rel.gnu.linkonce.b.*)
 *(.rel.ifunc)

.rel.plt        0x0000000008048074        0x0
 *(.rel.plt)
                0x0000000008048074                PROVIDE (__rel_iplt_start, .)
 *(.rel.iplt)
 .rel.iplt      0x0000000000000000        0x0 build/main.o
                0x0000000008048074                PROVIDE (__rel_iplt_end, .)

.init
 *(SORT(.init))

.plt            0x0000000008048080        0x0
 *(.plt)
 *(.iplt)
 .iplt          0x0000000000000000        0x0 build/main.o

.text           0x00000000c0001500     0x4e95
 *(.text.unlikely .text.*_unlikely .text.unlikely.*)
 *(.text.exit .text.exit.*)
 *(.text.startup .text.startup.*)
 *(.text.hot .text.hot.*)
 *(.text .stub .text.* .gnu.linkonce.t.*)
 .text          0x00000000c0001500      0x2db build/main.o
                0x00000000c0001500                main
                0x00000000c000152d                k_thread_a
                0x00000000c0001600                k_thread_b
                0x00000000c00016d3                u_prog_a
                0x00000000c0001757                u_prog_b
 .text          0x00000000c00017db       0x55 build/init.o
                0x00000000c00017db                init_all
 .text          0x00000000c0001830      0x27e build/stdio.o
                0x00000000c00018b1                vsprintf
                0x00000000c0001a23                printf
                0x00000000c0001a7e                sprintf
 .text          0x00000000c0001aae       0x85 build/syscall-init.o
                0x00000000c0001aae                sys_getpid
                0x00000000c0001abf                sys_write
                0x00000000c0001ae3                syscall_init
 .text          0x00000000c0001b33       0x6f build/syscall.o
                0x00000000c0001b33                getpid
                0x00000000c0001b48                write
                0x00000000c0001b67                malloc
                0x00000000c0001b86                free
 .text          0x00000000c0001ba2       0x5b build/stdio-kernel.o
                0x00000000c0001ba2                printk
 .text          0x00000000c0001bfd      0xddb build/ide.o
                0x00000000c0001c9a                ide_init
                0x00000000c00020fe                ide_read
                0x00000000c00022a0                ide_write
                0x00000000c0002442                intr_hd_handler
 .text          0x00000000c00029d8      0x2cc build/keyboard.o
                0x00000000c0002c6a                keyboard_init
 .text          0x00000000c0002ca4      0x2e4 build/ioqueue.o
                0x00000000c0002ca4                ioqueue_init
                0x00000000c0002cfc                ioq_full
                0x00000000c0002d49                ioq_empty
                0x00000000c0002e15                ioq_getchar
                0x00000000c0002ecd                ioq_putchar
 .text          0x00000000c0002f88      0x35c build/process.o
                0x00000000c0002f88                start_process
                0x00000000c0003086                page_dir_activate
                0x00000000c00030ba                process_activate
                0x00000000c0003107                create_page_dir
                0x00000000c000317f                create_user_vaddr_bitmap
                0x00000000c00031ca                process_execute
 .text          0x00000000c00032e4       0xb0 build/console.o
                0x00000000c00032e4                console_init
                0x00000000c00032fc                console_acquire
                0x00000000c0003314                console_release
                0x00000000c000332c                console_put_str
                0x00000000c000334c                console_put_char
                0x00000000c0003374                console_put_int
 .text          0x00000000c0003394      0x188 build/tss.o
                0x00000000c0003394                update_tss_esp
                0x00000000c0003413                tss_init
 .text          0x00000000c000351c      0x2af build/sync.o
                0x00000000c000351c                sema_init
                0x00000000c0003544                lock_init
                0x00000000c0003573                sema_down
                0x00000000c0003648                sema_up
                0x00000000c00036f3                lock_acquire
                0x00000000c0003769                lock_release
 .text          0x00000000c00037cb      0x64c build/thread.o
                0x00000000c00037e2                get_cur_thread_pcb
                0x00000000c000384d                thread_create
                0x00000000c00038bd                init_thread
                0x00000000c0003961                thread_start
                0x00000000c0003ab3                schedule
                0x00000000c0003bc1                thread_init
                0x00000000c0003c39                thread_block
                0x00000000c0003c9b                thread_unblock
                0x00000000c0003d94                thread_yield
 .text          0x00000000c0003e17      0x1d4 build/list.o
                0x00000000c0003e17                list_init
                0x00000000c0003e44                list_insert_before
                0x00000000c0003e88                list_push
                0x00000000c0003ea5                list_append
                0x00000000c0003ec2                list_remove
                0x00000000c0003efb                list_pop
                0x00000000c0003f1d                list_empty
                0x00000000c0003f36                list_len
                0x00000000c0003f6a                list_traversal
                0x00000000c0003fb0                elem_find
 .text          0x00000000c0003feb      0x1d5 build/timer.o
                0x00000000c000408d                timer_init
                0x00000000c0004176                mtime_sleep
 .text          0x00000000c00041c0      0x471 build/interrupt.o
                0x00000000c00044e0                idt_init
                0x00000000c000454a                intr_enable
                0x00000000c0004564                intr_disable
                0x00000000c000457e                intr_set_status
                0x00000000c0004598                intr_get_status
                0x00000000c0004615                register_handler
 *fill*         0x00000000c0004631        0xf 
 .text          0x00000000c0004640      0x565 build/kernel.o
                0x00000000c0004640                intr_exit
                0x00000000c0004b81                syscall_handler
 *fill*         0x00000000c0004ba5        0xb 
 .text          0x00000000c0004bb0      0x149 build/print.o
                0x00000000c0004bb0                put_str
                0x00000000c0004bce                put_char
                0x00000000c0004c9b                put_int
 .text          0x00000000c0004cf9     0x1023 build/memory.o
                0x00000000c0004ec9                block_desc_init
                0x00000000c0004f59                mem_init
                0x00000000c0005119                pte_ptr
                0x00000000c0005140                pde_ptr
                0x00000000c000519f                pfree
                0x00000000c000531a                malloc_page
                0x00000000c0005481                mfree_page
                0x00000000c000563f                get_kernel_pages
                0x00000000c000569a                get_user_pages
                0x00000000c00056f5                get_a_page
                0x00000000c000584f                addr_v2p
                0x00000000c000587c                sys_malloc
                0x00000000c0005b8d                sys_free
 .text          0x00000000c0005d1c      0x21d build/bitmap.o
                0x00000000c0005d1c                bitmap_init
                0x00000000c0005d3e                bitmap_test_bit
                0x00000000c0005d7c                bitmap_scan
                0x00000000c0005e8b                bitmap_set
 .text          0x00000000c0005f39      0x3a1 build/string.o
                0x00000000c0005f39                memset
                0x00000000c0005f89                memcpy
                0x00000000c0005fe7                memcmp
                0x00000000c000605b                strcpy
                0x00000000c00060ae                strlen
                0x00000000c00060f6                strcmp
                0x00000000c0006163                strchr
                0x00000000c00061b8                strrchr
                0x00000000c0006213                strcat
                0x00000000c0006279                strchrs
 .text          0x00000000c00062da       0xa6 build/debug.o
                0x00000000c00062da                panic_spin
 .text          0x00000000c0006380       0x15 build/switch.o
                0x00000000c0006380                switch_to
 *(.gnu.warning)

.fini
 *(SORT(.fini))
                0x00000000c0006395                PROVIDE (__etext, .)
                0x00000000c0006395                PROVIDE (_etext, .)
                0x00000000c0006395                PROVIDE (etext, .)

.rodata         0x00000000c0006398     0x11c3
 *(.rodata .rodata.* .gnu.linkonce.r.*)
 .rodata        0x00000000c0006398       0x25 build/main.o
 .rodata        0x00000000c00063bd       0x1a build/init.o
 .rodata        0x00000000c00063d7       0x27 build/syscall-init.o
 *fill*         0x00000000c00063fe        0x2 
 .rodata        0x00000000c0006400      0x263 build/ide.o
 .rodata        0x00000000c0006663       0x36 build/keyboard.o
 *fill*         0x00000000c0006699        0x3 
 .rodata        0x00000000c000669c       0xa8 build/ioqueue.o
 .rodata        0x00000000c0006744       0xe0 build/process.o
 .rodata        0x00000000c0006824       0x27 build/tss.o
 *fill*         0x00000000c000684b        0x1 
 .rodata        0x00000000c000684c      0x121 build/sync.o
 *fill*         0x00000000c000696d        0x3 
 .rodata        0x00000000c0006970      0x2f1 build/thread.o
 *fill*         0x00000000c0006c61        0x3 
 .rodata        0x00000000c0006c64       0x8c build/timer.o
 .rodata        0x00000000c0006cf0      0x30d build/interrupt.o
 *fill*         0x00000000c0006ffd        0x3 
 .rodata        0x00000000c0007000      0x3cd build/memory.o
 *fill*         0x00000000c00073cd        0x3 
 .rodata        0x00000000c00073d0       0x67 build/bitmap.o
 *fill*         0x00000000c0007437        0x1 
 .rodata        0x00000000c0007438       0xe4 build/string.o
 .rodata        0x00000000c000751c       0x3f build/debug.o

.rodata1
 *(.rodata1)

.eh_frame_hdr
 *(.eh_frame_hdr)

.eh_frame       0x00000000c000755c     0x1294
 *(.eh_frame)
 .eh_frame      0x00000000c000755c       0xac build/main.o
 .eh_frame      0x00000000c0007608       0x20 build/init.o
                                         0x38 (size before relaxing)
 .eh_frame      0x00000000c0007628       0x84 build/stdio.o
                                         0x9c (size before relaxing)
 .eh_frame      0x00000000c00076ac       0x60 build/syscall-init.o
                                         0x78 (size before relaxing)
 .eh_frame      0x00000000c000770c       0x8c build/syscall.o
                                         0xa4 (size before relaxing)
 .eh_frame      0x00000000c0007798       0x24 build/stdio-kernel.o
                                         0x3c (size before relaxing)
 .eh_frame      0x00000000c00077bc      0x254 build/ide.o
                                        0x26c (size before relaxing)
 .eh_frame      0x00000000c0007a10       0x60 build/keyboard.o
                                         0x78 (size before relaxing)
 .eh_frame      0x00000000c0007a70      0x100 build/ioqueue.o
                                        0x118 (size before relaxing)
 .eh_frame      0x00000000c0007b70       0xc0 build/process.o
                                         0xd8 (size before relaxing)
 .eh_frame      0x00000000c0007c30       0xc0 build/console.o
                                         0xd8 (size before relaxing)
 .eh_frame      0x00000000c0007cf0       0x64 build/tss.o
                                         0x7c (size before relaxing)
 .eh_frame      0x00000000c0007d54       0xc8 build/sync.o
                                         0xe0 (size before relaxing)
 .eh_frame      0x00000000c0007e1c      0x19c build/thread.o
                                        0x1b4 (size before relaxing)
 .eh_frame      0x00000000c0007fb8      0x140 build/list.o
                                        0x158 (size before relaxing)
 .eh_frame      0x00000000c00080f8       0xcc build/timer.o
                                         0xe4 (size before relaxing)
 .eh_frame      0x00000000c00081c4      0x1a8 build/interrupt.o
                                        0x1c0 (size before relaxing)
 .eh_frame      0x00000000c000836c      0x2a0 build/memory.o
                                        0x2b8 (size before relaxing)
 .eh_frame      0x00000000c000860c       0x88 build/bitmap.o
                                         0xa0 (size before relaxing)
 .eh_frame      0x00000000c0008694      0x140 build/string.o
                                        0x158 (size before relaxing)
 .eh_frame      0x00000000c00087d4       0x1c build/debug.o
                                         0x34 (size before relaxing)

.gcc_except_table
 *(.gcc_except_table .gcc_except_table.*)

.exception_ranges
 *(.exception_ranges .exception_ranges*)
                0x00000000c00087f0                . = (ALIGN (0x1000) - ((0x1000 - .) & 0xfff))
                0x00000000c0009000                . = DATA_SEGMENT_ALIGN (0x1000, 0x1000)

.eh_frame
 *(.eh_frame)

.gcc_except_table
 *(.gcc_except_table .gcc_except_table.*)

.exception_ranges
 *(.exception_ranges .exception_ranges*)

.tdata
 *(.tdata .tdata.* .gnu.linkonce.td.*)

.tbss
 *(.tbss .tbss.* .gnu.linkonce.tb.*)
 *(.tcommon)

.preinit_array  0x00000000c0009000        0x0
                0x00000000c0009000                PROVIDE (__preinit_array_start, .)
 *(.preinit_array)
                0x00000000c0009000                PROVIDE (__preinit_array_end, .)

.init_array     0x00000000c0009000        0x0
                0x00000000c0009000                PROVIDE (__init_array_start, .)
 *(SORT(.init_array.*))
 *(.init_array)
                0x00000000c0009000                PROVIDE (__init_array_end, .)

.fini_array     0x00000000c0009000        0x0
                0x00000000c0009000                PROVIDE (__fini_array_start, .)
 *(SORT(.fini_array.*))
 *(.fini_array)
                0x00000000c0009000                PROVIDE (__fini_array_end, .)

.ctors
 *crtbegin.o(.ctors)
 *crtbegin?.o(.ctors)
 *(EXCLUDE_FILE(*crtend?.o *crtend.o) .ctors)
 *(SORT(.ctors.*))
 *(.ctors)

.dtors
 *crtbegin.o(.dtors)
 *crtbegin?.o(.dtors)
 *(EXCLUDE_FILE(*crtend?.o *crtend.o) .dtors)
 *(SORT(.dtors.*))
 *(.dtors)

.jcr
 *(.jcr)

.data.rel.ro
 *(.data.rel.ro.local* .gnu.linkonce.d.rel.ro.local.*)
 *(.data.rel.ro .data.rel.ro.* .gnu.linkonce.d.rel.ro.*)

.dynamic
 *(.dynamic)

.got
 *(.got)
 *(.igot)
                0x00000000c0009000                . = DATA_SEGMENT_RELRO_END (., (SIZEOF (.got.plt) >= 0xc)?0xc:0x0)

.got.plt        0x00000000c0009000        0x0
 *(.got.plt)
 *(.igot.plt)
 .igot.plt      0x0000000000000000        0x0 build/main.o

.data           0x00000000c0009000      0x140
 *(.data .data.* .gnu.linkonce.d.*)
 .data          0x00000000c0009000        0x0 build/main.o
 .data          0x00000000c0009000        0x0 build/init.o
 .data          0x00000000c0009000        0x0 build/stdio.o
 .data          0x00000000c0009000        0x0 build/syscall-init.o
 .data          0x00000000c0009000        0x0 build/syscall.o
 .data          0x00000000c0009000        0x0 build/stdio-kernel.o
 .data          0x00000000c0009000        0x0 build/ide.o
 .data          0x00000000c0009000       0x76 build/keyboard.o
 .data          0x00000000c0009076        0x0 build/ioqueue.o
 .data          0x00000000c0009076        0x0 build/process.o
 .data          0x00000000c0009076        0x0 build/console.o
 .data          0x00000000c0009076        0x0 build/tss.o
 .data          0x00000000c0009076        0x0 build/sync.o
 .data          0x00000000c0009076        0x0 build/thread.o
 .data          0x00000000c0009076        0x0 build/list.o
 .data          0x00000000c0009076        0x0 build/timer.o
 .data          0x00000000c0009076        0x0 build/interrupt.o
 *fill*         0x00000000c0009076        0x2 
 .data          0x00000000c0009078       0xc0 build/kernel.o
                0x00000000c0009078                intr_entry_table
 .data          0x00000000c0009138        0x8 build/print.o
 .data          0x00000000c0009140        0x0 build/memory.o
 .data          0x00000000c0009140        0x0 build/bitmap.o
 .data          0x00000000c0009140        0x0 build/string.o
 .data          0x00000000c0009140        0x0 build/debug.o

.data1
 *(.data1)
                0x00000000c0009140                _edata = .
                0x00000000c0009140                PROVIDE (edata, .)
                0x00000000c0009140                . = .
                0x00000000c0009140                __bss_start = .

.bss            0x00000000c0009140     0x188c
 *(.dynbss)
 *(.bss .bss.* .gnu.linkonce.b.*)
 .bss           0x00000000c0009140        0x8 build/main.o
                0x00000000c0009140                pid_a
                0x00000000c0009144                pid_b
 .bss           0x00000000c0009148        0x0 build/init.o
 .bss           0x00000000c0009148        0x0 build/stdio.o
 .bss           0x00000000c0009148        0x0 build/syscall-init.o
 .bss           0x00000000c0009148        0x0 build/syscall.o
 .bss           0x00000000c0009148        0x0 build/stdio-kernel.o
 .bss           0x00000000c0009148        0x6 build/ide.o
                0x00000000c0009148                ext_lba_base
                0x00000000c000914c                p_no
                0x00000000c000914d                l_no
 *fill*         0x00000000c000914e        0x2 
 .bss           0x00000000c0009150       0x14 build/keyboard.o
 .bss           0x00000000c0009164        0x0 build/ioqueue.o
 .bss           0x00000000c0009164        0x0 build/process.o
 .bss           0x00000000c0009164       0x1c build/console.o
 .bss           0x00000000c0009180       0x6c build/tss.o
 .bss           0x00000000c00091ec        0x0 build/sync.o
 .bss           0x00000000c00091ec        0x2 build/thread.o
 .bss           0x00000000c00091ee        0x0 build/list.o
 .bss           0x00000000c00091ee        0x0 build/timer.o
 *fill*         0x00000000c00091ee       0x12 
 .bss           0x00000000c0009200      0x408 build/interrupt.o
 .bss           0x00000000c0009608        0x0 build/memory.o
 .bss           0x00000000c0009608        0x0 build/bitmap.o
 .bss           0x00000000c0009608        0x0 build/string.o
 .bss           0x00000000c0009608        0x0 build/debug.o
 *(COMMON)
 *fill*         0x00000000c0009608       0x18 
 COMMON         0x00000000c0009620       0x80 build/syscall-init.o
                0x00000000c0009620                syscall_table
 COMMON         0x00000000c00096a0      0xcf0 build/ide.o
                0x00000000c00096a0                channel_cnt
                0x00000000c00096c0                channels
                0x00000000c000a380                partition_list
 *fill*         0x00000000c000a390       0x10 
 COMMON         0x00000000c000a3a0       0x6c build/keyboard.o
                0x00000000c000a3a0                kbd_buf
 COMMON         0x00000000c000a40c       0x44 build/thread.o
                0x00000000c000a40c                thread_ready_list
                0x00000000c000a41c                thread_all_list
                0x00000000c000a42c                idle_thread
                0x00000000c000a430                main_thread
                0x00000000c000a434                pid_lock
 COMMON         0x00000000c000a450        0x4 build/timer.o
                0x00000000c000a450                total_ticks
 *fill*         0x00000000c000a454        0xc 
 COMMON         0x00000000c000a460      0x424 build/interrupt.o
                0x00000000c000a460                intr_name
                0x00000000c000a680                idt_table
 *fill*         0x00000000c000a884       0x1c 
 COMMON         0x00000000c000a8a0      0x12c build/memory.o
                0x00000000c000a8a0                k_block_desc
                0x00000000c000a948                k_v_pool
                0x00000000c000a960                k_p_pool
                0x00000000c000a9a0                u_p_pool
                0x00000000c000a9cc                . = ALIGN ((. != 0x0)?0x4:0x1)
                0x00000000c000a9cc                . = ALIGN (0x4)
                0x00000000c000a9cc                . = SEGMENT_START ("ldata-segment", .)
                0x00000000c000a9cc                . = ALIGN (0x4)
                0x00000000c000a9cc                _end = .
                0x00000000c000a9cc                PROVIDE (end, .)
                0x00000000c000a9cc                . = DATA_SEGMENT_END (.)

.stab
 *(.stab)

.stabstr
 *(.stabstr)

.stab.excl
 *(.stab.excl)

.stab.exclstr
 *(.stab.exclstr)

.stab.index
 *(.stab.index)

.stab.indexstr
 *(.stab.indexstr)

.comment        0x0000000000000000       0x11
 *(.comment)
 .comment       0x0000000000000000       0x11 build/main.o
                                         0x12 (size before relaxing)
 .comment       0x0000000000000000       0x12 build/init.o
 .comment       0x0000000000000000       0x12 build/stdio.o
 .comment       0x0000000000000000       0x12 build/syscall-init.o
 .comment       0x0000000000000000       0x12 build/syscall.o
 .comment       0x0000000000000000       0x12 build/stdio-kernel.o
 .comment       0x0000000000000000       0x12 build/ide.o
 .comment       0x0000000000000000       0x12 build/keyboard.o
 .comment       0x0000000000000000       0x12 build/ioqueue.o
 .comment       0x0000000000000000       0x12 build/process.o
 .comment       0x0000000000000000       0x12 build/console.o
 .comment       0x0000000000000000       0x12 build/tss.o
 .comment       0x0000000000000000       0x12 build/sync.o
 .comment       0x0000000000000000       0x12 build/thread.o
 .comment       0x0000000000000000       0x12 build/list.o
 .comment       0x0000000000000000       0x12 build/timer.o
 .comment       0x0000000000000000       0x12 build/interrupt.o
 .comment       0x0000000000000000       0x12 build/memory.o
 .comment       0x0000000000000000       0x12 build/bitmap.o
 .comment       0x0000000000000000       0x12 build/string.o
 .comment       0x0000000000000000       0x12 build/debug.o

.debug
 *(.debug)

.line
 *(.line)

.debug_srcinfo
 *(.debug_srcinfo)

.debug_sfnames
 *(.debug_sfnames)

.debug_aranges
 *(.debug_aranges)

.debug_pubnames
 *(.debug_pubnames)

.debug_info
 *(.debug_info .gnu.linkonce.wi.*)

.debug_abbrev
 *(.debug_abbrev)

.debug_line
 *(.debug_line .debug_line.* .debug_line_end)

.debug_frame
 *(.debug_frame)

.debug_str
 *(.debug_str)

.debug_loc
 *(.debug_loc)

.debug_macinfo
 *(.debug_macinfo)

.debug_weaknames
 *(.debug_weaknames)

.debug_funcnames
 *(.debug_funcnames)

.debug_typenames
 *(.debug_typenames)

.debug_varnames
 *(.debug_varnames)

.debug_pubtypes
 *(.debug_pubtypes)

.debug_ranges
 *(.debug_ranges)

.debug_macro
 *(.debug_macro)

.gnu.attributes
 *(.gnu.attributes)

/DISCARD/
 *(.note.GNU-stack)
 *(.gnu_debuglink)
 *(.gnu.lto_*)
OUTPUT(build/kernel.bin elf32-i386)
