
Allocating common symbols
Common symbol       size              file

kbd_buf             0x6c              build/keyboard.o
root_dir            0x208             build/dir.o
thread_ready_list   0x10              build/thread.o
thread_all_list     0x10              build/thread.o
channel_cnt         0x1               build/ide.o
k_block_desc        0xa8              build/memory.o
cur_part            0x4               build/fs.o
k_v_pool            0xc               build/memory.o
idle_thread         0x4               build/thread.o
intr_name           0x204             build/interrupt.o
main_thread         0x4               build/thread.o
channels            0xcc0             build/ide.o
syscall_table       0x80              build/syscall-init.o
total_ticks         0x4               build/timer.o
k_p_pool            0x2c              build/memory.o
u_p_pool            0x2c              build/memory.o
idt_table           0x204             build/interrupt.o
file_table          0x180             build/file.o
partition_list      0x10              build/ide.o
pid_lock            0x1c              build/thread.o

Memory Configuration

Name             Origin             Length             Attributes
*default*        0x0000000000000000 0xffffffffffffffff

Linker script and memory map

Address of section .text set to 0xc0001500
LOAD build/main.o
LOAD build/init.o
LOAD build/stdio.o
LOAD build/syscall-init.o
LOAD build/syscall.o
LOAD build/fs.o
LOAD build/file.o
LOAD build/inode.o
LOAD build/dir.o
LOAD build/stdio-kernel.o
LOAD build/ide.o
LOAD build/keyboard.o
LOAD build/ioqueue.o
LOAD build/process.o
LOAD build/console.o
LOAD build/tss.o
LOAD build/sync.o
LOAD build/thread.o
LOAD build/list.o
LOAD build/timer.o
LOAD build/interrupt.o
LOAD build/kernel.o
LOAD build/print.o
LOAD build/memory.o
LOAD build/bitmap.o
LOAD build/string.o
LOAD build/debug.o
LOAD build/switch.o
                0x0000000008048000                PROVIDE (__executable_start, 0x8048000)
                0x0000000008048074                . = (0x8048000 + SIZEOF_HEADERS)

.interp
 *(.interp)

.note.gnu.build-id
 *(.note.gnu.build-id)

.hash
 *(.hash)

.gnu.hash
 *(.gnu.hash)

.dynsym
 *(.dynsym)

.dynstr
 *(.dynstr)

.gnu.version
 *(.gnu.version)

.gnu.version_d
 *(.gnu.version_d)

.gnu.version_r
 *(.gnu.version_r)

.rel.dyn        0x0000000008048074        0x0
 *(.rel.init)
 *(.rel.text .rel.text.* .rel.gnu.linkonce.t.*)
 .rel.text      0x0000000000000000        0x0 build/main.o
 *(.rel.fini)
 *(.rel.rodata .rel.rodata.* .rel.gnu.linkonce.r.*)
 *(.rel.data.rel.ro .rel.data.rel.ro.* .rel.gnu.linkonce.d.rel.ro.*)
 *(.rel.data .rel.data.* .rel.gnu.linkonce.d.*)
 *(.rel.tdata .rel.tdata.* .rel.gnu.linkonce.td.*)
 *(.rel.tbss .rel.tbss.* .rel.gnu.linkonce.tb.*)
 *(.rel.ctors)
 *(.rel.dtors)
 *(.rel.got)
 *(.rel.bss .rel.bss.* .rel.gnu.linkonce.b.*)
 *(.rel.ifunc)

.rel.plt        0x0000000008048074        0x0
 *(.rel.plt)
                0x0000000008048074                PROVIDE (__rel_iplt_start, .)
 *(.rel.iplt)
 .rel.iplt      0x0000000000000000        0x0 build/main.o
                0x0000000008048074                PROVIDE (__rel_iplt_end, .)

.init
 *(SORT(.init))

.plt            0x0000000008048080        0x0
 *(.plt)
 *(.iplt)
 .iplt          0x0000000000000000        0x0 build/main.o

.text           0x00000000c0001500     0x78f5
 *(.text.unlikely .text.*_unlikely .text.unlikely.*)
 *(.text.exit .text.exit.*)
 *(.text.startup .text.startup.*)
 *(.text.hot .text.hot.*)
 *(.text .stub .text.* .gnu.linkonce.t.*)
 .text          0x00000000c0001500      0x32b build/main.o
                0x00000000c0001500                main
                0x00000000c000157d                k_thread_a
                0x00000000c0001650                k_thread_b
                0x00000000c0001723                u_prog_a
                0x00000000c00017a7                u_prog_b
 .text          0x00000000c000182b       0x5a build/init.o
                0x00000000c000182b                init_all
 .text          0x00000000c0001885      0x293 build/stdio.o
                0x00000000c0001906                vsprintf
                0x00000000c0001a78                printf
                0x00000000c0001ae8                sprintf
 .text          0x00000000c0001b18       0x61 build/syscall-init.o
                0x00000000c0001b18                sys_getpid
                0x00000000c0001b29                syscall_init
 .text          0x00000000c0001b79       0x73 build/syscall.o
                0x00000000c0001b79                getpid
                0x00000000c0001b8e                write
                0x00000000c0001bb1                malloc
                0x00000000c0001bd0                free
 .text          0x00000000c0001bec     0x1051 build/fs.o
                0x00000000c0002033                filesys_init
                0x00000000c0002530                path_depth_cnt
                0x00000000c000282f                sys_open
                0x00000000c0002ada                sys_close
                0x00000000c0002b37                sys_write
 .text          0x00000000c0002c3d      0xf2d build/file.o
                0x00000000c0002c3d                get_free_slot_in_global
                0x00000000c0002c91                pcb_fd_install
                0x00000000c0002cfb                inode_bitmap_alloc
                0x00000000c0002d58                block_bitmap_alloc
                0x00000000c0002dc0                bitmap_sync
                0x00000000c0002e40                file_create
                0x00000000c0003179                file_open
                0x00000000c000328d                file_close
                0x00000000c00032d0                file_write
 .text          0x00000000c0003b6a      0x3e0 build/inode.o
                0x00000000c0003bfa                inode_sync
                0x00000000c0003d1c                inode_open
                0x00000000c0003e7d                inode_close
                0x00000000c0003ef8                inode_init
 .text          0x00000000c0003f4a      0x6f2 build/dir.o
                0x00000000c0003f4a                open_root_dir
                0x00000000c0003f79                dir_open
                0x00000000c0003fb9                search_dir_entry
                0x00000000c000418d                dir_close
                0x00000000c00041bf                create_dir_entry
                0x00000000c0004228                sync_dir_entry
 .text          0x00000000c000463c       0x5b build/stdio-kernel.o
                0x00000000c000463c                printk
 .text          0x00000000c0004697      0xd5f build/ide.o
                0x00000000c0004734                ide_init
                0x00000000c0004b98                ide_read
                0x00000000c0004cfc                ide_write
                0x00000000c0004e60                intr_hd_handler
 .text          0x00000000c00053f6      0x2cc build/keyboard.o
                0x00000000c0005688                keyboard_init
 .text          0x00000000c00056c2      0x2e4 build/ioqueue.o
                0x00000000c00056c2                ioqueue_init
                0x00000000c000571a                ioq_full
                0x00000000c0005767                ioq_empty
                0x00000000c0005833                ioq_getchar
                0x00000000c00058eb                ioq_putchar
 .text          0x00000000c00059a6      0x35c build/process.o
                0x00000000c00059a6                start_process
                0x00000000c0005aa4                page_dir_activate
                0x00000000c0005ad8                process_activate
                0x00000000c0005b25                create_page_dir
                0x00000000c0005b9d                create_user_vaddr_bitmap
                0x00000000c0005be8                process_execute
 .text          0x00000000c0005d02       0xb0 build/console.o
                0x00000000c0005d02                console_init
                0x00000000c0005d1a                console_acquire
                0x00000000c0005d32                console_release
                0x00000000c0005d4a                console_put_str
                0x00000000c0005d6a                console_put_char
                0x00000000c0005d92                console_put_int
 .text          0x00000000c0005db2      0x188 build/tss.o
                0x00000000c0005db2                update_tss_esp
                0x00000000c0005e31                tss_init
 .text          0x00000000c0005f3a      0x2af build/sync.o
                0x00000000c0005f3a                sema_init
                0x00000000c0005f62                lock_init
                0x00000000c0005f91                sema_down
                0x00000000c0006066                sema_up
                0x00000000c0006111                lock_acquire
                0x00000000c0006187                lock_release
 .text          0x00000000c00061e9      0x692 build/thread.o
                0x00000000c0006200                get_cur_thread_pcb
                0x00000000c000626b                thread_create
                0x00000000c00062db                init_thread
                0x00000000c00063c2                thread_start
                0x00000000c0006517                schedule
                0x00000000c0006625                thread_init
                0x00000000c000669d                thread_block
                0x00000000c00066ff                thread_unblock
                0x00000000c00067f8                thread_yield
 .text          0x00000000c000687b      0x1d4 build/list.o
                0x00000000c000687b                list_init
                0x00000000c00068a8                list_insert_before
                0x00000000c00068ec                list_push
                0x00000000c0006909                list_append
                0x00000000c0006926                list_remove
                0x00000000c000695f                list_pop
                0x00000000c0006981                list_empty
                0x00000000c000699a                list_len
                0x00000000c00069ce                list_traversal
                0x00000000c0006a14                elem_find
 .text          0x00000000c0006a4f      0x1d5 build/timer.o
                0x00000000c0006af1                timer_init
                0x00000000c0006bda                mtime_sleep
 .text          0x00000000c0006c24      0x471 build/interrupt.o
                0x00000000c0006f44                idt_init
                0x00000000c0006fae                intr_enable
                0x00000000c0006fc8                intr_disable
                0x00000000c0006fe2                intr_set_status
                0x00000000c0006ffc                intr_get_status
                0x00000000c0007079                register_handler
 *fill*         0x00000000c0007095        0xb 
 .text          0x00000000c00070a0      0x565 build/kernel.o
                0x00000000c00070a0                intr_exit
                0x00000000c00075e1                syscall_handler
 *fill*         0x00000000c0007605        0xb 
 .text          0x00000000c0007610      0x149 build/print.o
                0x00000000c0007610                put_str
                0x00000000c000762e                put_char
                0x00000000c00076fb                put_int
 .text          0x00000000c0007759     0x1023 build/memory.o
                0x00000000c0007929                block_desc_init
                0x00000000c00079b9                mem_init
                0x00000000c0007b79                pte_ptr
                0x00000000c0007ba0                pde_ptr
                0x00000000c0007bff                pfree
                0x00000000c0007d7a                malloc_page
                0x00000000c0007ee1                mfree_page
                0x00000000c000809f                get_kernel_pages
                0x00000000c00080fa                get_user_pages
                0x00000000c0008155                get_a_page
                0x00000000c00082af                addr_v2p
                0x00000000c00082dc                sys_malloc
                0x00000000c00085ed                sys_free
 .text          0x00000000c000877c      0x21d build/bitmap.o
                0x00000000c000877c                bitmap_init
                0x00000000c000879e                bitmap_test_bit
                0x00000000c00087dc                bitmap_scan
                0x00000000c00088eb                bitmap_set
 .text          0x00000000c0008999      0x3a1 build/string.o
                0x00000000c0008999                memset
                0x00000000c00089e9                memcpy
                0x00000000c0008a47                memcmp
                0x00000000c0008abb                strcpy
                0x00000000c0008b0e                strlen
                0x00000000c0008b56                strcmp
                0x00000000c0008bc3                strchr
                0x00000000c0008c18                strrchr
                0x00000000c0008c73                strcat
                0x00000000c0008cd9                strchrs
 .text          0x00000000c0008d3a       0xa6 build/debug.o
                0x00000000c0008d3a                panic_spin
 .text          0x00000000c0008de0       0x15 build/switch.o
                0x00000000c0008de0                switch_to
 *(.gnu.warning)

.fini
 *(SORT(.fini))
                0x00000000c0008df5                PROVIDE (__etext, .)
                0x00000000c0008df5                PROVIDE (_etext, .)
                0x00000000c0008df5                PROVIDE (etext, .)

.rodata         0x00000000c0008df8     0x1b5b
 *(.rodata .rodata.* .gnu.linkonce.r.*)
 .rodata        0x00000000c0008df8       0x46 build/main.o
 .rodata        0x00000000c0008e3e       0x1a build/init.o
 .rodata        0x00000000c0008e58       0x27 build/syscall-init.o
 *fill*         0x00000000c0008e7f        0x1 
 .rodata        0x00000000c0008e80      0x4a4 build/fs.o
 .rodata        0x00000000c0009324      0x3a3 build/file.o
 *fill*         0x00000000c00096c7        0x1 
 .rodata        0x00000000c00096c8       0x67 build/inode.o
 *fill*         0x00000000c000972f        0x1 
 .rodata        0x00000000c0009730       0xff build/dir.o
 *fill*         0x00000000c000982f        0x1 
 .rodata        0x00000000c0009830      0x22b build/ide.o
 .rodata        0x00000000c0009a5b       0x36 build/keyboard.o
 *fill*         0x00000000c0009a91        0x3 
 .rodata        0x00000000c0009a94       0xa8 build/ioqueue.o
 .rodata        0x00000000c0009b3c       0xe0 build/process.o
 .rodata        0x00000000c0009c1c       0x27 build/tss.o
 *fill*         0x00000000c0009c43        0x1 
 .rodata        0x00000000c0009c44      0x121 build/sync.o
 *fill*         0x00000000c0009d65        0x3 
 .rodata        0x00000000c0009d68      0x2f1 build/thread.o
 *fill*         0x00000000c000a059        0x3 
 .rodata        0x00000000c000a05c       0x8c build/timer.o
 .rodata        0x00000000c000a0e8      0x30d build/interrupt.o
 *fill*         0x00000000c000a3f5        0x3 
 .rodata        0x00000000c000a3f8      0x3cd build/memory.o
 *fill*         0x00000000c000a7c5        0x3 
 .rodata        0x00000000c000a7c8       0x67 build/bitmap.o
 *fill*         0x00000000c000a82f        0x1 
 .rodata        0x00000000c000a830       0xe4 build/string.o
 .rodata        0x00000000c000a914       0x3f build/debug.o

.rodata1
 *(.rodata1)

.eh_frame_hdr
 *(.eh_frame_hdr)

.eh_frame       0x00000000c000a954     0x165c
 *(.eh_frame)
 .eh_frame      0x00000000c000a954       0xac build/main.o
 .eh_frame      0x00000000c000aa00       0x20 build/init.o
                                         0x38 (size before relaxing)
 .eh_frame      0x00000000c000aa20       0x84 build/stdio.o
                                         0x9c (size before relaxing)
 .eh_frame      0x00000000c000aaa4       0x40 build/syscall-init.o
                                         0x58 (size before relaxing)
 .eh_frame      0x00000000c000aae4       0x8c build/syscall.o
                                         0xa4 (size before relaxing)
 .eh_frame      0x00000000c000ab70      0x164 build/fs.o
                                        0x17c (size before relaxing)
 .eh_frame      0x00000000c000acd4      0x120 build/file.o
                                        0x138 (size before relaxing)
 .eh_frame      0x00000000c000adf4       0xa0 build/inode.o
                                         0xb8 (size before relaxing)
 .eh_frame      0x00000000c000ae94       0xc4 build/dir.o
                                         0xdc (size before relaxing)
 .eh_frame      0x00000000c000af58       0x24 build/stdio-kernel.o
                                         0x3c (size before relaxing)
 .eh_frame      0x00000000c000af7c      0x254 build/ide.o
                                        0x26c (size before relaxing)
 .eh_frame      0x00000000c000b1d0       0x60 build/keyboard.o
                                         0x78 (size before relaxing)
 .eh_frame      0x00000000c000b230      0x100 build/ioqueue.o
                                        0x118 (size before relaxing)
 .eh_frame      0x00000000c000b330       0xc0 build/process.o
                                         0xd8 (size before relaxing)
 .eh_frame      0x00000000c000b3f0       0xc0 build/console.o
                                         0xd8 (size before relaxing)
 .eh_frame      0x00000000c000b4b0       0x64 build/tss.o
                                         0x7c (size before relaxing)
 .eh_frame      0x00000000c000b514       0xc8 build/sync.o
                                         0xe0 (size before relaxing)
 .eh_frame      0x00000000c000b5dc      0x19c build/thread.o
                                        0x1b4 (size before relaxing)
 .eh_frame      0x00000000c000b778      0x140 build/list.o
                                        0x158 (size before relaxing)
 .eh_frame      0x00000000c000b8b8       0xcc build/timer.o
                                         0xe4 (size before relaxing)
 .eh_frame      0x00000000c000b984      0x1a8 build/interrupt.o
                                        0x1c0 (size before relaxing)
 .eh_frame      0x00000000c000bb2c      0x2a0 build/memory.o
                                        0x2b8 (size before relaxing)
 .eh_frame      0x00000000c000bdcc       0x88 build/bitmap.o
                                         0xa0 (size before relaxing)
 .eh_frame      0x00000000c000be54      0x140 build/string.o
                                        0x158 (size before relaxing)
 .eh_frame      0x00000000c000bf94       0x1c build/debug.o
                                         0x34 (size before relaxing)

.gcc_except_table
 *(.gcc_except_table .gcc_except_table.*)

.exception_ranges
 *(.exception_ranges .exception_ranges*)
                0x00000000c000bfb0                . = (ALIGN (0x1000) - ((0x1000 - .) & 0xfff))
                0x00000000c000c000                . = DATA_SEGMENT_ALIGN (0x1000, 0x1000)

.eh_frame
 *(.eh_frame)

.gcc_except_table
 *(.gcc_except_table .gcc_except_table.*)

.exception_ranges
 *(.exception_ranges .exception_ranges*)

.tdata
 *(.tdata .tdata.* .gnu.linkonce.td.*)

.tbss
 *(.tbss .tbss.* .gnu.linkonce.tb.*)
 *(.tcommon)

.preinit_array  0x00000000c000c000        0x0
                0x00000000c000c000                PROVIDE (__preinit_array_start, .)
 *(.preinit_array)
                0x00000000c000c000                PROVIDE (__preinit_array_end, .)

.init_array     0x00000000c000c000        0x0
                0x00000000c000c000                PROVIDE (__init_array_start, .)
 *(SORT(.init_array.*))
 *(.init_array)
                0x00000000c000c000                PROVIDE (__init_array_end, .)

.fini_array     0x00000000c000c000        0x0
                0x00000000c000c000                PROVIDE (__fini_array_start, .)
 *(SORT(.fini_array.*))
 *(.fini_array)
                0x00000000c000c000                PROVIDE (__fini_array_end, .)

.ctors
 *crtbegin.o(.ctors)
 *crtbegin?.o(.ctors)
 *(EXCLUDE_FILE(*crtend?.o *crtend.o) .ctors)
 *(SORT(.ctors.*))
 *(.ctors)

.dtors
 *crtbegin.o(.dtors)
 *crtbegin?.o(.dtors)
 *(EXCLUDE_FILE(*crtend?.o *crtend.o) .dtors)
 *(SORT(.dtors.*))
 *(.dtors)

.jcr
 *(.jcr)

.data.rel.ro
 *(.data.rel.ro.local* .gnu.linkonce.d.rel.ro.local.*)
 *(.data.rel.ro .data.rel.ro.* .gnu.linkonce.d.rel.ro.*)

.dynamic
 *(.dynamic)

.got
 *(.got)
 *(.igot)
                0x00000000c000c000                . = DATA_SEGMENT_RELRO_END (., (SIZEOF (.got.plt) >= 0xc)?0xc:0x0)

.got.plt        0x00000000c000c000        0x0
 *(.got.plt)
 *(.igot.plt)
 .igot.plt      0x0000000000000000        0x0 build/main.o

.data           0x00000000c000c000      0x140
 *(.data .data.* .gnu.linkonce.d.*)
 .data          0x00000000c000c000        0x0 build/main.o
 .data          0x00000000c000c000        0x0 build/init.o
 .data          0x00000000c000c000        0x0 build/stdio.o
 .data          0x00000000c000c000        0x0 build/syscall-init.o
 .data          0x00000000c000c000        0x0 build/syscall.o
 .data          0x00000000c000c000        0x0 build/fs.o
 .data          0x00000000c000c000        0x0 build/file.o
 .data          0x00000000c000c000        0x0 build/inode.o
 .data          0x00000000c000c000        0x0 build/dir.o
 .data          0x00000000c000c000        0x0 build/stdio-kernel.o
 .data          0x00000000c000c000        0x0 build/ide.o
 .data          0x00000000c000c000       0x76 build/keyboard.o
 .data          0x00000000c000c076        0x0 build/ioqueue.o
 .data          0x00000000c000c076        0x0 build/process.o
 .data          0x00000000c000c076        0x0 build/console.o
 .data          0x00000000c000c076        0x0 build/tss.o
 .data          0x00000000c000c076        0x0 build/sync.o
 .data          0x00000000c000c076        0x0 build/thread.o
 .data          0x00000000c000c076        0x0 build/list.o
 .data          0x00000000c000c076        0x0 build/timer.o
 .data          0x00000000c000c076        0x0 build/interrupt.o
 *fill*         0x00000000c000c076        0x2 
 .data          0x00000000c000c078       0xc0 build/kernel.o
                0x00000000c000c078                intr_entry_table
 .data          0x00000000c000c138        0x8 build/print.o
 .data          0x00000000c000c140        0x0 build/memory.o
 .data          0x00000000c000c140        0x0 build/bitmap.o
 .data          0x00000000c000c140        0x0 build/string.o
 .data          0x00000000c000c140        0x0 build/debug.o

.data1
 *(.data1)
                0x00000000c000c140                _edata = .
                0x00000000c000c140                PROVIDE (edata, .)
                0x00000000c000c140                . = .
                0x00000000c000c140                __bss_start = .

.bss            0x00000000c000c140     0x1c4c
 *(.dynbss)
 *(.bss .bss.* .gnu.linkonce.b.*)
 .bss           0x00000000c000c140        0x8 build/main.o
                0x00000000c000c140                pid_a
                0x00000000c000c144                pid_b
 .bss           0x00000000c000c148        0x0 build/init.o
 .bss           0x00000000c000c148        0x0 build/stdio.o
 .bss           0x00000000c000c148        0x0 build/syscall-init.o
 .bss           0x00000000c000c148        0x0 build/syscall.o
 .bss           0x00000000c000c148        0x0 build/fs.o
 .bss           0x00000000c000c148        0x0 build/file.o
 .bss           0x00000000c000c148        0x0 build/inode.o
 .bss           0x00000000c000c148        0x0 build/dir.o
 .bss           0x00000000c000c148        0x0 build/stdio-kernel.o
 .bss           0x00000000c000c148        0x6 build/ide.o
                0x00000000c000c148                ext_lba_base
                0x00000000c000c14c                p_no
                0x00000000c000c14d                l_no
 *fill*         0x00000000c000c14e        0x2 
 .bss           0x00000000c000c150       0x14 build/keyboard.o
 .bss           0x00000000c000c164        0x0 build/ioqueue.o
 .bss           0x00000000c000c164        0x0 build/process.o
 .bss           0x00000000c000c164       0x1c build/console.o
 .bss           0x00000000c000c180       0x6c build/tss.o
 .bss           0x00000000c000c1ec        0x0 build/sync.o
 .bss           0x00000000c000c1ec        0x2 build/thread.o
 .bss           0x00000000c000c1ee        0x0 build/list.o
 .bss           0x00000000c000c1ee        0x0 build/timer.o
 *fill*         0x00000000c000c1ee       0x12 
 .bss           0x00000000c000c200      0x408 build/interrupt.o
 .bss           0x00000000c000c608        0x0 build/memory.o
 .bss           0x00000000c000c608        0x0 build/bitmap.o
 .bss           0x00000000c000c608        0x0 build/string.o
 .bss           0x00000000c000c608        0x0 build/debug.o
 *(COMMON)
 *fill*         0x00000000c000c608       0x18 
 COMMON         0x00000000c000c620       0x80 build/syscall-init.o
                0x00000000c000c620                syscall_table
 COMMON         0x00000000c000c6a0        0x4 build/fs.o
                0x00000000c000c6a0                cur_part
 *fill*         0x00000000c000c6a4       0x1c 
 COMMON         0x00000000c000c6c0      0x180 build/file.o
                0x00000000c000c6c0                file_table
 COMMON         0x00000000c000c840      0x208 build/dir.o
                0x00000000c000c840                root_dir
 *fill*         0x00000000c000ca48       0x18 
 COMMON         0x00000000c000ca60      0xcf0 build/ide.o
                0x00000000c000ca60                channel_cnt
                0x00000000c000ca80                channels
                0x00000000c000d740                partition_list
 *fill*         0x00000000c000d750       0x10 
 COMMON         0x00000000c000d760       0x6c build/keyboard.o
                0x00000000c000d760                kbd_buf
 COMMON         0x00000000c000d7cc       0x44 build/thread.o
                0x00000000c000d7cc                thread_ready_list
                0x00000000c000d7dc                thread_all_list
                0x00000000c000d7ec                idle_thread
                0x00000000c000d7f0                main_thread
                0x00000000c000d7f4                pid_lock
 COMMON         0x00000000c000d810        0x4 build/timer.o
                0x00000000c000d810                total_ticks
 *fill*         0x00000000c000d814        0xc 
 COMMON         0x00000000c000d820      0x424 build/interrupt.o
                0x00000000c000d820                intr_name
                0x00000000c000da40                idt_table
 *fill*         0x00000000c000dc44       0x1c 
 COMMON         0x00000000c000dc60      0x12c build/memory.o
                0x00000000c000dc60                k_block_desc
                0x00000000c000dd08                k_v_pool
                0x00000000c000dd20                k_p_pool
                0x00000000c000dd60                u_p_pool
                0x00000000c000dd8c                . = ALIGN ((. != 0x0)?0x4:0x1)
                0x00000000c000dd8c                . = ALIGN (0x4)
                0x00000000c000dd8c                . = SEGMENT_START ("ldata-segment", .)
                0x00000000c000dd8c                . = ALIGN (0x4)
                0x00000000c000dd8c                _end = .
                0x00000000c000dd8c                PROVIDE (end, .)
                0x00000000c000dd8c                . = DATA_SEGMENT_END (.)

.stab
 *(.stab)

.stabstr
 *(.stabstr)

.stab.excl
 *(.stab.excl)

.stab.exclstr
 *(.stab.exclstr)

.stab.index
 *(.stab.index)

.stab.indexstr
 *(.stab.indexstr)

.comment        0x0000000000000000       0x11
 *(.comment)
 .comment       0x0000000000000000       0x11 build/main.o
                                         0x12 (size before relaxing)
 .comment       0x0000000000000000       0x12 build/init.o
 .comment       0x0000000000000000       0x12 build/stdio.o
 .comment       0x0000000000000000       0x12 build/syscall-init.o
 .comment       0x0000000000000000       0x12 build/syscall.o
 .comment       0x0000000000000000       0x12 build/fs.o
 .comment       0x0000000000000000       0x12 build/file.o
 .comment       0x0000000000000000       0x12 build/inode.o
 .comment       0x0000000000000000       0x12 build/dir.o
 .comment       0x0000000000000000       0x12 build/stdio-kernel.o
 .comment       0x0000000000000000       0x12 build/ide.o
 .comment       0x0000000000000000       0x12 build/keyboard.o
 .comment       0x0000000000000000       0x12 build/ioqueue.o
 .comment       0x0000000000000000       0x12 build/process.o
 .comment       0x0000000000000000       0x12 build/console.o
 .comment       0x0000000000000000       0x12 build/tss.o
 .comment       0x0000000000000000       0x12 build/sync.o
 .comment       0x0000000000000000       0x12 build/thread.o
 .comment       0x0000000000000000       0x12 build/list.o
 .comment       0x0000000000000000       0x12 build/timer.o
 .comment       0x0000000000000000       0x12 build/interrupt.o
 .comment       0x0000000000000000       0x12 build/memory.o
 .comment       0x0000000000000000       0x12 build/bitmap.o
 .comment       0x0000000000000000       0x12 build/string.o
 .comment       0x0000000000000000       0x12 build/debug.o

.debug
 *(.debug)

.line
 *(.line)

.debug_srcinfo
 *(.debug_srcinfo)

.debug_sfnames
 *(.debug_sfnames)

.debug_aranges
 *(.debug_aranges)

.debug_pubnames
 *(.debug_pubnames)

.debug_info
 *(.debug_info .gnu.linkonce.wi.*)

.debug_abbrev
 *(.debug_abbrev)

.debug_line
 *(.debug_line .debug_line.* .debug_line_end)

.debug_frame
 *(.debug_frame)

.debug_str
 *(.debug_str)

.debug_loc
 *(.debug_loc)

.debug_macinfo
 *(.debug_macinfo)

.debug_weaknames
 *(.debug_weaknames)

.debug_funcnames
 *(.debug_funcnames)

.debug_typenames
 *(.debug_typenames)

.debug_varnames
 *(.debug_varnames)

.debug_pubtypes
 *(.debug_pubtypes)

.debug_ranges
 *(.debug_ranges)

.debug_macro
 *(.debug_macro)

.gnu.attributes
 *(.gnu.attributes)

/DISCARD/
 *(.note.GNU-stack)
 *(.gnu_debuglink)
 *(.gnu.lto_*)
OUTPUT(build/kernel.bin elf32-i386)
