
Allocating common symbols
Common symbol       size              file

intr_name           0x84              build/interrupt.o
idt_table           0x84              build/interrupt.o

Memory Configuration

Name             Origin             Length             Attributes
*default*        0x0000000000000000 0xffffffffffffffff

Linker script and memory map

Address of section .text set to 0xc0001500
LOAD build/main.o
LOAD build/init.o
LOAD build/interrupt.o
LOAD build/timer.o
LOAD build/kernel.o
LOAD build/print.o
LOAD build/debug.o
                0x0000000008048000                PROVIDE (__executable_start, 0x8048000)
                0x0000000008048074                . = (0x8048000 + SIZEOF_HEADERS)

.interp
 *(.interp)

.note.gnu.build-id
 *(.note.gnu.build-id)

.hash
 *(.hash)

.gnu.hash
 *(.gnu.hash)

.dynsym
 *(.dynsym)

.dynstr
 *(.dynstr)

.gnu.version
 *(.gnu.version)

.gnu.version_d
 *(.gnu.version_d)

.gnu.version_r
 *(.gnu.version_r)

.rel.dyn        0x0000000008048074        0x0
 *(.rel.init)
 *(.rel.text .rel.text.* .rel.gnu.linkonce.t.*)
 .rel.text      0x0000000000000000        0x0 build/main.o
 *(.rel.fini)
 *(.rel.rodata .rel.rodata.* .rel.gnu.linkonce.r.*)
 *(.rel.data.rel.ro .rel.data.rel.ro.* .rel.gnu.linkonce.d.rel.ro.*)
 *(.rel.data .rel.data.* .rel.gnu.linkonce.d.*)
 *(.rel.tdata .rel.tdata.* .rel.gnu.linkonce.td.*)
 *(.rel.tbss .rel.tbss.* .rel.gnu.linkonce.tb.*)
 *(.rel.ctors)
 *(.rel.dtors)
 *(.rel.got)
 *(.rel.bss .rel.bss.* .rel.gnu.linkonce.b.*)
 *(.rel.ifunc)

.rel.plt        0x0000000008048074        0x0
 *(.rel.plt)
                0x0000000008048074                PROVIDE (__rel_iplt_start, .)
 *(.rel.iplt)
 .rel.iplt      0x0000000000000000        0x0 build/main.o
                0x0000000008048074                PROVIDE (__rel_iplt_end, .)

.init
 *(SORT(.init))

.plt            0x0000000008048080        0x0
 *(.plt)
 *(.iplt)
 .iplt          0x0000000000000000        0x0 build/main.o

.text           0x00000000c0001500      0xa4f
 *(.text.unlikely .text.*_unlikely .text.unlikely.*)
 *(.text.exit .text.exit.*)
 *(.text.startup .text.startup.*)
 *(.text.hot .text.hot.*)
 *(.text .stub .text.* .gnu.linkonce.t.*)
 .text          0x00000000c0001500       0x4e build/main.o
                0x00000000c0001500                main
 .text          0x00000000c000154e       0x22 build/init.o
                0x00000000c000154e                init_all
 .text          0x00000000c0001570      0x361 build/interrupt.o
                0x00000000c0001808                idt_init
                0x00000000c0001872                intr_enable
                0x00000000c000188c                intr_disable
                0x00000000c00018a6                intr_set_status
                0x00000000c00018b3                intr_get_status
 .text          0x00000000c00018d1       0xe2 build/timer.o
                0x00000000c0001973                timer_init
 *fill*         0x00000000c00019b3        0xd 
 .text          0x00000000c00019c0      0x39d build/kernel.o
                0x00000000c00019c0                intr_exit
 *fill*         0x00000000c0001d5d        0x3 
 .text          0x00000000c0001d60      0x149 build/print.o
                0x00000000c0001d60                put_str
                0x00000000c0001d7e                put_char
                0x00000000c0001e4b                put_int
 .text          0x00000000c0001ea9       0xa6 build/debug.o
                0x00000000c0001ea9                panic_spin
 *(.gnu.warning)

.fini
 *(SORT(.fini))
                0x00000000c0001f4f                PROVIDE (__etext, .)
                0x00000000c0001f4f                PROVIDE (_etext, .)
                0x00000000c0001f4f                PROVIDE (etext, .)

.rodata         0x00000000c0001f50      0x300
 *(.rodata .rodata.* .gnu.linkonce.r.*)
 .rodata        0x00000000c0001f50       0x2d build/main.o
 .rodata        0x00000000c0001f7d        0xa build/init.o
 *fill*         0x00000000c0001f87        0x1 
 .rodata        0x00000000c0001f88      0x265 build/interrupt.o
 .rodata        0x00000000c00021ed       0x24 build/timer.o
 .rodata        0x00000000c0002211       0x3f build/debug.o

.rodata1
 *(.rodata1)

.eh_frame_hdr
 *(.eh_frame_hdr)

.eh_frame       0x00000000c0002250      0x24c
 *(.eh_frame)
 .eh_frame      0x00000000c0002250       0x3c build/main.o
 .eh_frame      0x00000000c000228c       0x20 build/init.o
                                         0x38 (size before relaxing)
 .eh_frame      0x00000000c00022ac      0x168 build/interrupt.o
                                        0x180 (size before relaxing)
 .eh_frame      0x00000000c0002414       0x6c build/timer.o
                                         0x84 (size before relaxing)
 .eh_frame      0x00000000c0002480       0x1c build/debug.o
                                         0x34 (size before relaxing)

.gcc_except_table
 *(.gcc_except_table .gcc_except_table.*)

.exception_ranges
 *(.exception_ranges .exception_ranges*)
                0x00000000c000249c                . = (ALIGN (0x1000) - ((0x1000 - .) & 0xfff))
                0x00000000c000349c                . = DATA_SEGMENT_ALIGN (0x1000, 0x1000)

.eh_frame
 *(.eh_frame)

.gcc_except_table
 *(.gcc_except_table .gcc_except_table.*)

.exception_ranges
 *(.exception_ranges .exception_ranges*)

.tdata
 *(.tdata .tdata.* .gnu.linkonce.td.*)

.tbss
 *(.tbss .tbss.* .gnu.linkonce.tb.*)
 *(.tcommon)

.preinit_array  0x00000000c000349c        0x0
                0x00000000c000349c                PROVIDE (__preinit_array_start, .)
 *(.preinit_array)
                0x00000000c000349c                PROVIDE (__preinit_array_end, .)

.init_array     0x00000000c000349c        0x0
                0x00000000c000349c                PROVIDE (__init_array_start, .)
 *(SORT(.init_array.*))
 *(.init_array)
                0x00000000c000349c                PROVIDE (__init_array_end, .)

.fini_array     0x00000000c000349c        0x0
                0x00000000c000349c                PROVIDE (__fini_array_start, .)
 *(SORT(.fini_array.*))
 *(.fini_array)
                0x00000000c000349c                PROVIDE (__fini_array_end, .)

.ctors
 *crtbegin.o(.ctors)
 *crtbegin?.o(.ctors)
 *(EXCLUDE_FILE(*crtend?.o *crtend.o) .ctors)
 *(SORT(.ctors.*))
 *(.ctors)

.dtors
 *crtbegin.o(.dtors)
 *crtbegin?.o(.dtors)
 *(EXCLUDE_FILE(*crtend?.o *crtend.o) .dtors)
 *(SORT(.dtors.*))
 *(.dtors)

.jcr
 *(.jcr)

.data.rel.ro
 *(.data.rel.ro.local* .gnu.linkonce.d.rel.ro.local.*)
 *(.data.rel.ro .data.rel.ro.* .gnu.linkonce.d.rel.ro.*)

.dynamic
 *(.dynamic)

.got
 *(.got)
 *(.igot)
                0x00000000c000349c                . = DATA_SEGMENT_RELRO_END (., (SIZEOF (.got.plt) >= 0xc)?0xc:0x0)

.got.plt        0x00000000c000349c        0x0
 *(.got.plt)
 *(.igot.plt)
 .igot.plt      0x0000000000000000        0x0 build/main.o

.data           0x00000000c000349c       0x8c
 *(.data .data.* .gnu.linkonce.d.*)
 .data          0x00000000c000349c        0x0 build/main.o
 .data          0x00000000c000349c        0x0 build/init.o
 .data          0x00000000c000349c        0x0 build/interrupt.o
 .data          0x00000000c000349c        0x0 build/timer.o
 .data          0x00000000c000349c       0x84 build/kernel.o
                0x00000000c000349c                intr_entry_table
 .data          0x00000000c0003520        0x8 build/print.o
 .data          0x00000000c0003528        0x0 build/debug.o

.data1
 *(.data1)
                0x00000000c0003528                _edata = .
                0x00000000c0003528                PROVIDE (edata, .)
                0x00000000c0003528                . = .
                0x00000000c0003528                __bss_start = .

.bss            0x00000000c0003540      0x244
 *(.dynbss)
 *(.bss .bss.* .gnu.linkonce.b.*)
 .bss           0x00000000c0003540        0x0 build/main.o
 .bss           0x00000000c0003540        0x0 build/init.o
 .bss           0x00000000c0003540      0x108 build/interrupt.o
 .bss           0x00000000c0003648        0x0 build/timer.o
 .bss           0x00000000c0003648        0x0 build/debug.o
 *(COMMON)
 *fill*         0x00000000c0003648       0x18 
 COMMON         0x00000000c0003660      0x124 build/interrupt.o
                0x00000000c0003660                intr_name
                0x00000000c0003700                idt_table
                0x00000000c0003784                . = ALIGN ((. != 0x0)?0x4:0x1)
                0x00000000c0003784                . = ALIGN (0x4)
                0x00000000c0003784                . = SEGMENT_START ("ldata-segment", .)
                0x00000000c0003784                . = ALIGN (0x4)
                0x00000000c0003784                _end = .
                0x00000000c0003784                PROVIDE (end, .)
                0x00000000c0003784                . = DATA_SEGMENT_END (.)

.stab
 *(.stab)

.stabstr
 *(.stabstr)

.stab.excl
 *(.stab.excl)

.stab.exclstr
 *(.stab.exclstr)

.stab.index
 *(.stab.index)

.stab.indexstr
 *(.stab.indexstr)

.comment        0x0000000000000000       0x11
 *(.comment)
 .comment       0x0000000000000000       0x11 build/main.o
                                         0x12 (size before relaxing)
 .comment       0x0000000000000000       0x12 build/init.o
 .comment       0x0000000000000000       0x12 build/interrupt.o
 .comment       0x0000000000000000       0x12 build/timer.o
 .comment       0x0000000000000000       0x12 build/debug.o

.debug
 *(.debug)

.line
 *(.line)

.debug_srcinfo
 *(.debug_srcinfo)

.debug_sfnames
 *(.debug_sfnames)

.debug_aranges
 *(.debug_aranges)

.debug_pubnames
 *(.debug_pubnames)

.debug_info
 *(.debug_info .gnu.linkonce.wi.*)

.debug_abbrev
 *(.debug_abbrev)

.debug_line
 *(.debug_line .debug_line.* .debug_line_end)

.debug_frame
 *(.debug_frame)

.debug_str
 *(.debug_str)

.debug_loc
 *(.debug_loc)

.debug_macinfo
 *(.debug_macinfo)

.debug_weaknames
 *(.debug_weaknames)

.debug_funcnames
 *(.debug_funcnames)

.debug_typenames
 *(.debug_typenames)

.debug_varnames
 *(.debug_varnames)

.debug_pubtypes
 *(.debug_pubtypes)

.debug_ranges
 *(.debug_ranges)

.debug_macro
 *(.debug_macro)

.gnu.attributes
 *(.gnu.attributes)

/DISCARD/
 *(.note.GNU-stack)
 *(.gnu_debuglink)
 *(.gnu.lto_*)
OUTPUT(build/kernel.bin elf32-i386)
