
Allocating common symbols
Common symbol       size              file

kbd_buf             0x6c              build/keyboard.o
root_dir            0x208             build/dir.o
thread_ready_list   0x10              build/thread.o
thread_all_list     0x10              build/thread.o
channel_cnt         0x1               build/ide.o
k_block_desc        0xa8              build/memory.o
cur_part            0x4               build/fs.o
k_v_pool            0xc               build/memory.o
idle_thread         0x4               build/thread.o
intr_name           0x204             build/interrupt.o
main_thread         0x4               build/thread.o
channels            0xcc0             build/ide.o
syscall_table       0x80              build/syscall-init.o
total_ticks         0x4               build/timer.o
k_p_pool            0x2c              build/memory.o
u_p_pool            0x2c              build/memory.o
idt_table           0x204             build/interrupt.o
file_table          0x180             build/file.o
partition_list      0x10              build/ide.o
pid_lock            0x1c              build/thread.o

Memory Configuration

Name             Origin             Length             Attributes
*default*        0x0000000000000000 0xffffffffffffffff

Linker script and memory map

Address of section .text set to 0xc0001500
LOAD build/main.o
LOAD build/init.o
LOAD build/shell.o
LOAD build/stdio.o
LOAD build/fork.o
LOAD build/syscall-init.o
LOAD build/syscall.o
LOAD build/fs.o
LOAD build/file.o
LOAD build/inode.o
LOAD build/dir.o
LOAD build/stdio-kernel.o
LOAD build/ide.o
LOAD build/keyboard.o
LOAD build/ioqueue.o
LOAD build/process.o
LOAD build/console.o
LOAD build/tss.o
LOAD build/sync.o
LOAD build/thread.o
LOAD build/list.o
LOAD build/timer.o
LOAD build/interrupt.o
LOAD build/kernel.o
LOAD build/print.o
LOAD build/memory.o
LOAD build/bitmap.o
LOAD build/string.o
LOAD build/debug.o
LOAD build/switch.o
                0x0000000008048000                PROVIDE (__executable_start, 0x8048000)
                0x0000000008048074                . = (0x8048000 + SIZEOF_HEADERS)

.interp
 *(.interp)

.note.gnu.build-id
 *(.note.gnu.build-id)

.hash
 *(.hash)

.gnu.hash
 *(.gnu.hash)

.dynsym
 *(.dynsym)

.dynstr
 *(.dynstr)

.gnu.version
 *(.gnu.version)

.gnu.version_d
 *(.gnu.version_d)

.gnu.version_r
 *(.gnu.version_r)

.rel.dyn        0x0000000008048074        0x0
 *(.rel.init)
 *(.rel.text .rel.text.* .rel.gnu.linkonce.t.*)
 .rel.text      0x0000000000000000        0x0 build/main.o
 *(.rel.fini)
 *(.rel.rodata .rel.rodata.* .rel.gnu.linkonce.r.*)
 *(.rel.data.rel.ro .rel.data.rel.ro.* .rel.gnu.linkonce.d.rel.ro.*)
 *(.rel.data .rel.data.* .rel.gnu.linkonce.d.*)
 *(.rel.tdata .rel.tdata.* .rel.gnu.linkonce.td.*)
 *(.rel.tbss .rel.tbss.* .rel.gnu.linkonce.tb.*)
 *(.rel.ctors)
 *(.rel.dtors)
 *(.rel.got)
 *(.rel.bss .rel.bss.* .rel.gnu.linkonce.b.*)
 *(.rel.ifunc)

.rel.plt        0x0000000008048074        0x0
 *(.rel.plt)
                0x0000000008048074                PROVIDE (__rel_iplt_start, .)
 *(.rel.iplt)
 .rel.iplt      0x0000000000000000        0x0 build/main.o
                0x0000000008048074                PROVIDE (__rel_iplt_end, .)

.init
 *(SORT(.init))

.plt            0x0000000008048080        0x0
 *(.plt)
 *(.iplt)
 .iplt          0x0000000000000000        0x0 build/main.o

.text           0x00000000c0001500     0x9d05
 *(.text.unlikely .text.*_unlikely .text.unlikely.*)
 *(.text.exit .text.exit.*)
 *(.text.startup .text.startup.*)
 *(.text.hot .text.hot.*)
 *(.text .stub .text.* .gnu.linkonce.t.*)
 .text          0x00000000c0001500       0x6d build/main.o
                0x00000000c0001500                main
                0x00000000c000152c                init
 .text          0x00000000c000156d       0x64 build/init.o
                0x00000000c000156d                init_all
 .text          0x00000000c00015d1      0x129 build/shell.o
                0x00000000c00015d1                print_prompt
                0x00000000c00016b0                my_shell
 .text          0x00000000c00016fa      0x293 build/stdio.o
                0x00000000c000177b                vsprintf
                0x00000000c00018ed                printf
                0x00000000c000195d                sprintf
 .text          0x00000000c000198d      0x4f8 build/fork.o
                0x00000000c0001d58                sys_fork
 .text          0x00000000c0001e85       0x89 build/syscall-init.o
                0x00000000c0001e85                sys_getpid
                0x00000000c0001e96                syscall_init
 .text          0x00000000c0001f0e       0xdf build/syscall.o
                0x00000000c0001f0e                getpid
                0x00000000c0001f23                write
                0x00000000c0001f46                malloc
                0x00000000c0001f65                free
                0x00000000c0001f81                fork
                0x00000000c0001f96                read
                0x00000000c0001fb9                putchar
                0x00000000c0001fdb                clear
 .text          0x00000000c0001fed     0x20ec build/fs.o
                0x00000000c0002434                filesys_init
                0x00000000c000296e                path_depth_cnt
                0x00000000c0002c6d                sys_open
                0x00000000c0002f18                sys_close
                0x00000000c0002f75                sys_write
                0x00000000c000307b                sys_read
                0x00000000c000315d                sys_lseek
                0x00000000c0003247                sys_unlink
                0x00000000c0003468                sys_mkdir
                0x00000000c000384f                sys_opendir
                0x00000000c0003968                sys_closedir
                0x00000000c0003995                sys_readdir
                0x00000000c00039cd                sys_rewinddir
                0x00000000c00039dc                sys_rmdir
                0x00000000c0003d59                sys_getcwd
                0x00000000c0003f22                sys_chdir
                0x00000000c0003faf                sys_stat
 .text          0x00000000c00040d9     0x12e4 build/file.o
                0x00000000c00040d9                get_free_slot_in_global
                0x00000000c000412d                pcb_fd_install
                0x00000000c0004197                inode_bitmap_alloc
                0x00000000c00041f4                block_bitmap_alloc
                0x00000000c000425c                bitmap_sync
                0x00000000c00042dc                file_create
                0x00000000c0004615                file_open
                0x00000000c0004729                file_close
                0x00000000c000476c                file_write
                0x00000000c0005006                file_read
 .text          0x00000000c00053bd      0x71e build/inode.o
                0x00000000c000544d                inode_sync
                0x00000000c000556f                inode_open
                0x00000000c00056d0                inode_close
                0x00000000c000574b                inode_init
                0x00000000c000579d                inode_delete
                0x00000000c00058aa                inode_release
 .text          0x00000000c0005adb      0xe36 build/dir.o
                0x00000000c0005adb                open_root_dir
                0x00000000c0005b0a                dir_open
                0x00000000c0005b4a                search_dir_entry
                0x00000000c0005d1e                dir_close
                0x00000000c0005d50                create_dir_entry
                0x00000000c0005db9                sync_dir_entry
                0x00000000c00061cd                delete_dir_entry
                0x00000000c00065f9                dir_read
                0x00000000c00067ff                dir_is_empty
                0x00000000c0006821                dir_remove
 .text          0x00000000c0006911       0x5b build/stdio-kernel.o
                0x00000000c0006911                printk
 .text          0x00000000c000696c      0xd74 build/ide.o
                0x00000000c0006a09                ide_init
                0x00000000c0006e82                ide_read
                0x00000000c0006fe6                ide_write
                0x00000000c000714a                intr_hd_handler
 .text          0x00000000c00076e0      0x2cc build/keyboard.o
                0x00000000c0007972                keyboard_init
 .text          0x00000000c00079ac      0x2e4 build/ioqueue.o
                0x00000000c00079ac                ioqueue_init
                0x00000000c0007a04                ioq_full
                0x00000000c0007a51                ioq_empty
                0x00000000c0007b1d                ioq_getchar
                0x00000000c0007bd5                ioq_putchar
 .text          0x00000000c0007c90      0x35c build/process.o
                0x00000000c0007c90                start_process
                0x00000000c0007d8e                page_dir_activate
                0x00000000c0007dc2                process_activate
                0x00000000c0007e0f                create_page_dir
                0x00000000c0007e87                create_user_vaddr_bitmap
                0x00000000c0007ed2                process_execute
 .text          0x00000000c0007fec       0xd0 build/console.o
                0x00000000c0007fec                console_init
                0x00000000c0008004                console_acquire
                0x00000000c000801c                console_release
                0x00000000c0008034                console_put_str
                0x00000000c0008054                console_put_char
                0x00000000c000807c                console_put_int
                0x00000000c000809c                sys_putchar
 .text          0x00000000c00080bc      0x188 build/tss.o
                0x00000000c00080bc                update_tss_esp
                0x00000000c000813b                tss_init
 .text          0x00000000c0008244      0x2af build/sync.o
                0x00000000c0008244                sema_init
                0x00000000c000826c                lock_init
                0x00000000c000829b                sema_down
                0x00000000c0008370                sema_up
                0x00000000c000841b                lock_acquire
                0x00000000c0008491                lock_release
 .text          0x00000000c00084f3      0x6cd build/thread.o
                0x00000000c000850a                get_cur_thread_pcb
                0x00000000c0008575                thread_create
                0x00000000c00085e5                init_thread
                0x00000000c00086e5                thread_start
                0x00000000c000883a                schedule
                0x00000000c0008948                thread_init
                0x00000000c00089d5                thread_block
                0x00000000c0008a37                thread_unblock
                0x00000000c0008b30                thread_yield
                0x00000000c0008bb3                fork_pid
 .text          0x00000000c0008bc0      0x1d4 build/list.o
                0x00000000c0008bc0                list_init
                0x00000000c0008bed                list_insert_before
                0x00000000c0008c31                list_push
                0x00000000c0008c4e                list_append
                0x00000000c0008c6b                list_remove
                0x00000000c0008ca4                list_pop
                0x00000000c0008cc6                list_empty
                0x00000000c0008cdf                list_len
                0x00000000c0008d13                list_traversal
                0x00000000c0008d59                elem_find
 .text          0x00000000c0008d94      0x1d5 build/timer.o
                0x00000000c0008e36                timer_init
                0x00000000c0008f1f                mtime_sleep
 .text          0x00000000c0008f69      0x471 build/interrupt.o
                0x00000000c0009289                idt_init
                0x00000000c00092f3                intr_enable
                0x00000000c000930d                intr_disable
                0x00000000c0009327                intr_set_status
                0x00000000c0009341                intr_get_status
                0x00000000c00093be                register_handler
 *fill*         0x00000000c00093da        0x6 
 .text          0x00000000c00093e0      0x565 build/kernel.o
                0x00000000c00093e0                intr_exit
                0x00000000c0009921                syscall_handler
 *fill*         0x00000000c0009945        0xb 
 .text          0x00000000c0009950      0x188 build/print.o
                0x00000000c0009950                put_str
                0x00000000c000996e                put_char
                0x00000000c0009a3b                put_int
                0x00000000c0009a99                cls_screen
 .text          0x00000000c0009ad8     0x10ad build/memory.o
                0x00000000c0009ca8                block_desc_init
                0x00000000c0009d38                mem_init
                0x00000000c0009ef8                pte_ptr
                0x00000000c0009f1f                pde_ptr
                0x00000000c0009f7e                pfree
                0x00000000c000a0f9                malloc_page
                0x00000000c000a260                mfree_page
                0x00000000c000a41e                get_kernel_pages
                0x00000000c000a479                get_user_pages
                0x00000000c000a4d4                get_a_page
                0x00000000c000a62e                addr_v2p
                0x00000000c000a65b                sys_malloc
                0x00000000c000a96c                sys_free
                0x00000000c000aafb                get_a_page_without_opvaddrbitmap
 .text          0x00000000c000ab85      0x21d build/bitmap.o
                0x00000000c000ab85                bitmap_init
                0x00000000c000aba7                bitmap_test_bit
                0x00000000c000abe5                bitmap_scan
                0x00000000c000acf4                bitmap_set
 .text          0x00000000c000ada2      0x3a1 build/string.o
                0x00000000c000ada2                memset
                0x00000000c000adf2                memcpy
                0x00000000c000ae50                memcmp
                0x00000000c000aec4                strcpy
                0x00000000c000af17                strlen
                0x00000000c000af5f                strcmp
                0x00000000c000afcc                strchr
                0x00000000c000b021                strrchr
                0x00000000c000b07c                strcat
                0x00000000c000b0e2                strchrs
 .text          0x00000000c000b143       0xa6 build/debug.o
                0x00000000c000b143                panic_spin
 *fill*         0x00000000c000b1e9        0x7 
 .text          0x00000000c000b1f0       0x15 build/switch.o
                0x00000000c000b1f0                switch_to
 *(.gnu.warning)

.fini
 *(SORT(.fini))
                0x00000000c000b205                PROVIDE (__etext, .)
                0x00000000c000b205                PROVIDE (_etext, .)
                0x00000000c000b205                PROVIDE (etext, .)

.rodata         0x00000000c000b208     0x248b
 *(.rodata .rodata.* .gnu.linkonce.r.*)
 .rodata        0x00000000c000b208       0x2d build/main.o
 .rodata        0x00000000c000b235       0x1a build/init.o
 *fill*         0x00000000c000b24f        0x1 
 .rodata        0x00000000c000b250       0x95 build/shell.o
 *fill*         0x00000000c000b2e5        0x3 
 .rodata        0x00000000c000b2e8      0x145 build/fork.o
 .rodata        0x00000000c000b42d       0x27 build/syscall-init.o
 .rodata        0x00000000c000b454      0x927 build/fs.o
 *fill*         0x00000000c000bd7b        0x1 
 .rodata        0x00000000c000bd7c      0x482 build/file.o
 *fill*         0x00000000c000c1fe        0x2 
 .rodata        0x00000000c000c200       0xea build/inode.o
 *fill*         0x00000000c000c2ea        0x2 
 .rodata        0x00000000c000c2ec      0x27b build/dir.o
 *fill*         0x00000000c000c567        0x1 
 .rodata        0x00000000c000c568      0x22b build/ide.o
 .rodata        0x00000000c000c793       0x36 build/keyboard.o
 *fill*         0x00000000c000c7c9        0x3 
 .rodata        0x00000000c000c7cc       0xa8 build/ioqueue.o
 .rodata        0x00000000c000c874       0xe0 build/process.o
 .rodata        0x00000000c000c954       0x27 build/tss.o
 *fill*         0x00000000c000c97b        0x1 
 .rodata        0x00000000c000c97c      0x121 build/sync.o
 *fill*         0x00000000c000ca9d        0x3 
 .rodata        0x00000000c000caa0      0x2f9 build/thread.o
 *fill*         0x00000000c000cd99        0x3 
 .rodata        0x00000000c000cd9c       0x8c build/timer.o
 .rodata        0x00000000c000ce28      0x30d build/interrupt.o
 *fill*         0x00000000c000d135        0x3 
 .rodata        0x00000000c000d138      0x3cd build/memory.o
 *fill*         0x00000000c000d505        0x3 
 .rodata        0x00000000c000d508       0x67 build/bitmap.o
 *fill*         0x00000000c000d56f        0x1 
 .rodata        0x00000000c000d570       0xe4 build/string.o
 .rodata        0x00000000c000d654       0x3f build/debug.o

.rodata1
 *(.rodata1)

.eh_frame_hdr
 *(.eh_frame_hdr)

.eh_frame       0x00000000c000d694     0x1ac4
 *(.eh_frame)
 .eh_frame      0x00000000c000d694       0x5c build/main.o
 .eh_frame      0x00000000c000d6f0       0x20 build/init.o
                                         0x38 (size before relaxing)
 .eh_frame      0x00000000c000d710       0x5c build/shell.o
                                         0x74 (size before relaxing)
 .eh_frame      0x00000000c000d76c       0x84 build/stdio.o
                                         0x9c (size before relaxing)
 .eh_frame      0x00000000c000d7f0       0xc0 build/fork.o
                                         0xd8 (size before relaxing)
 .eh_frame      0x00000000c000d8b0       0x40 build/syscall-init.o
                                         0x58 (size before relaxing)
 .eh_frame      0x00000000c000d8f0      0x114 build/syscall.o
                                        0x12c (size before relaxing)
 .eh_frame      0x00000000c000da04      0x32c build/fs.o
                                        0x344 (size before relaxing)
 .eh_frame      0x00000000c000dd30      0x140 build/file.o
                                        0x158 (size before relaxing)
 .eh_frame      0x00000000c000de70       0xe4 build/inode.o
                                         0xfc (size before relaxing)
 .eh_frame      0x00000000c000df54      0x14c build/dir.o
                                        0x164 (size before relaxing)
 .eh_frame      0x00000000c000e0a0       0x24 build/stdio-kernel.o
                                         0x3c (size before relaxing)
 .eh_frame      0x00000000c000e0c4      0x254 build/ide.o
                                        0x26c (size before relaxing)
 .eh_frame      0x00000000c000e318       0x60 build/keyboard.o
                                         0x78 (size before relaxing)
 .eh_frame      0x00000000c000e378      0x100 build/ioqueue.o
                                        0x118 (size before relaxing)
 .eh_frame      0x00000000c000e478       0xc0 build/process.o
                                         0xd8 (size before relaxing)
 .eh_frame      0x00000000c000e538       0xe0 build/console.o
                                         0xf8 (size before relaxing)
 .eh_frame      0x00000000c000e618       0x64 build/tss.o
                                         0x7c (size before relaxing)
 .eh_frame      0x00000000c000e67c       0xc8 build/sync.o
                                         0xe0 (size before relaxing)
 .eh_frame      0x00000000c000e744      0x1bc build/thread.o
                                        0x1d4 (size before relaxing)
 .eh_frame      0x00000000c000e900      0x140 build/list.o
                                        0x158 (size before relaxing)
 .eh_frame      0x00000000c000ea40       0xcc build/timer.o
                                         0xe4 (size before relaxing)
 .eh_frame      0x00000000c000eb0c      0x1a8 build/interrupt.o
                                        0x1c0 (size before relaxing)
 .eh_frame      0x00000000c000ecb4      0x2c0 build/memory.o
                                        0x2d8 (size before relaxing)
 .eh_frame      0x00000000c000ef74       0x88 build/bitmap.o
                                         0xa0 (size before relaxing)
 .eh_frame      0x00000000c000effc      0x140 build/string.o
                                        0x158 (size before relaxing)
 .eh_frame      0x00000000c000f13c       0x1c build/debug.o
                                         0x34 (size before relaxing)

.gcc_except_table
 *(.gcc_except_table .gcc_except_table.*)

.exception_ranges
 *(.exception_ranges .exception_ranges*)
                0x00000000c000f158                . = (ALIGN (0x1000) - ((0x1000 - .) & 0xfff))
                0x00000000c0010158                . = DATA_SEGMENT_ALIGN (0x1000, 0x1000)

.eh_frame
 *(.eh_frame)

.gcc_except_table
 *(.gcc_except_table .gcc_except_table.*)

.exception_ranges
 *(.exception_ranges .exception_ranges*)

.tdata
 *(.tdata .tdata.* .gnu.linkonce.td.*)

.tbss
 *(.tbss .tbss.* .gnu.linkonce.tb.*)
 *(.tcommon)

.preinit_array  0x00000000c0010158        0x0
                0x00000000c0010158                PROVIDE (__preinit_array_start, .)
 *(.preinit_array)
                0x00000000c0010158                PROVIDE (__preinit_array_end, .)

.init_array     0x00000000c0010158        0x0
                0x00000000c0010158                PROVIDE (__init_array_start, .)
 *(SORT(.init_array.*))
 *(.init_array)
                0x00000000c0010158                PROVIDE (__init_array_end, .)

.fini_array     0x00000000c0010158        0x0
                0x00000000c0010158                PROVIDE (__fini_array_start, .)
 *(SORT(.fini_array.*))
 *(.fini_array)
                0x00000000c0010158                PROVIDE (__fini_array_end, .)

.ctors
 *crtbegin.o(.ctors)
 *crtbegin?.o(.ctors)
 *(EXCLUDE_FILE(*crtend?.o *crtend.o) .ctors)
 *(SORT(.ctors.*))
 *(.ctors)

.dtors
 *crtbegin.o(.dtors)
 *crtbegin?.o(.dtors)
 *(EXCLUDE_FILE(*crtend?.o *crtend.o) .dtors)
 *(SORT(.dtors.*))
 *(.dtors)

.jcr
 *(.jcr)

.data.rel.ro
 *(.data.rel.ro.local* .gnu.linkonce.d.rel.ro.local.*)
 *(.data.rel.ro .data.rel.ro.* .gnu.linkonce.d.rel.ro.*)

.dynamic
 *(.dynamic)

.got
 *(.got)
 *(.igot)
                0x00000000c0010158                . = DATA_SEGMENT_RELRO_END (., (SIZEOF (.got.plt) >= 0xc)?0xc:0x0)

.got.plt        0x00000000c0010158        0x0
 *(.got.plt)
 *(.igot.plt)
 .igot.plt      0x0000000000000000        0x0 build/main.o

.data           0x00000000c0010160      0x140
 *(.data .data.* .gnu.linkonce.d.*)
 .data          0x00000000c0010160        0x0 build/main.o
 .data          0x00000000c0010160        0x0 build/init.o
 .data          0x00000000c0010160        0x0 build/shell.o
 .data          0x00000000c0010160        0x0 build/stdio.o
 .data          0x00000000c0010160        0x0 build/fork.o
 .data          0x00000000c0010160        0x0 build/syscall-init.o
 .data          0x00000000c0010160        0x0 build/syscall.o
 .data          0x00000000c0010160        0x0 build/fs.o
 .data          0x00000000c0010160        0x0 build/file.o
 .data          0x00000000c0010160        0x0 build/inode.o
 .data          0x00000000c0010160        0x0 build/dir.o
 .data          0x00000000c0010160        0x0 build/stdio-kernel.o
 .data          0x00000000c0010160        0x0 build/ide.o
 .data          0x00000000c0010160       0x76 build/keyboard.o
 .data          0x00000000c00101d6        0x0 build/ioqueue.o
 .data          0x00000000c00101d6        0x0 build/process.o
 .data          0x00000000c00101d6        0x0 build/console.o
 .data          0x00000000c00101d6        0x0 build/tss.o
 .data          0x00000000c00101d6        0x0 build/sync.o
 .data          0x00000000c00101d6        0x0 build/thread.o
 .data          0x00000000c00101d6        0x0 build/list.o
 .data          0x00000000c00101d6        0x0 build/timer.o
 .data          0x00000000c00101d6        0x0 build/interrupt.o
 *fill*         0x00000000c00101d6        0x2 
 .data          0x00000000c00101d8       0xc0 build/kernel.o
                0x00000000c00101d8                intr_entry_table
 .data          0x00000000c0010298        0x8 build/print.o
 .data          0x00000000c00102a0        0x0 build/memory.o
 .data          0x00000000c00102a0        0x0 build/bitmap.o
 .data          0x00000000c00102a0        0x0 build/string.o
 .data          0x00000000c00102a0        0x0 build/debug.o

.data1
 *(.data1)
                0x00000000c00102a0                _edata = .
                0x00000000c00102a0                PROVIDE (edata, .)
                0x00000000c00102a0                . = .
                0x00000000c00102a0                __bss_start = .

.bss            0x00000000c00102a0     0x1d2c
 *(.dynbss)
 *(.bss .bss.* .gnu.linkonce.b.*)
 .bss           0x00000000c00102a0        0x0 build/main.o
 .bss           0x00000000c00102a0        0x4 build/init.o
                0x00000000c00102a0                init_done
 *fill*         0x00000000c00102a4       0x1c 
 .bss           0x00000000c00102c0       0xc0 build/shell.o
                0x00000000c00102c0                cwd_cache
 .bss           0x00000000c0010380        0x0 build/stdio.o
 .bss           0x00000000c0010380        0x0 build/fork.o
 .bss           0x00000000c0010380        0x0 build/syscall-init.o
 .bss           0x00000000c0010380        0x0 build/syscall.o
 .bss           0x00000000c0010380        0x0 build/fs.o
 .bss           0x00000000c0010380        0x0 build/file.o
 .bss           0x00000000c0010380        0x0 build/inode.o
 .bss           0x00000000c0010380        0x0 build/dir.o
 .bss           0x00000000c0010380        0x0 build/stdio-kernel.o
 .bss           0x00000000c0010380        0x6 build/ide.o
                0x00000000c0010380                ext_lba_base
                0x00000000c0010384                p_no
                0x00000000c0010385                l_no
 *fill*         0x00000000c0010386        0x2 
 .bss           0x00000000c0010388       0x14 build/keyboard.o
 .bss           0x00000000c001039c        0x0 build/ioqueue.o
 .bss           0x00000000c001039c        0x0 build/process.o
 .bss           0x00000000c001039c       0x1c build/console.o
 *fill*         0x00000000c00103b8        0x8 
 .bss           0x00000000c00103c0       0x6c build/tss.o
 .bss           0x00000000c001042c        0x0 build/sync.o
 .bss           0x00000000c001042c        0x2 build/thread.o
 .bss           0x00000000c001042e        0x0 build/list.o
 .bss           0x00000000c001042e        0x0 build/timer.o
 *fill*         0x00000000c001042e       0x12 
 .bss           0x00000000c0010440      0x408 build/interrupt.o
 .bss           0x00000000c0010848        0x0 build/memory.o
 .bss           0x00000000c0010848        0x0 build/bitmap.o
 .bss           0x00000000c0010848        0x0 build/string.o
 .bss           0x00000000c0010848        0x0 build/debug.o
 *(COMMON)
 *fill*         0x00000000c0010848       0x18 
 COMMON         0x00000000c0010860       0x80 build/syscall-init.o
                0x00000000c0010860                syscall_table
 COMMON         0x00000000c00108e0        0x4 build/fs.o
                0x00000000c00108e0                cur_part
 *fill*         0x00000000c00108e4       0x1c 
 COMMON         0x00000000c0010900      0x180 build/file.o
                0x00000000c0010900                file_table
 COMMON         0x00000000c0010a80      0x208 build/dir.o
                0x00000000c0010a80                root_dir
 *fill*         0x00000000c0010c88       0x18 
 COMMON         0x00000000c0010ca0      0xcf0 build/ide.o
                0x00000000c0010ca0                channel_cnt
                0x00000000c0010cc0                channels
                0x00000000c0011980                partition_list
 *fill*         0x00000000c0011990       0x10 
 COMMON         0x00000000c00119a0       0x6c build/keyboard.o
                0x00000000c00119a0                kbd_buf
 COMMON         0x00000000c0011a0c       0x44 build/thread.o
                0x00000000c0011a0c                thread_ready_list
                0x00000000c0011a1c                thread_all_list
                0x00000000c0011a2c                idle_thread
                0x00000000c0011a30                main_thread
                0x00000000c0011a34                pid_lock
 COMMON         0x00000000c0011a50        0x4 build/timer.o
                0x00000000c0011a50                total_ticks
 *fill*         0x00000000c0011a54        0xc 
 COMMON         0x00000000c0011a60      0x424 build/interrupt.o
                0x00000000c0011a60                intr_name
                0x00000000c0011c80                idt_table
 *fill*         0x00000000c0011e84       0x1c 
 COMMON         0x00000000c0011ea0      0x12c build/memory.o
                0x00000000c0011ea0                k_block_desc
                0x00000000c0011f48                k_v_pool
                0x00000000c0011f60                k_p_pool
                0x00000000c0011fa0                u_p_pool
                0x00000000c0011fcc                . = ALIGN ((. != 0x0)?0x4:0x1)
                0x00000000c0011fcc                . = ALIGN (0x4)
                0x00000000c0011fcc                . = SEGMENT_START ("ldata-segment", .)
                0x00000000c0011fcc                . = ALIGN (0x4)
                0x00000000c0011fcc                _end = .
                0x00000000c0011fcc                PROVIDE (end, .)
                0x00000000c0011fcc                . = DATA_SEGMENT_END (.)

.stab
 *(.stab)

.stabstr
 *(.stabstr)

.stab.excl
 *(.stab.excl)

.stab.exclstr
 *(.stab.exclstr)

.stab.index
 *(.stab.index)

.stab.indexstr
 *(.stab.indexstr)

.comment        0x0000000000000000       0x11
 *(.comment)
 .comment       0x0000000000000000       0x11 build/main.o
                                         0x12 (size before relaxing)
 .comment       0x0000000000000000       0x12 build/init.o
 .comment       0x0000000000000000       0x12 build/shell.o
 .comment       0x0000000000000000       0x12 build/stdio.o
 .comment       0x0000000000000000       0x12 build/fork.o
 .comment       0x0000000000000000       0x12 build/syscall-init.o
 .comment       0x0000000000000000       0x12 build/syscall.o
 .comment       0x0000000000000000       0x12 build/fs.o
 .comment       0x0000000000000000       0x12 build/file.o
 .comment       0x0000000000000000       0x12 build/inode.o
 .comment       0x0000000000000000       0x12 build/dir.o
 .comment       0x0000000000000000       0x12 build/stdio-kernel.o
 .comment       0x0000000000000000       0x12 build/ide.o
 .comment       0x0000000000000000       0x12 build/keyboard.o
 .comment       0x0000000000000000       0x12 build/ioqueue.o
 .comment       0x0000000000000000       0x12 build/process.o
 .comment       0x0000000000000000       0x12 build/console.o
 .comment       0x0000000000000000       0x12 build/tss.o
 .comment       0x0000000000000000       0x12 build/sync.o
 .comment       0x0000000000000000       0x12 build/thread.o
 .comment       0x0000000000000000       0x12 build/list.o
 .comment       0x0000000000000000       0x12 build/timer.o
 .comment       0x0000000000000000       0x12 build/interrupt.o
 .comment       0x0000000000000000       0x12 build/memory.o
 .comment       0x0000000000000000       0x12 build/bitmap.o
 .comment       0x0000000000000000       0x12 build/string.o
 .comment       0x0000000000000000       0x12 build/debug.o

.debug
 *(.debug)

.line
 *(.line)

.debug_srcinfo
 *(.debug_srcinfo)

.debug_sfnames
 *(.debug_sfnames)

.debug_aranges
 *(.debug_aranges)

.debug_pubnames
 *(.debug_pubnames)

.debug_info
 *(.debug_info .gnu.linkonce.wi.*)

.debug_abbrev
 *(.debug_abbrev)

.debug_line
 *(.debug_line .debug_line.* .debug_line_end)

.debug_frame
 *(.debug_frame)

.debug_str
 *(.debug_str)

.debug_loc
 *(.debug_loc)

.debug_macinfo
 *(.debug_macinfo)

.debug_weaknames
 *(.debug_weaknames)

.debug_funcnames
 *(.debug_funcnames)

.debug_typenames
 *(.debug_typenames)

.debug_varnames
 *(.debug_varnames)

.debug_pubtypes
 *(.debug_pubtypes)

.debug_ranges
 *(.debug_ranges)

.debug_macro
 *(.debug_macro)

.gnu.attributes
 *(.gnu.attributes)

/DISCARD/
 *(.note.GNU-stack)
 *(.gnu_debuglink)
 *(.gnu.lto_*)
OUTPUT(build/kernel.bin elf32-i386)
