
Allocating common symbols
Common symbol       size              file

kbd_buf             0x6c              build/keyboard.o
thread_ready_list   0x10              build/thread.o
thread_all_list     0x10              build/thread.o
k_v_pool            0xc               build/memory.o
intr_name           0xc0              build/interrupt.o
main_thread         0x4               build/thread.o
total_ticks         0x4               build/timer.o
k_p_pool            0x10              build/memory.o
u_p_pool            0x10              build/memory.o
idt_table           0xc0              build/interrupt.o

Memory Configuration

Name             Origin             Length             Attributes
*default*        0x0000000000000000 0xffffffffffffffff

Linker script and memory map

Address of section .text set to 0xc0001500
LOAD build/main.o
LOAD build/init.o
LOAD build/keyboard.o
LOAD build/ioqueue.o
LOAD build/console.o
LOAD build/sync.o
LOAD build/thread.o
LOAD build/list.o
LOAD build/timer.o
LOAD build/interrupt.o
LOAD build/kernel.o
LOAD build/print.o
LOAD build/memory.o
LOAD build/bitmap.o
LOAD build/string.o
LOAD build/debug.o
LOAD build/switch.o
                0x0000000008048000                PROVIDE (__executable_start, 0x8048000)
                0x0000000008048074                . = (0x8048000 + SIZEOF_HEADERS)

.interp
 *(.interp)

.note.gnu.build-id
 *(.note.gnu.build-id)

.hash
 *(.hash)

.gnu.hash
 *(.gnu.hash)

.dynsym
 *(.dynsym)

.dynstr
 *(.dynstr)

.gnu.version
 *(.gnu.version)

.gnu.version_d
 *(.gnu.version_d)

.gnu.version_r
 *(.gnu.version_r)

.rel.dyn        0x0000000008048074        0x0
 *(.rel.init)
 *(.rel.text .rel.text.* .rel.gnu.linkonce.t.*)
 .rel.text      0x0000000000000000        0x0 build/main.o
 *(.rel.fini)
 *(.rel.rodata .rel.rodata.* .rel.gnu.linkonce.r.*)
 *(.rel.data.rel.ro .rel.data.rel.ro.* .rel.gnu.linkonce.d.rel.ro.*)
 *(.rel.data .rel.data.* .rel.gnu.linkonce.d.*)
 *(.rel.tdata .rel.tdata.* .rel.gnu.linkonce.td.*)
 *(.rel.tbss .rel.tbss.* .rel.gnu.linkonce.tb.*)
 *(.rel.ctors)
 *(.rel.dtors)
 *(.rel.got)
 *(.rel.bss .rel.bss.* .rel.gnu.linkonce.b.*)
 *(.rel.ifunc)

.rel.plt        0x0000000008048074        0x0
 *(.rel.plt)
                0x0000000008048074                PROVIDE (__rel_iplt_start, .)
 *(.rel.iplt)
 .rel.iplt      0x0000000000000000        0x0 build/main.o
                0x0000000008048074                PROVIDE (__rel_iplt_end, .)

.init
 *(SORT(.init))

.plt            0x0000000008048080        0x0
 *(.plt)
 *(.iplt)
 .iplt          0x0000000000000000        0x0 build/main.o

.text           0x00000000c0001500     0x2905
 *(.text.unlikely .text.*_unlikely .text.unlikely.*)
 *(.text.exit .text.exit.*)
 *(.text.startup .text.startup.*)
 *(.text.hot .text.hot.*)
 *(.text .stub .text.* .gnu.linkonce.t.*)
 .text          0x00000000c0001500      0x119 build/main.o
                0x00000000c0001500                main
                0x00000000c000154f                k_thread_a
                0x00000000c00015b4                k_thread_b
 .text          0x00000000c0001619       0x46 build/init.o
                0x00000000c0001619                init_all
 .text          0x00000000c000165f      0x2ba build/keyboard.o
                0x00000000c00018df                keyboard_init
 .text          0x00000000c0001919      0x2e4 build/ioqueue.o
                0x00000000c0001919                ioqueue_init
                0x00000000c0001971                ioq_full
                0x00000000c00019be                ioq_empty
                0x00000000c0001a8a                ioq_getchar
                0x00000000c0001b42                ioq_putchar
 .text          0x00000000c0001bfd       0xb0 build/console.o
                0x00000000c0001bfd                console_init
                0x00000000c0001c15                console_acquire
                0x00000000c0001c2d                console_release
                0x00000000c0001c45                console_put_str
                0x00000000c0001c65                console_put_char
                0x00000000c0001c8d                console_put_int
 .text          0x00000000c0001cad      0x2af build/sync.o
                0x00000000c0001cd5                lock_init
                0x00000000c0001e84                lock_acquire
                0x00000000c0001efa                lock_release
 .text          0x00000000c0001f5c      0x531 build/thread.o
                0x00000000c0001f5c                get_cur_thread_pcb
                0x00000000c0001f8c                thread_create
                0x00000000c0001ffc                init_thread
                0x00000000c000208e                thread_start
                0x00000000c00021e0                schedule
                0x00000000c00022e5                thread_init
                0x00000000c0002332                thread_block
                0x00000000c0002394                thread_unblock
 .text          0x00000000c000248d      0x1d4 build/list.o
                0x00000000c000248d                list_init
                0x00000000c00024ba                list_insert_before
                0x00000000c00024fe                list_push
                0x00000000c000251b                list_append
                0x00000000c0002538                list_remove
                0x00000000c0002571                list_pop
                0x00000000c0002593                list_empty
                0x00000000c00025ac                list_len
                0x00000000c00025e0                list_traversal
                0x00000000c0002626                elem_find
 .text          0x00000000c0002661      0x164 build/timer.o
                0x00000000c0002703                timer_init
 .text          0x00000000c00027c5      0x454 build/interrupt.o
                0x00000000c0002ac8                idt_init
                0x00000000c0002b32                intr_enable
                0x00000000c0002b4c                intr_disable
                0x00000000c0002b66                intr_set_status
                0x00000000c0002b80                intr_get_status
                0x00000000c0002bfd                register_handler
 *fill*         0x00000000c0002c19        0x7 
 .text          0x00000000c0002c20      0x541 build/kernel.o
                0x00000000c0002c20                intr_exit
 *fill*         0x00000000c0003161        0xf 
 .text          0x00000000c0003170      0x149 build/print.o
                0x00000000c0003170                put_str
                0x00000000c000318e                put_char
                0x00000000c000325b                put_int
 .text          0x00000000c00032b9      0x4d6 build/memory.o
                0x00000000c0003469                mem_init
                0x00000000c0003548                pte_ptr
                0x00000000c000356f                pde_ptr
                0x00000000c0003696                malloc_page
                0x00000000c0003754                get_kernel_pages
 .text          0x00000000c000378f      0x21d build/bitmap.o
                0x00000000c000378f                bitmap_init
                0x00000000c00037b1                bitmap_test_bit
                0x00000000c00037ef                bitmap_scan
                0x00000000c00038fe                bitmap_set
 .text          0x00000000c00039ac      0x39b build/string.o
                0x00000000c00039ac                memset
                0x00000000c00039fc                memcpy
                0x00000000c0003a54                memcmp
                0x00000000c0003ac8                strcpy
                0x00000000c0003b1b                strlen
                0x00000000c0003b63                strcmp
                0x00000000c0003bd0                strchr
                0x00000000c0003c25                strrchr
                0x00000000c0003c80                strcat
                0x00000000c0003ce6                strchrs
 .text          0x00000000c0003d47       0xa6 build/debug.o
                0x00000000c0003d47                panic_spin
 *fill*         0x00000000c0003ded        0x3 
 .text          0x00000000c0003df0       0x15 build/switch.o
                0x00000000c0003df0                switch_to
 *(.gnu.warning)

.fini
 *(SORT(.fini))
                0x00000000c0003e05                PROVIDE (__etext, .)
                0x00000000c0003e05                PROVIDE (_etext, .)
                0x00000000c0003e05                PROVIDE (etext, .)

.rodata         0x00000000c0003e08      0xb87
 *(.rodata .rodata.* .gnu.linkonce.r.*)
 .rodata        0x00000000c0003e08       0x1e build/main.o
 .rodata        0x00000000c0003e26       0x19 build/init.o
 .rodata        0x00000000c0003e3f       0x36 build/keyboard.o
 *fill*         0x00000000c0003e75        0x3 
 .rodata        0x00000000c0003e78       0xa8 build/ioqueue.o
 .rodata        0x00000000c0003f20      0x121 build/sync.o
 *fill*         0x00000000c0004041        0x3 
 .rodata        0x00000000c0004044      0x2c7 build/thread.o
 *fill*         0x00000000c000430b        0x1 
 .rodata        0x00000000c000430c       0x6f build/timer.o
 *fill*         0x00000000c000437b        0x1 
 .rodata        0x00000000c000437c      0x30d build/interrupt.o
 *fill*         0x00000000c0004689        0x3 
 .rodata        0x00000000c000468c      0x178 build/memory.o
 .rodata        0x00000000c0004804       0x67 build/bitmap.o
 *fill*         0x00000000c000486b        0x1 
 .rodata        0x00000000c000486c       0xe4 build/string.o
 .rodata        0x00000000c0004950       0x3f build/debug.o

.rodata1
 *(.rodata1)

.eh_frame_hdr
 *(.eh_frame_hdr)

.eh_frame       0x00000000c0004990      0xb34
 *(.eh_frame)
 .eh_frame      0x00000000c0004990       0x74 build/main.o
 .eh_frame      0x00000000c0004a04       0x20 build/init.o
                                         0x38 (size before relaxing)
 .eh_frame      0x00000000c0004a24       0x60 build/keyboard.o
                                         0x78 (size before relaxing)
 .eh_frame      0x00000000c0004a84      0x100 build/ioqueue.o
                                        0x118 (size before relaxing)
 .eh_frame      0x00000000c0004b84       0xc0 build/console.o
                                         0xd8 (size before relaxing)
 .eh_frame      0x00000000c0004c44       0xc8 build/sync.o
                                         0xe0 (size before relaxing)
 .eh_frame      0x00000000c0004d0c      0x140 build/thread.o
                                        0x158 (size before relaxing)
 .eh_frame      0x00000000c0004e4c      0x140 build/list.o
                                        0x158 (size before relaxing)
 .eh_frame      0x00000000c0004f8c       0x8c build/timer.o
                                         0xa4 (size before relaxing)
 .eh_frame      0x00000000c0005018      0x1a8 build/interrupt.o
                                        0x1c0 (size before relaxing)
 .eh_frame      0x00000000c00051c0      0x120 build/memory.o
                                        0x138 (size before relaxing)
 .eh_frame      0x00000000c00052e0       0x88 build/bitmap.o
                                         0xa0 (size before relaxing)
 .eh_frame      0x00000000c0005368      0x140 build/string.o
                                        0x158 (size before relaxing)
 .eh_frame      0x00000000c00054a8       0x1c build/debug.o
                                         0x34 (size before relaxing)

.gcc_except_table
 *(.gcc_except_table .gcc_except_table.*)

.exception_ranges
 *(.exception_ranges .exception_ranges*)
                0x00000000c00054c4                . = (ALIGN (0x1000) - ((0x1000 - .) & 0xfff))
                0x00000000c00064c4                . = DATA_SEGMENT_ALIGN (0x1000, 0x1000)

.eh_frame
 *(.eh_frame)

.gcc_except_table
 *(.gcc_except_table .gcc_except_table.*)

.exception_ranges
 *(.exception_ranges .exception_ranges*)

.tdata
 *(.tdata .tdata.* .gnu.linkonce.td.*)

.tbss
 *(.tbss .tbss.* .gnu.linkonce.tb.*)
 *(.tcommon)

.preinit_array  0x00000000c00064c4        0x0
                0x00000000c00064c4                PROVIDE (__preinit_array_start, .)
 *(.preinit_array)
                0x00000000c00064c4                PROVIDE (__preinit_array_end, .)

.init_array     0x00000000c00064c4        0x0
                0x00000000c00064c4                PROVIDE (__init_array_start, .)
 *(SORT(.init_array.*))
 *(.init_array)
                0x00000000c00064c4                PROVIDE (__init_array_end, .)

.fini_array     0x00000000c00064c4        0x0
                0x00000000c00064c4                PROVIDE (__fini_array_start, .)
 *(SORT(.fini_array.*))
 *(.fini_array)
                0x00000000c00064c4                PROVIDE (__fini_array_end, .)

.ctors
 *crtbegin.o(.ctors)
 *crtbegin?.o(.ctors)
 *(EXCLUDE_FILE(*crtend?.o *crtend.o) .ctors)
 *(SORT(.ctors.*))
 *(.ctors)

.dtors
 *crtbegin.o(.dtors)
 *crtbegin?.o(.dtors)
 *(EXCLUDE_FILE(*crtend?.o *crtend.o) .dtors)
 *(SORT(.dtors.*))
 *(.dtors)

.jcr
 *(.jcr)

.data.rel.ro
 *(.data.rel.ro.local* .gnu.linkonce.d.rel.ro.local.*)
 *(.data.rel.ro .data.rel.ro.* .gnu.linkonce.d.rel.ro.*)

.dynamic
 *(.dynamic)

.got
 *(.got)
 *(.igot)
                0x00000000c00064c4                . = DATA_SEGMENT_RELRO_END (., (SIZEOF (.got.plt) >= 0xc)?0xc:0x0)

.got.plt        0x00000000c00064c4        0x0
 *(.got.plt)
 *(.igot.plt)
 .igot.plt      0x0000000000000000        0x0 build/main.o

.data           0x00000000c00064e0      0x140
 *(.data .data.* .gnu.linkonce.d.*)
 .data          0x00000000c00064e0        0x0 build/main.o
 .data          0x00000000c00064e0        0x0 build/init.o
 .data          0x00000000c00064e0       0x76 build/keyboard.o
 .data          0x00000000c0006556        0x0 build/ioqueue.o
 .data          0x00000000c0006556        0x0 build/console.o
 .data          0x00000000c0006556        0x0 build/sync.o
 .data          0x00000000c0006556        0x0 build/thread.o
 .data          0x00000000c0006556        0x0 build/list.o
 .data          0x00000000c0006556        0x0 build/timer.o
 .data          0x00000000c0006556        0x0 build/interrupt.o
 *fill*         0x00000000c0006556        0x2 
 .data          0x00000000c0006558       0xc0 build/kernel.o
                0x00000000c0006558                intr_entry_table
 .data          0x00000000c0006618        0x8 build/print.o
 .data          0x00000000c0006620        0x0 build/memory.o
 .data          0x00000000c0006620        0x0 build/bitmap.o
 .data          0x00000000c0006620        0x0 build/string.o
 .data          0x00000000c0006620        0x0 build/debug.o

.data1
 *(.data1)
                0x00000000c0006620                _edata = .
                0x00000000c0006620                PROVIDE (edata, .)
                0x00000000c0006620                . = .
                0x00000000c0006620                __bss_start = .

.bss            0x00000000c0006620      0x40c
 *(.dynbss)
 *(.bss .bss.* .gnu.linkonce.b.*)
 .bss           0x00000000c0006620        0x0 build/main.o
 .bss           0x00000000c0006620        0x0 build/init.o
 .bss           0x00000000c0006620       0x14 build/keyboard.o
 .bss           0x00000000c0006634        0x0 build/ioqueue.o
 .bss           0x00000000c0006634       0x1c build/console.o
 .bss           0x00000000c0006650        0x0 build/sync.o
 .bss           0x00000000c0006650        0x0 build/thread.o
 .bss           0x00000000c0006650        0x0 build/list.o
 .bss           0x00000000c0006650        0x0 build/timer.o
 *fill*         0x00000000c0006650       0x10 
 .bss           0x00000000c0006660      0x180 build/interrupt.o
 .bss           0x00000000c00067e0        0x0 build/memory.o
 .bss           0x00000000c00067e0        0x0 build/bitmap.o
 .bss           0x00000000c00067e0        0x0 build/string.o
 .bss           0x00000000c00067e0        0x0 build/debug.o
 *(COMMON)
 COMMON         0x00000000c00067e0       0x6c build/keyboard.o
                0x00000000c00067e0                kbd_buf
 COMMON         0x00000000c000684c       0x24 build/thread.o
                0x00000000c000684c                thread_ready_list
                0x00000000c000685c                thread_all_list
                0x00000000c000686c                main_thread
 COMMON         0x00000000c0006870        0x4 build/timer.o
                0x00000000c0006870                total_ticks
 *fill*         0x00000000c0006874        0xc 
 COMMON         0x00000000c0006880      0x180 build/interrupt.o
                0x00000000c0006880                intr_name
                0x00000000c0006940                idt_table
 COMMON         0x00000000c0006a00       0x2c build/memory.o
                0x00000000c0006a00                k_v_pool
                0x00000000c0006a0c                k_p_pool
                0x00000000c0006a1c                u_p_pool
                0x00000000c0006a2c                . = ALIGN ((. != 0x0)?0x4:0x1)
                0x00000000c0006a2c                . = ALIGN (0x4)
                0x00000000c0006a2c                . = SEGMENT_START ("ldata-segment", .)
                0x00000000c0006a2c                . = ALIGN (0x4)
                0x00000000c0006a2c                _end = .
                0x00000000c0006a2c                PROVIDE (end, .)
                0x00000000c0006a2c                . = DATA_SEGMENT_END (.)

.stab
 *(.stab)

.stabstr
 *(.stabstr)

.stab.excl
 *(.stab.excl)

.stab.exclstr
 *(.stab.exclstr)

.stab.index
 *(.stab.index)

.stab.indexstr
 *(.stab.indexstr)

.comment        0x0000000000000000       0x11
 *(.comment)
 .comment       0x0000000000000000       0x11 build/main.o
                                         0x12 (size before relaxing)
 .comment       0x0000000000000000       0x12 build/init.o
 .comment       0x0000000000000000       0x12 build/keyboard.o
 .comment       0x0000000000000000       0x12 build/ioqueue.o
 .comment       0x0000000000000000       0x12 build/console.o
 .comment       0x0000000000000000       0x12 build/sync.o
 .comment       0x0000000000000000       0x12 build/thread.o
 .comment       0x0000000000000000       0x12 build/list.o
 .comment       0x0000000000000000       0x12 build/timer.o
 .comment       0x0000000000000000       0x12 build/interrupt.o
 .comment       0x0000000000000000       0x12 build/memory.o
 .comment       0x0000000000000000       0x12 build/bitmap.o
 .comment       0x0000000000000000       0x12 build/string.o
 .comment       0x0000000000000000       0x12 build/debug.o

.debug
 *(.debug)

.line
 *(.line)

.debug_srcinfo
 *(.debug_srcinfo)

.debug_sfnames
 *(.debug_sfnames)

.debug_aranges
 *(.debug_aranges)

.debug_pubnames
 *(.debug_pubnames)

.debug_info
 *(.debug_info .gnu.linkonce.wi.*)

.debug_abbrev
 *(.debug_abbrev)

.debug_line
 *(.debug_line .debug_line.* .debug_line_end)

.debug_frame
 *(.debug_frame)

.debug_str
 *(.debug_str)

.debug_loc
 *(.debug_loc)

.debug_macinfo
 *(.debug_macinfo)

.debug_weaknames
 *(.debug_weaknames)

.debug_funcnames
 *(.debug_funcnames)

.debug_typenames
 *(.debug_typenames)

.debug_varnames
 *(.debug_varnames)

.debug_pubtypes
 *(.debug_pubtypes)

.debug_ranges
 *(.debug_ranges)

.debug_macro
 *(.debug_macro)

.gnu.attributes
 *(.gnu.attributes)

/DISCARD/
 *(.note.GNU-stack)
 *(.gnu_debuglink)
 *(.gnu.lto_*)
OUTPUT(build/kernel.bin elf32-i386)
