
Allocating common symbols
Common symbol       size              file

kbd_buf             0x6c              build/keyboard.o
root_dir            0x208             build/dir.o
thread_ready_list   0x10              build/thread.o
thread_all_list     0x10              build/thread.o
channel_cnt         0x1               build/ide.o
k_block_desc        0xa8              build/memory.o
cur_part            0x4               build/fs.o
k_v_pool            0xc               build/memory.o
idle_thread         0x4               build/thread.o
intr_name           0x204             build/interrupt.o
main_thread         0x4               build/thread.o
channels            0xcc0             build/ide.o
syscall_table       0x80              build/syscall-init.o
total_ticks         0x4               build/timer.o
k_p_pool            0x2c              build/memory.o
u_p_pool            0x2c              build/memory.o
idt_table           0x204             build/interrupt.o
file_table          0x180             build/file.o
partition_list      0x10              build/ide.o
pid_lock            0x1c              build/thread.o

Memory Configuration

Name             Origin             Length             Attributes
*default*        0x0000000000000000 0xffffffffffffffff

Linker script and memory map

Address of section .text set to 0xc0001500
LOAD build/main.o
LOAD build/init.o
LOAD build/stdio.o
LOAD build/syscall-init.o
LOAD build/syscall.o
LOAD build/fs.o
LOAD build/file.o
LOAD build/inode.o
LOAD build/dir.o
LOAD build/stdio-kernel.o
LOAD build/ide.o
LOAD build/keyboard.o
LOAD build/ioqueue.o
LOAD build/process.o
LOAD build/console.o
LOAD build/tss.o
LOAD build/sync.o
LOAD build/thread.o
LOAD build/list.o
LOAD build/timer.o
LOAD build/interrupt.o
LOAD build/kernel.o
LOAD build/print.o
LOAD build/memory.o
LOAD build/bitmap.o
LOAD build/string.o
LOAD build/debug.o
LOAD build/switch.o
                0x0000000008048000                PROVIDE (__executable_start, 0x8048000)
                0x0000000008048074                . = (0x8048000 + SIZEOF_HEADERS)

.interp
 *(.interp)

.note.gnu.build-id
 *(.note.gnu.build-id)

.hash
 *(.hash)

.gnu.hash
 *(.gnu.hash)

.dynsym
 *(.dynsym)

.dynstr
 *(.dynstr)

.gnu.version
 *(.gnu.version)

.gnu.version_d
 *(.gnu.version_d)

.gnu.version_r
 *(.gnu.version_r)

.rel.dyn        0x0000000008048074        0x0
 *(.rel.init)
 *(.rel.text .rel.text.* .rel.gnu.linkonce.t.*)
 .rel.text      0x0000000000000000        0x0 build/main.o
 *(.rel.fini)
 *(.rel.rodata .rel.rodata.* .rel.gnu.linkonce.r.*)
 *(.rel.data.rel.ro .rel.data.rel.ro.* .rel.gnu.linkonce.d.rel.ro.*)
 *(.rel.data .rel.data.* .rel.gnu.linkonce.d.*)
 *(.rel.tdata .rel.tdata.* .rel.gnu.linkonce.td.*)
 *(.rel.tbss .rel.tbss.* .rel.gnu.linkonce.tb.*)
 *(.rel.ctors)
 *(.rel.dtors)
 *(.rel.got)
 *(.rel.bss .rel.bss.* .rel.gnu.linkonce.b.*)
 *(.rel.ifunc)

.rel.plt        0x0000000008048074        0x0
 *(.rel.plt)
                0x0000000008048074                PROVIDE (__rel_iplt_start, .)
 *(.rel.iplt)
 .rel.iplt      0x0000000000000000        0x0 build/main.o
                0x0000000008048074                PROVIDE (__rel_iplt_end, .)

.init
 *(SORT(.init))

.plt            0x0000000008048080        0x0
 *(.plt)
 *(.iplt)
 .iplt          0x0000000000000000        0x0 build/main.o

.text           0x00000000c0001500     0x97f5
 *(.text.unlikely .text.*_unlikely .text.unlikely.*)
 *(.text.exit .text.exit.*)
 *(.text.startup .text.startup.*)
 *(.text.hot .text.hot.*)
 *(.text .stub .text.* .gnu.linkonce.t.*)
 .text          0x00000000c0001500      0x385 build/main.o
                0x00000000c0001500                main
                0x00000000c00015d7                k_thread_a
                0x00000000c00016aa                k_thread_b
                0x00000000c000177d                u_prog_a
                0x00000000c0001801                u_prog_b
 .text          0x00000000c0001885       0x5a build/init.o
                0x00000000c0001885                init_all
 .text          0x00000000c00018df      0x293 build/stdio.o
                0x00000000c0001960                vsprintf
                0x00000000c0001ad2                printf
                0x00000000c0001b42                sprintf
 .text          0x00000000c0001b72       0x61 build/syscall-init.o
                0x00000000c0001b72                sys_getpid
                0x00000000c0001b83                syscall_init
 .text          0x00000000c0001bd3       0x73 build/syscall.o
                0x00000000c0001bd3                getpid
                0x00000000c0001be8                write
                0x00000000c0001c0b                malloc
                0x00000000c0001c2a                free
 .text          0x00000000c0001c46     0x2086 build/fs.o
                0x00000000c000208d                filesys_init
                0x00000000c00025c7                path_depth_cnt
                0x00000000c00028c6                sys_open
                0x00000000c0002b71                sys_close
                0x00000000c0002bce                sys_write
                0x00000000c0002cd4                sys_read
                0x00000000c0002d50                sys_lseek
                0x00000000c0002e3a                sys_unlink
                0x00000000c000305b                sys_mkdir
                0x00000000c0003442                sys_opendir
                0x00000000c000355b                sys_closedir
                0x00000000c0003588                sys_readdir
                0x00000000c00035c0                sys_rewinddir
                0x00000000c00035cf                sys_rmdir
                0x00000000c000394c                sys_getcwd
                0x00000000c0003b15                sys_chdir
                0x00000000c0003ba2                sys_stat
 .text          0x00000000c0003ccc     0x12e4 build/file.o
                0x00000000c0003ccc                get_free_slot_in_global
                0x00000000c0003d20                pcb_fd_install
                0x00000000c0003d8a                inode_bitmap_alloc
                0x00000000c0003de7                block_bitmap_alloc
                0x00000000c0003e4f                bitmap_sync
                0x00000000c0003ecf                file_create
                0x00000000c0004208                file_open
                0x00000000c000431c                file_close
                0x00000000c000435f                file_write
                0x00000000c0004bf9                file_read
 .text          0x00000000c0004fb0      0x71e build/inode.o
                0x00000000c0005040                inode_sync
                0x00000000c0005162                inode_open
                0x00000000c00052c3                inode_close
                0x00000000c000533e                inode_init
                0x00000000c0005390                inode_delete
                0x00000000c000549d                inode_release
 .text          0x00000000c00056ce      0xe36 build/dir.o
                0x00000000c00056ce                open_root_dir
                0x00000000c00056fd                dir_open
                0x00000000c000573d                search_dir_entry
                0x00000000c0005911                dir_close
                0x00000000c0005943                create_dir_entry
                0x00000000c00059ac                sync_dir_entry
                0x00000000c0005dc0                delete_dir_entry
                0x00000000c00061ec                dir_read
                0x00000000c00063f2                dir_is_empty
                0x00000000c0006414                dir_remove
 .text          0x00000000c0006504       0x5b build/stdio-kernel.o
                0x00000000c0006504                printk
 .text          0x00000000c000655f      0xd8b build/ide.o
                0x00000000c00065fc                ide_init
                0x00000000c0006a75                ide_read
                0x00000000c0006bd9                ide_write
                0x00000000c0006d3d                intr_hd_handler
 .text          0x00000000c00072ea      0x2cc build/keyboard.o
                0x00000000c000757c                keyboard_init
 .text          0x00000000c00075b6      0x2e4 build/ioqueue.o
                0x00000000c00075b6                ioqueue_init
                0x00000000c000760e                ioq_full
                0x00000000c000765b                ioq_empty
                0x00000000c0007727                ioq_getchar
                0x00000000c00077df                ioq_putchar
 .text          0x00000000c000789a      0x35c build/process.o
                0x00000000c000789a                start_process
                0x00000000c0007998                page_dir_activate
                0x00000000c00079cc                process_activate
                0x00000000c0007a19                create_page_dir
                0x00000000c0007a91                create_user_vaddr_bitmap
                0x00000000c0007adc                process_execute
 .text          0x00000000c0007bf6       0xb0 build/console.o
                0x00000000c0007bf6                console_init
                0x00000000c0007c0e                console_acquire
                0x00000000c0007c26                console_release
                0x00000000c0007c3e                console_put_str
                0x00000000c0007c5e                console_put_char
                0x00000000c0007c86                console_put_int
 .text          0x00000000c0007ca6      0x188 build/tss.o
                0x00000000c0007ca6                update_tss_esp
                0x00000000c0007d25                tss_init
 .text          0x00000000c0007e2e      0x2af build/sync.o
                0x00000000c0007e2e                sema_init
                0x00000000c0007e56                lock_init
                0x00000000c0007e85                sema_down
                0x00000000c0007f5a                sema_up
                0x00000000c0008005                lock_acquire
                0x00000000c000807b                lock_release
 .text          0x00000000c00080dd      0x69f build/thread.o
                0x00000000c00080f4                get_cur_thread_pcb
                0x00000000c000815f                thread_create
                0x00000000c00081cf                init_thread
                0x00000000c00082c3                thread_start
                0x00000000c0008418                schedule
                0x00000000c0008526                thread_init
                0x00000000c000859e                thread_block
                0x00000000c0008600                thread_unblock
                0x00000000c00086f9                thread_yield
 .text          0x00000000c000877c      0x1d4 build/list.o
                0x00000000c000877c                list_init
                0x00000000c00087a9                list_insert_before
                0x00000000c00087ed                list_push
                0x00000000c000880a                list_append
                0x00000000c0008827                list_remove
                0x00000000c0008860                list_pop
                0x00000000c0008882                list_empty
                0x00000000c000889b                list_len
                0x00000000c00088cf                list_traversal
                0x00000000c0008915                elem_find
 .text          0x00000000c0008950      0x1d5 build/timer.o
                0x00000000c00089f2                timer_init
                0x00000000c0008adb                mtime_sleep
 .text          0x00000000c0008b25      0x471 build/interrupt.o
                0x00000000c0008e45                idt_init
                0x00000000c0008eaf                intr_enable
                0x00000000c0008ec9                intr_disable
                0x00000000c0008ee3                intr_set_status
                0x00000000c0008efd                intr_get_status
                0x00000000c0008f7a                register_handler
 *fill*         0x00000000c0008f96        0xa 
 .text          0x00000000c0008fa0      0x565 build/kernel.o
                0x00000000c0008fa0                intr_exit
                0x00000000c00094e1                syscall_handler
 *fill*         0x00000000c0009505        0xb 
 .text          0x00000000c0009510      0x149 build/print.o
                0x00000000c0009510                put_str
                0x00000000c000952e                put_char
                0x00000000c00095fb                put_int
 .text          0x00000000c0009659     0x1023 build/memory.o
                0x00000000c0009829                block_desc_init
                0x00000000c00098b9                mem_init
                0x00000000c0009a79                pte_ptr
                0x00000000c0009aa0                pde_ptr
                0x00000000c0009aff                pfree
                0x00000000c0009c7a                malloc_page
                0x00000000c0009de1                mfree_page
                0x00000000c0009f9f                get_kernel_pages
                0x00000000c0009ffa                get_user_pages
                0x00000000c000a055                get_a_page
                0x00000000c000a1af                addr_v2p
                0x00000000c000a1dc                sys_malloc
                0x00000000c000a4ed                sys_free
 .text          0x00000000c000a67c      0x21d build/bitmap.o
                0x00000000c000a67c                bitmap_init
                0x00000000c000a69e                bitmap_test_bit
                0x00000000c000a6dc                bitmap_scan
                0x00000000c000a7eb                bitmap_set
 .text          0x00000000c000a899      0x3a1 build/string.o
                0x00000000c000a899                memset
                0x00000000c000a8e9                memcpy
                0x00000000c000a947                memcmp
                0x00000000c000a9bb                strcpy
                0x00000000c000aa0e                strlen
                0x00000000c000aa56                strcmp
                0x00000000c000aac3                strchr
                0x00000000c000ab18                strrchr
                0x00000000c000ab73                strcat
                0x00000000c000abd9                strchrs
 .text          0x00000000c000ac3a       0xa6 build/debug.o
                0x00000000c000ac3a                panic_spin
 .text          0x00000000c000ace0       0x15 build/switch.o
                0x00000000c000ace0                switch_to
 *(.gnu.warning)

.fini
 *(SORT(.fini))
                0x00000000c000acf5                PROVIDE (__etext, .)
                0x00000000c000acf5                PROVIDE (_etext, .)
                0x00000000c000acf5                PROVIDE (etext, .)

.rodata         0x00000000c000acf8     0x22ef
 *(.rodata .rodata.* .gnu.linkonce.r.*)
 .rodata        0x00000000c000acf8       0x6c build/main.o
 .rodata        0x00000000c000ad64       0x1a build/init.o
 .rodata        0x00000000c000ad7e       0x27 build/syscall-init.o
 *fill*         0x00000000c000ada5        0x3 
 .rodata        0x00000000c000ada8      0x927 build/fs.o
 *fill*         0x00000000c000b6cf        0x1 
 .rodata        0x00000000c000b6d0      0x482 build/file.o
 *fill*         0x00000000c000bb52        0x2 
 .rodata        0x00000000c000bb54       0xea build/inode.o
 *fill*         0x00000000c000bc3e        0x2 
 .rodata        0x00000000c000bc40      0x27b build/dir.o
 *fill*         0x00000000c000bebb        0x1 
 .rodata        0x00000000c000bebc      0x233 build/ide.o
 .rodata        0x00000000c000c0ef       0x36 build/keyboard.o
 *fill*         0x00000000c000c125        0x3 
 .rodata        0x00000000c000c128       0xa8 build/ioqueue.o
 .rodata        0x00000000c000c1d0       0xe0 build/process.o
 .rodata        0x00000000c000c2b0       0x27 build/tss.o
 *fill*         0x00000000c000c2d7        0x1 
 .rodata        0x00000000c000c2d8      0x121 build/sync.o
 *fill*         0x00000000c000c3f9        0x3 
 .rodata        0x00000000c000c3fc      0x2f1 build/thread.o
 *fill*         0x00000000c000c6ed        0x3 
 .rodata        0x00000000c000c6f0       0x8c build/timer.o
 .rodata        0x00000000c000c77c      0x30d build/interrupt.o
 *fill*         0x00000000c000ca89        0x3 
 .rodata        0x00000000c000ca8c      0x3cd build/memory.o
 *fill*         0x00000000c000ce59        0x3 
 .rodata        0x00000000c000ce5c       0x67 build/bitmap.o
 *fill*         0x00000000c000cec3        0x1 
 .rodata        0x00000000c000cec4       0xe4 build/string.o
 .rodata        0x00000000c000cfa8       0x3f build/debug.o

.rodata1
 *(.rodata1)

.eh_frame_hdr
 *(.eh_frame_hdr)

.eh_frame       0x00000000c000cfe8     0x1914
 *(.eh_frame)
 .eh_frame      0x00000000c000cfe8       0xb0 build/main.o
 .eh_frame      0x00000000c000d098       0x20 build/init.o
                                         0x38 (size before relaxing)
 .eh_frame      0x00000000c000d0b8       0x84 build/stdio.o
                                         0x9c (size before relaxing)
 .eh_frame      0x00000000c000d13c       0x40 build/syscall-init.o
                                         0x58 (size before relaxing)
 .eh_frame      0x00000000c000d17c       0x8c build/syscall.o
                                         0xa4 (size before relaxing)
 .eh_frame      0x00000000c000d208      0x32c build/fs.o
                                        0x344 (size before relaxing)
 .eh_frame      0x00000000c000d534      0x140 build/file.o
                                        0x158 (size before relaxing)
 .eh_frame      0x00000000c000d674       0xe4 build/inode.o
                                         0xfc (size before relaxing)
 .eh_frame      0x00000000c000d758      0x14c build/dir.o
                                        0x164 (size before relaxing)
 .eh_frame      0x00000000c000d8a4       0x24 build/stdio-kernel.o
                                         0x3c (size before relaxing)
 .eh_frame      0x00000000c000d8c8      0x254 build/ide.o
                                        0x26c (size before relaxing)
 .eh_frame      0x00000000c000db1c       0x60 build/keyboard.o
                                         0x78 (size before relaxing)
 .eh_frame      0x00000000c000db7c      0x100 build/ioqueue.o
                                        0x118 (size before relaxing)
 .eh_frame      0x00000000c000dc7c       0xc0 build/process.o
                                         0xd8 (size before relaxing)
 .eh_frame      0x00000000c000dd3c       0xc0 build/console.o
                                         0xd8 (size before relaxing)
 .eh_frame      0x00000000c000ddfc       0x64 build/tss.o
                                         0x7c (size before relaxing)
 .eh_frame      0x00000000c000de60       0xc8 build/sync.o
                                         0xe0 (size before relaxing)
 .eh_frame      0x00000000c000df28      0x19c build/thread.o
                                        0x1b4 (size before relaxing)
 .eh_frame      0x00000000c000e0c4      0x140 build/list.o
                                        0x158 (size before relaxing)
 .eh_frame      0x00000000c000e204       0xcc build/timer.o
                                         0xe4 (size before relaxing)
 .eh_frame      0x00000000c000e2d0      0x1a8 build/interrupt.o
                                        0x1c0 (size before relaxing)
 .eh_frame      0x00000000c000e478      0x2a0 build/memory.o
                                        0x2b8 (size before relaxing)
 .eh_frame      0x00000000c000e718       0x88 build/bitmap.o
                                         0xa0 (size before relaxing)
 .eh_frame      0x00000000c000e7a0      0x140 build/string.o
                                        0x158 (size before relaxing)
 .eh_frame      0x00000000c000e8e0       0x1c build/debug.o
                                         0x34 (size before relaxing)

.gcc_except_table
 *(.gcc_except_table .gcc_except_table.*)

.exception_ranges
 *(.exception_ranges .exception_ranges*)
                0x00000000c000e8fc                . = (ALIGN (0x1000) - ((0x1000 - .) & 0xfff))
                0x00000000c000f000                . = DATA_SEGMENT_ALIGN (0x1000, 0x1000)

.eh_frame
 *(.eh_frame)

.gcc_except_table
 *(.gcc_except_table .gcc_except_table.*)

.exception_ranges
 *(.exception_ranges .exception_ranges*)

.tdata
 *(.tdata .tdata.* .gnu.linkonce.td.*)

.tbss
 *(.tbss .tbss.* .gnu.linkonce.tb.*)
 *(.tcommon)

.preinit_array  0x00000000c000f000        0x0
                0x00000000c000f000                PROVIDE (__preinit_array_start, .)
 *(.preinit_array)
                0x00000000c000f000                PROVIDE (__preinit_array_end, .)

.init_array     0x00000000c000f000        0x0
                0x00000000c000f000                PROVIDE (__init_array_start, .)
 *(SORT(.init_array.*))
 *(.init_array)
                0x00000000c000f000                PROVIDE (__init_array_end, .)

.fini_array     0x00000000c000f000        0x0
                0x00000000c000f000                PROVIDE (__fini_array_start, .)
 *(SORT(.fini_array.*))
 *(.fini_array)
                0x00000000c000f000                PROVIDE (__fini_array_end, .)

.ctors
 *crtbegin.o(.ctors)
 *crtbegin?.o(.ctors)
 *(EXCLUDE_FILE(*crtend?.o *crtend.o) .ctors)
 *(SORT(.ctors.*))
 *(.ctors)

.dtors
 *crtbegin.o(.dtors)
 *crtbegin?.o(.dtors)
 *(EXCLUDE_FILE(*crtend?.o *crtend.o) .dtors)
 *(SORT(.dtors.*))
 *(.dtors)

.jcr
 *(.jcr)

.data.rel.ro
 *(.data.rel.ro.local* .gnu.linkonce.d.rel.ro.local.*)
 *(.data.rel.ro .data.rel.ro.* .gnu.linkonce.d.rel.ro.*)

.dynamic
 *(.dynamic)

.got
 *(.got)
 *(.igot)
                0x00000000c000f000                . = DATA_SEGMENT_RELRO_END (., (SIZEOF (.got.plt) >= 0xc)?0xc:0x0)

.got.plt        0x00000000c000f000        0x0
 *(.got.plt)
 *(.igot.plt)
 .igot.plt      0x0000000000000000        0x0 build/main.o

.data           0x00000000c000f000      0x140
 *(.data .data.* .gnu.linkonce.d.*)
 .data          0x00000000c000f000        0x0 build/main.o
 .data          0x00000000c000f000        0x0 build/init.o
 .data          0x00000000c000f000        0x0 build/stdio.o
 .data          0x00000000c000f000        0x0 build/syscall-init.o
 .data          0x00000000c000f000        0x0 build/syscall.o
 .data          0x00000000c000f000        0x0 build/fs.o
 .data          0x00000000c000f000        0x0 build/file.o
 .data          0x00000000c000f000        0x0 build/inode.o
 .data          0x00000000c000f000        0x0 build/dir.o
 .data          0x00000000c000f000        0x0 build/stdio-kernel.o
 .data          0x00000000c000f000        0x0 build/ide.o
 .data          0x00000000c000f000       0x76 build/keyboard.o
 .data          0x00000000c000f076        0x0 build/ioqueue.o
 .data          0x00000000c000f076        0x0 build/process.o
 .data          0x00000000c000f076        0x0 build/console.o
 .data          0x00000000c000f076        0x0 build/tss.o
 .data          0x00000000c000f076        0x0 build/sync.o
 .data          0x00000000c000f076        0x0 build/thread.o
 .data          0x00000000c000f076        0x0 build/list.o
 .data          0x00000000c000f076        0x0 build/timer.o
 .data          0x00000000c000f076        0x0 build/interrupt.o
 *fill*         0x00000000c000f076        0x2 
 .data          0x00000000c000f078       0xc0 build/kernel.o
                0x00000000c000f078                intr_entry_table
 .data          0x00000000c000f138        0x8 build/print.o
 .data          0x00000000c000f140        0x0 build/memory.o
 .data          0x00000000c000f140        0x0 build/bitmap.o
 .data          0x00000000c000f140        0x0 build/string.o
 .data          0x00000000c000f140        0x0 build/debug.o

.data1
 *(.data1)
                0x00000000c000f140                _edata = .
                0x00000000c000f140                PROVIDE (edata, .)
                0x00000000c000f140                . = .
                0x00000000c000f140                __bss_start = .

.bss            0x00000000c000f140     0x1c4c
 *(.dynbss)
 *(.bss .bss.* .gnu.linkonce.b.*)
 .bss           0x00000000c000f140        0x8 build/main.o
                0x00000000c000f140                pid_a
                0x00000000c000f144                pid_b
 .bss           0x00000000c000f148        0x0 build/init.o
 .bss           0x00000000c000f148        0x0 build/stdio.o
 .bss           0x00000000c000f148        0x0 build/syscall-init.o
 .bss           0x00000000c000f148        0x0 build/syscall.o
 .bss           0x00000000c000f148        0x0 build/fs.o
 .bss           0x00000000c000f148        0x0 build/file.o
 .bss           0x00000000c000f148        0x0 build/inode.o
 .bss           0x00000000c000f148        0x0 build/dir.o
 .bss           0x00000000c000f148        0x0 build/stdio-kernel.o
 .bss           0x00000000c000f148        0x6 build/ide.o
                0x00000000c000f148                ext_lba_base
                0x00000000c000f14c                p_no
                0x00000000c000f14d                l_no
 *fill*         0x00000000c000f14e        0x2 
 .bss           0x00000000c000f150       0x14 build/keyboard.o
 .bss           0x00000000c000f164        0x0 build/ioqueue.o
 .bss           0x00000000c000f164        0x0 build/process.o
 .bss           0x00000000c000f164       0x1c build/console.o
 .bss           0x00000000c000f180       0x6c build/tss.o
 .bss           0x00000000c000f1ec        0x0 build/sync.o
 .bss           0x00000000c000f1ec        0x2 build/thread.o
 .bss           0x00000000c000f1ee        0x0 build/list.o
 .bss           0x00000000c000f1ee        0x0 build/timer.o
 *fill*         0x00000000c000f1ee       0x12 
 .bss           0x00000000c000f200      0x408 build/interrupt.o
 .bss           0x00000000c000f608        0x0 build/memory.o
 .bss           0x00000000c000f608        0x0 build/bitmap.o
 .bss           0x00000000c000f608        0x0 build/string.o
 .bss           0x00000000c000f608        0x0 build/debug.o
 *(COMMON)
 *fill*         0x00000000c000f608       0x18 
 COMMON         0x00000000c000f620       0x80 build/syscall-init.o
                0x00000000c000f620                syscall_table
 COMMON         0x00000000c000f6a0        0x4 build/fs.o
                0x00000000c000f6a0                cur_part
 *fill*         0x00000000c000f6a4       0x1c 
 COMMON         0x00000000c000f6c0      0x180 build/file.o
                0x00000000c000f6c0                file_table
 COMMON         0x00000000c000f840      0x208 build/dir.o
                0x00000000c000f840                root_dir
 *fill*         0x00000000c000fa48       0x18 
 COMMON         0x00000000c000fa60      0xcf0 build/ide.o
                0x00000000c000fa60                channel_cnt
                0x00000000c000fa80                channels
                0x00000000c0010740                partition_list
 *fill*         0x00000000c0010750       0x10 
 COMMON         0x00000000c0010760       0x6c build/keyboard.o
                0x00000000c0010760                kbd_buf
 COMMON         0x00000000c00107cc       0x44 build/thread.o
                0x00000000c00107cc                thread_ready_list
                0x00000000c00107dc                thread_all_list
                0x00000000c00107ec                idle_thread
                0x00000000c00107f0                main_thread
                0x00000000c00107f4                pid_lock
 COMMON         0x00000000c0010810        0x4 build/timer.o
                0x00000000c0010810                total_ticks
 *fill*         0x00000000c0010814        0xc 
 COMMON         0x00000000c0010820      0x424 build/interrupt.o
                0x00000000c0010820                intr_name
                0x00000000c0010a40                idt_table
 *fill*         0x00000000c0010c44       0x1c 
 COMMON         0x00000000c0010c60      0x12c build/memory.o
                0x00000000c0010c60                k_block_desc
                0x00000000c0010d08                k_v_pool
                0x00000000c0010d20                k_p_pool
                0x00000000c0010d60                u_p_pool
                0x00000000c0010d8c                . = ALIGN ((. != 0x0)?0x4:0x1)
                0x00000000c0010d8c                . = ALIGN (0x4)
                0x00000000c0010d8c                . = SEGMENT_START ("ldata-segment", .)
                0x00000000c0010d8c                . = ALIGN (0x4)
                0x00000000c0010d8c                _end = .
                0x00000000c0010d8c                PROVIDE (end, .)
                0x00000000c0010d8c                . = DATA_SEGMENT_END (.)

.stab
 *(.stab)

.stabstr
 *(.stabstr)

.stab.excl
 *(.stab.excl)

.stab.exclstr
 *(.stab.exclstr)

.stab.index
 *(.stab.index)

.stab.indexstr
 *(.stab.indexstr)

.comment        0x0000000000000000       0x11
 *(.comment)
 .comment       0x0000000000000000       0x11 build/main.o
                                         0x12 (size before relaxing)
 .comment       0x0000000000000000       0x12 build/init.o
 .comment       0x0000000000000000       0x12 build/stdio.o
 .comment       0x0000000000000000       0x12 build/syscall-init.o
 .comment       0x0000000000000000       0x12 build/syscall.o
 .comment       0x0000000000000000       0x12 build/fs.o
 .comment       0x0000000000000000       0x12 build/file.o
 .comment       0x0000000000000000       0x12 build/inode.o
 .comment       0x0000000000000000       0x12 build/dir.o
 .comment       0x0000000000000000       0x12 build/stdio-kernel.o
 .comment       0x0000000000000000       0x12 build/ide.o
 .comment       0x0000000000000000       0x12 build/keyboard.o
 .comment       0x0000000000000000       0x12 build/ioqueue.o
 .comment       0x0000000000000000       0x12 build/process.o
 .comment       0x0000000000000000       0x12 build/console.o
 .comment       0x0000000000000000       0x12 build/tss.o
 .comment       0x0000000000000000       0x12 build/sync.o
 .comment       0x0000000000000000       0x12 build/thread.o
 .comment       0x0000000000000000       0x12 build/list.o
 .comment       0x0000000000000000       0x12 build/timer.o
 .comment       0x0000000000000000       0x12 build/interrupt.o
 .comment       0x0000000000000000       0x12 build/memory.o
 .comment       0x0000000000000000       0x12 build/bitmap.o
 .comment       0x0000000000000000       0x12 build/string.o
 .comment       0x0000000000000000       0x12 build/debug.o

.debug
 *(.debug)

.line
 *(.line)

.debug_srcinfo
 *(.debug_srcinfo)

.debug_sfnames
 *(.debug_sfnames)

.debug_aranges
 *(.debug_aranges)

.debug_pubnames
 *(.debug_pubnames)

.debug_info
 *(.debug_info .gnu.linkonce.wi.*)

.debug_abbrev
 *(.debug_abbrev)

.debug_line
 *(.debug_line .debug_line.* .debug_line_end)

.debug_frame
 *(.debug_frame)

.debug_str
 *(.debug_str)

.debug_loc
 *(.debug_loc)

.debug_macinfo
 *(.debug_macinfo)

.debug_weaknames
 *(.debug_weaknames)

.debug_funcnames
 *(.debug_funcnames)

.debug_typenames
 *(.debug_typenames)

.debug_varnames
 *(.debug_varnames)

.debug_pubtypes
 *(.debug_pubtypes)

.debug_ranges
 *(.debug_ranges)

.debug_macro
 *(.debug_macro)

.gnu.attributes
 *(.gnu.attributes)

/DISCARD/
 *(.note.GNU-stack)
 *(.gnu_debuglink)
 *(.gnu.lto_*)
OUTPUT(build/kernel.bin elf32-i386)
