
Allocating common symbols
Common symbol       size              file

kbd_buf             0x6c              build/keyboard.o
thread_ready_list   0x10              build/thread.o
thread_all_list     0x10              build/thread.o
k_v_pool            0xc               build/memory.o
intr_name           0xc0              build/interrupt.o
main_thread         0x4               build/thread.o
total_ticks         0x4               build/timer.o
k_p_pool            0x2c              build/memory.o
u_p_pool            0x2c              build/memory.o
idt_table           0xc0              build/interrupt.o

Memory Configuration

Name             Origin             Length             Attributes
*default*        0x0000000000000000 0xffffffffffffffff

Linker script and memory map

Address of section .text set to 0xc0001500
LOAD build/main.o
LOAD build/init.o
LOAD build/keyboard.o
LOAD build/ioqueue.o
LOAD build/process.o
LOAD build/console.o
LOAD build/tss.o
LOAD build/sync.o
LOAD build/thread.o
LOAD build/list.o
LOAD build/timer.o
LOAD build/interrupt.o
LOAD build/kernel.o
LOAD build/print.o
LOAD build/memory.o
LOAD build/bitmap.o
LOAD build/string.o
LOAD build/debug.o
LOAD build/switch.o
                0x0000000008048000                PROVIDE (__executable_start, 0x8048000)
                0x0000000008048074                . = (0x8048000 + SIZEOF_HEADERS)

.interp
 *(.interp)

.note.gnu.build-id
 *(.note.gnu.build-id)

.hash
 *(.hash)

.gnu.hash
 *(.gnu.hash)

.dynsym
 *(.dynsym)

.dynstr
 *(.dynstr)

.gnu.version
 *(.gnu.version)

.gnu.version_d
 *(.gnu.version_d)

.gnu.version_r
 *(.gnu.version_r)

.rel.dyn        0x0000000008048074        0x0
 *(.rel.init)
 *(.rel.text .rel.text.* .rel.gnu.linkonce.t.*)
 .rel.text      0x0000000000000000        0x0 build/main.o
 *(.rel.fini)
 *(.rel.rodata .rel.rodata.* .rel.gnu.linkonce.r.*)
 *(.rel.data.rel.ro .rel.data.rel.ro.* .rel.gnu.linkonce.d.rel.ro.*)
 *(.rel.data .rel.data.* .rel.gnu.linkonce.d.*)
 *(.rel.tdata .rel.tdata.* .rel.gnu.linkonce.td.*)
 *(.rel.tbss .rel.tbss.* .rel.gnu.linkonce.tb.*)
 *(.rel.ctors)
 *(.rel.dtors)
 *(.rel.got)
 *(.rel.bss .rel.bss.* .rel.gnu.linkonce.b.*)
 *(.rel.ifunc)

.rel.plt        0x0000000008048074        0x0
 *(.rel.plt)
                0x0000000008048074                PROVIDE (__rel_iplt_start, .)
 *(.rel.iplt)
 .rel.iplt      0x0000000000000000        0x0 build/main.o
                0x0000000008048074                PROVIDE (__rel_iplt_end, .)

.init
 *(SORT(.init))

.plt            0x0000000008048080        0x0
 *(.plt)
 *(.iplt)
 .iplt          0x0000000000000000        0x0 build/main.o

.text           0x00000000c0001500     0x3095
 *(.text.unlikely .text.*_unlikely .text.unlikely.*)
 *(.text.exit .text.exit.*)
 *(.text.startup .text.startup.*)
 *(.text.hot .text.hot.*)
 *(.text .stub .text.* .gnu.linkonce.t.*)
 .text          0x00000000c0001500       0xeb build/main.o
                0x00000000c0001500                main
                0x00000000c0001579                k_thread_a
                0x00000000c00015a2                k_thread_b
                0x00000000c00015cb                u_prog_a
                0x00000000c00015db                u_prog_b
 .text          0x00000000c00015eb       0x4b build/init.o
                0x00000000c00015eb                init_all
 .text          0x00000000c0001636      0x2cc build/keyboard.o
                0x00000000c00018c8                keyboard_init
 .text          0x00000000c0001902      0x2e4 build/ioqueue.o
                0x00000000c0001902                ioqueue_init
                0x00000000c000195a                ioq_full
                0x00000000c00019a7                ioq_empty
                0x00000000c0001a73                ioq_getchar
                0x00000000c0001b2b                ioq_putchar
 .text          0x00000000c0001be6      0x34a build/process.o
                0x00000000c0001be6                start_process
                0x00000000c0001ce4                page_dir_activate
                0x00000000c0001d18                process_activate
                0x00000000c0001d65                create_page_dir
                0x00000000c0001ddd                create_user_vaddr_bitmap
                0x00000000c0001e28                process_execute
 .text          0x00000000c0001f30       0xb0 build/console.o
                0x00000000c0001f30                console_init
                0x00000000c0001f48                console_acquire
                0x00000000c0001f60                console_release
                0x00000000c0001f78                console_put_str
                0x00000000c0001f98                console_put_char
                0x00000000c0001fc0                console_put_int
 .text          0x00000000c0001fe0      0x188 build/tss.o
                0x00000000c0001fe0                update_tss_esp
                0x00000000c000205f                tss_init
 .text          0x00000000c0002168      0x2af build/sync.o
                0x00000000c0002190                lock_init
                0x00000000c000233f                lock_acquire
                0x00000000c00023b5                lock_release
 .text          0x00000000c0002417      0x53c build/thread.o
                0x00000000c0002417                get_cur_thread_pcb
                0x00000000c0002447                thread_create
                0x00000000c00024b7                init_thread
                0x00000000c0002549                thread_start
                0x00000000c000269b                schedule
                0x00000000c00027ab                thread_init
                0x00000000c00027f8                thread_block
                0x00000000c000285a                thread_unblock
 .text          0x00000000c0002953      0x1d4 build/list.o
                0x00000000c0002953                list_init
                0x00000000c0002980                list_insert_before
                0x00000000c00029c4                list_push
                0x00000000c00029e1                list_append
                0x00000000c00029fe                list_remove
                0x00000000c0002a37                list_pop
                0x00000000c0002a59                list_empty
                0x00000000c0002a72                list_len
                0x00000000c0002aa6                list_traversal
                0x00000000c0002aec                elem_find
 .text          0x00000000c0002b27      0x164 build/timer.o
                0x00000000c0002bc9                timer_init
 .text          0x00000000c0002c8b      0x454 build/interrupt.o
                0x00000000c0002f8e                idt_init
                0x00000000c0002ff8                intr_enable
                0x00000000c0003012                intr_disable
                0x00000000c000302c                intr_set_status
                0x00000000c0003046                intr_get_status
                0x00000000c00030c3                register_handler
 *fill*         0x00000000c00030df        0x1 
 .text          0x00000000c00030e0      0x541 build/kernel.o
                0x00000000c00030e0                intr_exit
 *fill*         0x00000000c0003621        0xf 
 .text          0x00000000c0003630      0x149 build/print.o
                0x00000000c0003630                put_str
                0x00000000c000364e                put_char
                0x00000000c000371b                put_int
 .text          0x00000000c0003779      0x79f build/memory.o
                0x00000000c0003949                mem_init
                0x00000000c0003acf                pte_ptr
                0x00000000c0003af6                pde_ptr
                0x00000000c0003c1d                malloc_page
                0x00000000c0003cdb                get_kernel_pages
                0x00000000c0003d36                get_user_pages
                0x00000000c0003d91                get_a_page
                0x00000000c0003eeb                addr_v2p
 .text          0x00000000c0003f18      0x21d build/bitmap.o
                0x00000000c0003f18                bitmap_init
                0x00000000c0003f3a                bitmap_test_bit
                0x00000000c0003f78                bitmap_scan
                0x00000000c0004087                bitmap_set
 .text          0x00000000c0004135      0x3a1 build/string.o
                0x00000000c0004135                memset
                0x00000000c0004185                memcpy
                0x00000000c00041e3                memcmp
                0x00000000c0004257                strcpy
                0x00000000c00042aa                strlen
                0x00000000c00042f2                strcmp
                0x00000000c000435f                strchr
                0x00000000c00043b4                strrchr
                0x00000000c000440f                strcat
                0x00000000c0004475                strchrs
 .text          0x00000000c00044d6       0xa6 build/debug.o
                0x00000000c00044d6                panic_spin
 *fill*         0x00000000c000457c        0x4 
 .text          0x00000000c0004580       0x15 build/switch.o
                0x00000000c0004580                switch_to
 *(.gnu.warning)

.fini
 *(SORT(.fini))
                0x00000000c0004595                PROVIDE (__etext, .)
                0x00000000c0004595                PROVIDE (_etext, .)
                0x00000000c0004595                PROVIDE (etext, .)

.rodata         0x00000000c0004598      0xd4f
 *(.rodata .rodata.* .gnu.linkonce.r.*)
 .rodata        0x00000000c0004598       0x48 build/main.o
 .rodata        0x00000000c00045e0       0x1a build/init.o
 .rodata        0x00000000c00045fa       0x36 build/keyboard.o
 .rodata        0x00000000c0004630       0xa8 build/ioqueue.o
 .rodata        0x00000000c00046d8       0xe0 build/process.o
 .rodata        0x00000000c00047b8       0x27 build/tss.o
 *fill*         0x00000000c00047df        0x1 
 .rodata        0x00000000c00047e0      0x121 build/sync.o
 *fill*         0x00000000c0004901        0x3 
 .rodata        0x00000000c0004904      0x2c7 build/thread.o
 *fill*         0x00000000c0004bcb        0x1 
 .rodata        0x00000000c0004bcc       0x6f build/timer.o
 *fill*         0x00000000c0004c3b        0x1 
 .rodata        0x00000000c0004c3c      0x30d build/interrupt.o
 *fill*         0x00000000c0004f49        0x3 
 .rodata        0x00000000c0004f4c      0x20f build/memory.o
 *fill*         0x00000000c000515b        0x1 
 .rodata        0x00000000c000515c       0x67 build/bitmap.o
 *fill*         0x00000000c00051c3        0x1 
 .rodata        0x00000000c00051c4       0xe4 build/string.o
 .rodata        0x00000000c00052a8       0x3f build/debug.o

.rodata1
 *(.rodata1)

.eh_frame_hdr
 *(.eh_frame_hdr)

.eh_frame       0x00000000c00052e8      0xcf0
 *(.eh_frame)
 .eh_frame      0x00000000c00052e8       0xac build/main.o
 .eh_frame      0x00000000c0005394       0x20 build/init.o
                                         0x38 (size before relaxing)
 .eh_frame      0x00000000c00053b4       0x60 build/keyboard.o
                                         0x78 (size before relaxing)
 .eh_frame      0x00000000c0005414      0x100 build/ioqueue.o
                                        0x118 (size before relaxing)
 .eh_frame      0x00000000c0005514       0xc0 build/process.o
                                         0xd8 (size before relaxing)
 .eh_frame      0x00000000c00055d4       0xc0 build/console.o
                                         0xd8 (size before relaxing)
 .eh_frame      0x00000000c0005694       0x64 build/tss.o
                                         0x7c (size before relaxing)
 .eh_frame      0x00000000c00056f8       0xc8 build/sync.o
                                         0xe0 (size before relaxing)
 .eh_frame      0x00000000c00057c0      0x140 build/thread.o
                                        0x158 (size before relaxing)
 .eh_frame      0x00000000c0005900      0x140 build/list.o
                                        0x158 (size before relaxing)
 .eh_frame      0x00000000c0005a40       0x8c build/timer.o
                                         0xa4 (size before relaxing)
 .eh_frame      0x00000000c0005acc      0x1a8 build/interrupt.o
                                        0x1c0 (size before relaxing)
 .eh_frame      0x00000000c0005c74      0x180 build/memory.o
                                        0x198 (size before relaxing)
 .eh_frame      0x00000000c0005df4       0x88 build/bitmap.o
                                         0xa0 (size before relaxing)
 .eh_frame      0x00000000c0005e7c      0x140 build/string.o
                                        0x158 (size before relaxing)
 .eh_frame      0x00000000c0005fbc       0x1c build/debug.o
                                         0x34 (size before relaxing)

.gcc_except_table
 *(.gcc_except_table .gcc_except_table.*)

.exception_ranges
 *(.exception_ranges .exception_ranges*)
                0x00000000c0005fd8                . = (ALIGN (0x1000) - ((0x1000 - .) & 0xfff))
                0x00000000c0006000                . = DATA_SEGMENT_ALIGN (0x1000, 0x1000)

.eh_frame
 *(.eh_frame)

.gcc_except_table
 *(.gcc_except_table .gcc_except_table.*)

.exception_ranges
 *(.exception_ranges .exception_ranges*)

.tdata
 *(.tdata .tdata.* .gnu.linkonce.td.*)

.tbss
 *(.tbss .tbss.* .gnu.linkonce.tb.*)
 *(.tcommon)

.preinit_array  0x00000000c0006000        0x0
                0x00000000c0006000                PROVIDE (__preinit_array_start, .)
 *(.preinit_array)
                0x00000000c0006000                PROVIDE (__preinit_array_end, .)

.init_array     0x00000000c0006000        0x0
                0x00000000c0006000                PROVIDE (__init_array_start, .)
 *(SORT(.init_array.*))
 *(.init_array)
                0x00000000c0006000                PROVIDE (__init_array_end, .)

.fini_array     0x00000000c0006000        0x0
                0x00000000c0006000                PROVIDE (__fini_array_start, .)
 *(SORT(.fini_array.*))
 *(.fini_array)
                0x00000000c0006000                PROVIDE (__fini_array_end, .)

.ctors
 *crtbegin.o(.ctors)
 *crtbegin?.o(.ctors)
 *(EXCLUDE_FILE(*crtend?.o *crtend.o) .ctors)
 *(SORT(.ctors.*))
 *(.ctors)

.dtors
 *crtbegin.o(.dtors)
 *crtbegin?.o(.dtors)
 *(EXCLUDE_FILE(*crtend?.o *crtend.o) .dtors)
 *(SORT(.dtors.*))
 *(.dtors)

.jcr
 *(.jcr)

.data.rel.ro
 *(.data.rel.ro.local* .gnu.linkonce.d.rel.ro.local.*)
 *(.data.rel.ro .data.rel.ro.* .gnu.linkonce.d.rel.ro.*)

.dynamic
 *(.dynamic)

.got
 *(.got)
 *(.igot)
                0x00000000c0006000                . = DATA_SEGMENT_RELRO_END (., (SIZEOF (.got.plt) >= 0xc)?0xc:0x0)

.got.plt        0x00000000c0006000        0x0
 *(.got.plt)
 *(.igot.plt)
 .igot.plt      0x0000000000000000        0x0 build/main.o

.data           0x00000000c0006000      0x140
 *(.data .data.* .gnu.linkonce.d.*)
 .data          0x00000000c0006000        0x0 build/main.o
 .data          0x00000000c0006000        0x0 build/init.o
 .data          0x00000000c0006000       0x76 build/keyboard.o
 .data          0x00000000c0006076        0x0 build/ioqueue.o
 .data          0x00000000c0006076        0x0 build/process.o
 .data          0x00000000c0006076        0x0 build/console.o
 .data          0x00000000c0006076        0x0 build/tss.o
 .data          0x00000000c0006076        0x0 build/sync.o
 .data          0x00000000c0006076        0x0 build/thread.o
 .data          0x00000000c0006076        0x0 build/list.o
 .data          0x00000000c0006076        0x0 build/timer.o
 .data          0x00000000c0006076        0x0 build/interrupt.o
 *fill*         0x00000000c0006076        0x2 
 .data          0x00000000c0006078       0xc0 build/kernel.o
                0x00000000c0006078                intr_entry_table
 .data          0x00000000c0006138        0x8 build/print.o
 .data          0x00000000c0006140        0x0 build/memory.o
 .data          0x00000000c0006140        0x0 build/bitmap.o
 .data          0x00000000c0006140        0x0 build/string.o
 .data          0x00000000c0006140        0x0 build/debug.o

.data1
 *(.data1)
                0x00000000c0006140                _edata = .
                0x00000000c0006140                PROVIDE (edata, .)
                0x00000000c0006140                . = .
                0x00000000c0006140                __bss_start = .

.bss            0x00000000c0006140      0x4ec
 *(.dynbss)
 *(.bss .bss.* .gnu.linkonce.b.*)
 .bss           0x00000000c0006140        0x8 build/main.o
                0x00000000c0006140                test_var_a
                0x00000000c0006144                test_var_b
 .bss           0x00000000c0006148        0x0 build/init.o
 .bss           0x00000000c0006148       0x14 build/keyboard.o
 .bss           0x00000000c000615c        0x0 build/ioqueue.o
 .bss           0x00000000c000615c        0x0 build/process.o
 .bss           0x00000000c000615c       0x1c build/console.o
 *fill*         0x00000000c0006178        0x8 
 .bss           0x00000000c0006180       0x6c build/tss.o
 .bss           0x00000000c00061ec        0x0 build/sync.o
 .bss           0x00000000c00061ec        0x0 build/thread.o
 .bss           0x00000000c00061ec        0x0 build/list.o
 .bss           0x00000000c00061ec        0x0 build/timer.o
 *fill*         0x00000000c00061ec       0x14 
 .bss           0x00000000c0006200      0x180 build/interrupt.o
 .bss           0x00000000c0006380        0x0 build/memory.o
 .bss           0x00000000c0006380        0x0 build/bitmap.o
 .bss           0x00000000c0006380        0x0 build/string.o
 .bss           0x00000000c0006380        0x0 build/debug.o
 *(COMMON)
 COMMON         0x00000000c0006380       0x6c build/keyboard.o
                0x00000000c0006380                kbd_buf
 COMMON         0x00000000c00063ec       0x24 build/thread.o
                0x00000000c00063ec                thread_ready_list
                0x00000000c00063fc                thread_all_list
                0x00000000c000640c                main_thread
 COMMON         0x00000000c0006410        0x4 build/timer.o
                0x00000000c0006410                total_ticks
 *fill*         0x00000000c0006414        0xc 
 COMMON         0x00000000c0006420      0x180 build/interrupt.o
                0x00000000c0006420                intr_name
                0x00000000c00064e0                idt_table
 COMMON         0x00000000c00065a0       0x8c build/memory.o
                0x00000000c00065a0                k_v_pool
                0x00000000c00065c0                k_p_pool
                0x00000000c0006600                u_p_pool
                0x00000000c000662c                . = ALIGN ((. != 0x0)?0x4:0x1)
                0x00000000c000662c                . = ALIGN (0x4)
                0x00000000c000662c                . = SEGMENT_START ("ldata-segment", .)
                0x00000000c000662c                . = ALIGN (0x4)
                0x00000000c000662c                _end = .
                0x00000000c000662c                PROVIDE (end, .)
                0x00000000c000662c                . = DATA_SEGMENT_END (.)

.stab
 *(.stab)

.stabstr
 *(.stabstr)

.stab.excl
 *(.stab.excl)

.stab.exclstr
 *(.stab.exclstr)

.stab.index
 *(.stab.index)

.stab.indexstr
 *(.stab.indexstr)

.comment        0x0000000000000000       0x11
 *(.comment)
 .comment       0x0000000000000000       0x11 build/main.o
                                         0x12 (size before relaxing)
 .comment       0x0000000000000000       0x12 build/init.o
 .comment       0x0000000000000000       0x12 build/keyboard.o
 .comment       0x0000000000000000       0x12 build/ioqueue.o
 .comment       0x0000000000000000       0x12 build/process.o
 .comment       0x0000000000000000       0x12 build/console.o
 .comment       0x0000000000000000       0x12 build/tss.o
 .comment       0x0000000000000000       0x12 build/sync.o
 .comment       0x0000000000000000       0x12 build/thread.o
 .comment       0x0000000000000000       0x12 build/list.o
 .comment       0x0000000000000000       0x12 build/timer.o
 .comment       0x0000000000000000       0x12 build/interrupt.o
 .comment       0x0000000000000000       0x12 build/memory.o
 .comment       0x0000000000000000       0x12 build/bitmap.o
 .comment       0x0000000000000000       0x12 build/string.o
 .comment       0x0000000000000000       0x12 build/debug.o

.debug
 *(.debug)

.line
 *(.line)

.debug_srcinfo
 *(.debug_srcinfo)

.debug_sfnames
 *(.debug_sfnames)

.debug_aranges
 *(.debug_aranges)

.debug_pubnames
 *(.debug_pubnames)

.debug_info
 *(.debug_info .gnu.linkonce.wi.*)

.debug_abbrev
 *(.debug_abbrev)

.debug_line
 *(.debug_line .debug_line.* .debug_line_end)

.debug_frame
 *(.debug_frame)

.debug_str
 *(.debug_str)

.debug_loc
 *(.debug_loc)

.debug_macinfo
 *(.debug_macinfo)

.debug_weaknames
 *(.debug_weaknames)

.debug_funcnames
 *(.debug_funcnames)

.debug_typenames
 *(.debug_typenames)

.debug_varnames
 *(.debug_varnames)

.debug_pubtypes
 *(.debug_pubtypes)

.debug_ranges
 *(.debug_ranges)

.debug_macro
 *(.debug_macro)

.gnu.attributes
 *(.gnu.attributes)

/DISCARD/
 *(.note.GNU-stack)
 *(.gnu_debuglink)
 *(.gnu.lto_*)
OUTPUT(build/kernel.bin elf32-i386)
