
Allocating common symbols
Common symbol       size              file

kbd_buf             0x6c              build/keyboard.o
thread_ready_list   0x10              build/thread.o
thread_all_list     0x10              build/thread.o
k_v_pool            0xc               build/memory.o
intr_name           0xc0              build/interrupt.o
main_thread         0x4               build/thread.o
total_ticks         0x4               build/timer.o
k_p_pool            0x2c              build/memory.o
u_p_pool            0x2c              build/memory.o
idt_table           0xc0              build/interrupt.o

Memory Configuration

Name             Origin             Length             Attributes
*default*        0x0000000000000000 0xffffffffffffffff

Linker script and memory map

Address of section .text set to 0xc0001500
LOAD build/main.o
LOAD build/init.o
LOAD build/keyboard.o
LOAD build/ioqueue.o
LOAD build/console.o
LOAD build/tss.o
LOAD build/sync.o
LOAD build/thread.o
LOAD build/list.o
LOAD build/timer.o
LOAD build/interrupt.o
LOAD build/kernel.o
LOAD build/print.o
LOAD build/memory.o
LOAD build/bitmap.o
LOAD build/string.o
LOAD build/debug.o
LOAD build/switch.o
                0x0000000008048000                PROVIDE (__executable_start, 0x8048000)
                0x0000000008048074                . = (0x8048000 + SIZEOF_HEADERS)

.interp
 *(.interp)

.note.gnu.build-id
 *(.note.gnu.build-id)

.hash
 *(.hash)

.gnu.hash
 *(.gnu.hash)

.dynsym
 *(.dynsym)

.dynstr
 *(.dynstr)

.gnu.version
 *(.gnu.version)

.gnu.version_d
 *(.gnu.version_d)

.gnu.version_r
 *(.gnu.version_r)

.rel.dyn        0x0000000008048074        0x0
 *(.rel.init)
 *(.rel.text .rel.text.* .rel.gnu.linkonce.t.*)
 .rel.text      0x0000000000000000        0x0 build/main.o
 *(.rel.fini)
 *(.rel.rodata .rel.rodata.* .rel.gnu.linkonce.r.*)
 *(.rel.data.rel.ro .rel.data.rel.ro.* .rel.gnu.linkonce.d.rel.ro.*)
 *(.rel.data .rel.data.* .rel.gnu.linkonce.d.*)
 *(.rel.tdata .rel.tdata.* .rel.gnu.linkonce.td.*)
 *(.rel.tbss .rel.tbss.* .rel.gnu.linkonce.tb.*)
 *(.rel.ctors)
 *(.rel.dtors)
 *(.rel.got)
 *(.rel.bss .rel.bss.* .rel.gnu.linkonce.b.*)
 *(.rel.ifunc)

.rel.plt        0x0000000008048074        0x0
 *(.rel.plt)
                0x0000000008048074                PROVIDE (__rel_iplt_start, .)
 *(.rel.iplt)
 .rel.iplt      0x0000000000000000        0x0 build/main.o
                0x0000000008048074                PROVIDE (__rel_iplt_end, .)

.init
 *(SORT(.init))

.plt            0x0000000008048080        0x0
 *(.plt)
 *(.iplt)
 .iplt          0x0000000000000000        0x0 build/main.o

.text           0x00000000c0001500     0x2d65
 *(.text.unlikely .text.*_unlikely .text.unlikely.*)
 *(.text.exit .text.exit.*)
 *(.text.startup .text.startup.*)
 *(.text.hot .text.hot.*)
 *(.text .stub .text.* .gnu.linkonce.t.*)
 .text          0x00000000c0001500      0x119 build/main.o
                0x00000000c0001500                main
                0x00000000c000154f                k_thread_a
                0x00000000c00015b4                k_thread_b
 .text          0x00000000c0001619       0x4b build/init.o
                0x00000000c0001619                init_all
 .text          0x00000000c0001664      0x2cc build/keyboard.o
                0x00000000c00018f6                keyboard_init
 .text          0x00000000c0001930      0x2e4 build/ioqueue.o
                0x00000000c0001930                ioqueue_init
                0x00000000c0001988                ioq_full
                0x00000000c00019d5                ioq_empty
                0x00000000c0001aa1                ioq_getchar
                0x00000000c0001b59                ioq_putchar
 .text          0x00000000c0001c14       0xb0 build/console.o
                0x00000000c0001c14                console_init
                0x00000000c0001c2c                console_acquire
                0x00000000c0001c44                console_release
                0x00000000c0001c5c                console_put_str
                0x00000000c0001c7c                console_put_char
                0x00000000c0001ca4                console_put_int
 .text          0x00000000c0001cc4      0x188 build/tss.o
                0x00000000c0001cc4                update_tss_esp
                0x00000000c0001d43                tss_init
 .text          0x00000000c0001e4c      0x2af build/sync.o
                0x00000000c0001e74                lock_init
                0x00000000c0002023                lock_acquire
                0x00000000c0002099                lock_release
 .text          0x00000000c00020fb      0x51e build/thread.o
                0x00000000c00020fb                get_cur_thread_pcb
                0x00000000c000212b                thread_create
                0x00000000c000218b                init_thread
                0x00000000c000221d                thread_start
                0x00000000c000236f                schedule
                0x00000000c0002471                thread_init
                0x00000000c00024be                thread_block
                0x00000000c0002520                thread_unblock
 .text          0x00000000c0002619      0x1d4 build/list.o
                0x00000000c0002619                list_init
                0x00000000c0002646                list_insert_before
                0x00000000c000268a                list_push
                0x00000000c00026a7                list_append
                0x00000000c00026c4                list_remove
                0x00000000c00026fd                list_pop
                0x00000000c000271f                list_empty
                0x00000000c0002738                list_len
                0x00000000c000276c                list_traversal
                0x00000000c00027b2                elem_find
 .text          0x00000000c00027ed      0x164 build/timer.o
                0x00000000c000288f                timer_init
 .text          0x00000000c0002951      0x454 build/interrupt.o
                0x00000000c0002c54                idt_init
                0x00000000c0002cbe                intr_enable
                0x00000000c0002cd8                intr_disable
                0x00000000c0002cf2                intr_set_status
                0x00000000c0002d0c                intr_get_status
                0x00000000c0002d89                register_handler
 *fill*         0x00000000c0002da5        0xb 
 .text          0x00000000c0002db0      0x541 build/kernel.o
                0x00000000c0002db0                intr_exit
 *fill*         0x00000000c00032f1        0xf 
 .text          0x00000000c0003300      0x149 build/print.o
                0x00000000c0003300                put_str
                0x00000000c000331e                put_char
                0x00000000c00033eb                put_int
 .text          0x00000000c0003449      0x79f build/memory.o
                0x00000000c0003619                mem_init
                0x00000000c000379f                pte_ptr
                0x00000000c00037c6                pde_ptr
                0x00000000c00038ed                malloc_page
                0x00000000c00039ab                get_kernel_pages
                0x00000000c0003a06                get_user_pages
                0x00000000c0003a61                get_a_page
                0x00000000c0003bbb                addr_v2p
 .text          0x00000000c0003be8      0x21d build/bitmap.o
                0x00000000c0003be8                bitmap_init
                0x00000000c0003c0a                bitmap_test_bit
                0x00000000c0003c48                bitmap_scan
                0x00000000c0003d57                bitmap_set
 .text          0x00000000c0003e05      0x39b build/string.o
                0x00000000c0003e05                memset
                0x00000000c0003e55                memcpy
                0x00000000c0003ead                memcmp
                0x00000000c0003f21                strcpy
                0x00000000c0003f74                strlen
                0x00000000c0003fbc                strcmp
                0x00000000c0004029                strchr
                0x00000000c000407e                strrchr
                0x00000000c00040d9                strcat
                0x00000000c000413f                strchrs
 .text          0x00000000c00041a0       0xa6 build/debug.o
                0x00000000c00041a0                panic_spin
 *fill*         0x00000000c0004246        0xa 
 .text          0x00000000c0004250       0x15 build/switch.o
                0x00000000c0004250                switch_to
 *(.gnu.warning)

.fini
 *(SORT(.fini))
                0x00000000c0004265                PROVIDE (__etext, .)
                0x00000000c0004265                PROVIDE (_etext, .)
                0x00000000c0004265                PROVIDE (etext, .)

.rodata         0x00000000c0004268      0xc47
 *(.rodata .rodata.* .gnu.linkonce.r.*)
 .rodata        0x00000000c0004268       0x1e build/main.o
 .rodata        0x00000000c0004286       0x1a build/init.o
 .rodata        0x00000000c00042a0       0x36 build/keyboard.o
 *fill*         0x00000000c00042d6        0x2 
 .rodata        0x00000000c00042d8       0xa8 build/ioqueue.o
 .rodata        0x00000000c0004380       0x27 build/tss.o
 *fill*         0x00000000c00043a7        0x1 
 .rodata        0x00000000c00043a8      0x121 build/sync.o
 *fill*         0x00000000c00044c9        0x3 
 .rodata        0x00000000c00044cc      0x2c7 build/thread.o
 *fill*         0x00000000c0004793        0x1 
 .rodata        0x00000000c0004794       0x6f build/timer.o
 *fill*         0x00000000c0004803        0x1 
 .rodata        0x00000000c0004804      0x30d build/interrupt.o
 *fill*         0x00000000c0004b11        0x3 
 .rodata        0x00000000c0004b14      0x20f build/memory.o
 *fill*         0x00000000c0004d23        0x1 
 .rodata        0x00000000c0004d24       0x67 build/bitmap.o
 *fill*         0x00000000c0004d8b        0x1 
 .rodata        0x00000000c0004d8c       0xe4 build/string.o
 .rodata        0x00000000c0004e70       0x3f build/debug.o

.rodata1
 *(.rodata1)

.eh_frame_hdr
 *(.eh_frame_hdr)

.eh_frame       0x00000000c0004eb0      0xbf8
 *(.eh_frame)
 .eh_frame      0x00000000c0004eb0       0x74 build/main.o
 .eh_frame      0x00000000c0004f24       0x20 build/init.o
                                         0x38 (size before relaxing)
 .eh_frame      0x00000000c0004f44       0x60 build/keyboard.o
                                         0x78 (size before relaxing)
 .eh_frame      0x00000000c0004fa4      0x100 build/ioqueue.o
                                        0x118 (size before relaxing)
 .eh_frame      0x00000000c00050a4       0xc0 build/console.o
                                         0xd8 (size before relaxing)
 .eh_frame      0x00000000c0005164       0x64 build/tss.o
                                         0x7c (size before relaxing)
 .eh_frame      0x00000000c00051c8       0xc8 build/sync.o
                                         0xe0 (size before relaxing)
 .eh_frame      0x00000000c0005290      0x140 build/thread.o
                                        0x158 (size before relaxing)
 .eh_frame      0x00000000c00053d0      0x140 build/list.o
                                        0x158 (size before relaxing)
 .eh_frame      0x00000000c0005510       0x8c build/timer.o
                                         0xa4 (size before relaxing)
 .eh_frame      0x00000000c000559c      0x1a8 build/interrupt.o
                                        0x1c0 (size before relaxing)
 .eh_frame      0x00000000c0005744      0x180 build/memory.o
                                        0x198 (size before relaxing)
 .eh_frame      0x00000000c00058c4       0x88 build/bitmap.o
                                         0xa0 (size before relaxing)
 .eh_frame      0x00000000c000594c      0x140 build/string.o
                                        0x158 (size before relaxing)
 .eh_frame      0x00000000c0005a8c       0x1c build/debug.o
                                         0x34 (size before relaxing)

.gcc_except_table
 *(.gcc_except_table .gcc_except_table.*)

.exception_ranges
 *(.exception_ranges .exception_ranges*)
                0x00000000c0005aa8                . = (ALIGN (0x1000) - ((0x1000 - .) & 0xfff))
                0x00000000c0006000                . = DATA_SEGMENT_ALIGN (0x1000, 0x1000)

.eh_frame
 *(.eh_frame)

.gcc_except_table
 *(.gcc_except_table .gcc_except_table.*)

.exception_ranges
 *(.exception_ranges .exception_ranges*)

.tdata
 *(.tdata .tdata.* .gnu.linkonce.td.*)

.tbss
 *(.tbss .tbss.* .gnu.linkonce.tb.*)
 *(.tcommon)

.preinit_array  0x00000000c0006000        0x0
                0x00000000c0006000                PROVIDE (__preinit_array_start, .)
 *(.preinit_array)
                0x00000000c0006000                PROVIDE (__preinit_array_end, .)

.init_array     0x00000000c0006000        0x0
                0x00000000c0006000                PROVIDE (__init_array_start, .)
 *(SORT(.init_array.*))
 *(.init_array)
                0x00000000c0006000                PROVIDE (__init_array_end, .)

.fini_array     0x00000000c0006000        0x0
                0x00000000c0006000                PROVIDE (__fini_array_start, .)
 *(SORT(.fini_array.*))
 *(.fini_array)
                0x00000000c0006000                PROVIDE (__fini_array_end, .)

.ctors
 *crtbegin.o(.ctors)
 *crtbegin?.o(.ctors)
 *(EXCLUDE_FILE(*crtend?.o *crtend.o) .ctors)
 *(SORT(.ctors.*))
 *(.ctors)

.dtors
 *crtbegin.o(.dtors)
 *crtbegin?.o(.dtors)
 *(EXCLUDE_FILE(*crtend?.o *crtend.o) .dtors)
 *(SORT(.dtors.*))
 *(.dtors)

.jcr
 *(.jcr)

.data.rel.ro
 *(.data.rel.ro.local* .gnu.linkonce.d.rel.ro.local.*)
 *(.data.rel.ro .data.rel.ro.* .gnu.linkonce.d.rel.ro.*)

.dynamic
 *(.dynamic)

.got
 *(.got)
 *(.igot)
                0x00000000c0006000                . = DATA_SEGMENT_RELRO_END (., (SIZEOF (.got.plt) >= 0xc)?0xc:0x0)

.got.plt        0x00000000c0006000        0x0
 *(.got.plt)
 *(.igot.plt)
 .igot.plt      0x0000000000000000        0x0 build/main.o

.data           0x00000000c0006000      0x140
 *(.data .data.* .gnu.linkonce.d.*)
 .data          0x00000000c0006000        0x0 build/main.o
 .data          0x00000000c0006000        0x0 build/init.o
 .data          0x00000000c0006000       0x76 build/keyboard.o
 .data          0x00000000c0006076        0x0 build/ioqueue.o
 .data          0x00000000c0006076        0x0 build/console.o
 .data          0x00000000c0006076        0x0 build/tss.o
 .data          0x00000000c0006076        0x0 build/sync.o
 .data          0x00000000c0006076        0x0 build/thread.o
 .data          0x00000000c0006076        0x0 build/list.o
 .data          0x00000000c0006076        0x0 build/timer.o
 .data          0x00000000c0006076        0x0 build/interrupt.o
 *fill*         0x00000000c0006076        0x2 
 .data          0x00000000c0006078       0xc0 build/kernel.o
                0x00000000c0006078                intr_entry_table
 .data          0x00000000c0006138        0x8 build/print.o
 .data          0x00000000c0006140        0x0 build/memory.o
 .data          0x00000000c0006140        0x0 build/bitmap.o
 .data          0x00000000c0006140        0x0 build/string.o
 .data          0x00000000c0006140        0x0 build/debug.o

.data1
 *(.data1)
                0x00000000c0006140                _edata = .
                0x00000000c0006140                PROVIDE (edata, .)
                0x00000000c0006140                . = .
                0x00000000c0006140                __bss_start = .

.bss            0x00000000c0006140      0x4ec
 *(.dynbss)
 *(.bss .bss.* .gnu.linkonce.b.*)
 .bss           0x00000000c0006140        0x0 build/main.o
 .bss           0x00000000c0006140        0x0 build/init.o
 .bss           0x00000000c0006140       0x14 build/keyboard.o
 .bss           0x00000000c0006154        0x0 build/ioqueue.o
 .bss           0x00000000c0006154       0x1c build/console.o
 *fill*         0x00000000c0006170       0x10 
 .bss           0x00000000c0006180       0x6c build/tss.o
 .bss           0x00000000c00061ec        0x0 build/sync.o
 .bss           0x00000000c00061ec        0x0 build/thread.o
 .bss           0x00000000c00061ec        0x0 build/list.o
 .bss           0x00000000c00061ec        0x0 build/timer.o
 *fill*         0x00000000c00061ec       0x14 
 .bss           0x00000000c0006200      0x180 build/interrupt.o
 .bss           0x00000000c0006380        0x0 build/memory.o
 .bss           0x00000000c0006380        0x0 build/bitmap.o
 .bss           0x00000000c0006380        0x0 build/string.o
 .bss           0x00000000c0006380        0x0 build/debug.o
 *(COMMON)
 COMMON         0x00000000c0006380       0x6c build/keyboard.o
                0x00000000c0006380                kbd_buf
 COMMON         0x00000000c00063ec       0x24 build/thread.o
                0x00000000c00063ec                thread_ready_list
                0x00000000c00063fc                thread_all_list
                0x00000000c000640c                main_thread
 COMMON         0x00000000c0006410        0x4 build/timer.o
                0x00000000c0006410                total_ticks
 *fill*         0x00000000c0006414        0xc 
 COMMON         0x00000000c0006420      0x180 build/interrupt.o
                0x00000000c0006420                intr_name
                0x00000000c00064e0                idt_table
 COMMON         0x00000000c00065a0       0x8c build/memory.o
                0x00000000c00065a0                k_v_pool
                0x00000000c00065c0                k_p_pool
                0x00000000c0006600                u_p_pool
                0x00000000c000662c                . = ALIGN ((. != 0x0)?0x4:0x1)
                0x00000000c000662c                . = ALIGN (0x4)
                0x00000000c000662c                . = SEGMENT_START ("ldata-segment", .)
                0x00000000c000662c                . = ALIGN (0x4)
                0x00000000c000662c                _end = .
                0x00000000c000662c                PROVIDE (end, .)
                0x00000000c000662c                . = DATA_SEGMENT_END (.)

.stab
 *(.stab)

.stabstr
 *(.stabstr)

.stab.excl
 *(.stab.excl)

.stab.exclstr
 *(.stab.exclstr)

.stab.index
 *(.stab.index)

.stab.indexstr
 *(.stab.indexstr)

.comment        0x0000000000000000       0x11
 *(.comment)
 .comment       0x0000000000000000       0x11 build/main.o
                                         0x12 (size before relaxing)
 .comment       0x0000000000000000       0x12 build/init.o
 .comment       0x0000000000000000       0x12 build/keyboard.o
 .comment       0x0000000000000000       0x12 build/ioqueue.o
 .comment       0x0000000000000000       0x12 build/console.o
 .comment       0x0000000000000000       0x12 build/tss.o
 .comment       0x0000000000000000       0x12 build/sync.o
 .comment       0x0000000000000000       0x12 build/thread.o
 .comment       0x0000000000000000       0x12 build/list.o
 .comment       0x0000000000000000       0x12 build/timer.o
 .comment       0x0000000000000000       0x12 build/interrupt.o
 .comment       0x0000000000000000       0x12 build/memory.o
 .comment       0x0000000000000000       0x12 build/bitmap.o
 .comment       0x0000000000000000       0x12 build/string.o
 .comment       0x0000000000000000       0x12 build/debug.o

.debug
 *(.debug)

.line
 *(.line)

.debug_srcinfo
 *(.debug_srcinfo)

.debug_sfnames
 *(.debug_sfnames)

.debug_aranges
 *(.debug_aranges)

.debug_pubnames
 *(.debug_pubnames)

.debug_info
 *(.debug_info .gnu.linkonce.wi.*)

.debug_abbrev
 *(.debug_abbrev)

.debug_line
 *(.debug_line .debug_line.* .debug_line_end)

.debug_frame
 *(.debug_frame)

.debug_str
 *(.debug_str)

.debug_loc
 *(.debug_loc)

.debug_macinfo
 *(.debug_macinfo)

.debug_weaknames
 *(.debug_weaknames)

.debug_funcnames
 *(.debug_funcnames)

.debug_typenames
 *(.debug_typenames)

.debug_varnames
 *(.debug_varnames)

.debug_pubtypes
 *(.debug_pubtypes)

.debug_ranges
 *(.debug_ranges)

.debug_macro
 *(.debug_macro)

.gnu.attributes
 *(.gnu.attributes)

/DISCARD/
 *(.note.GNU-stack)
 *(.gnu_debuglink)
 *(.gnu.lto_*)
OUTPUT(build/kernel.bin elf32-i386)
