
Allocating common symbols
Common symbol       size              file

kbd_buf             0x6c              build/keyboard.o
thread_ready_list   0x10              build/thread.o
thread_all_list     0x10              build/thread.o
k_v_pool            0xc               build/memory.o
intr_name           0xc0              build/interrupt.o
main_thread         0x4               build/thread.o
total_ticks         0x4               build/timer.o
k_p_pool            0x10              build/memory.o
u_p_pool            0x10              build/memory.o
idt_table           0xc0              build/interrupt.o

Memory Configuration

Name             Origin             Length             Attributes
*default*        0x0000000000000000 0xffffffffffffffff

Linker script and memory map

Address of section .text set to 0xc0001500
LOAD build/main.o
LOAD build/init.o
LOAD build/keyboard.o
LOAD build/ioqueue.o
LOAD build/console.o
LOAD build/sync.o
LOAD build/thread.o
LOAD build/list.o
LOAD build/timer.o
LOAD build/interrupt.o
LOAD build/kernel.o
LOAD build/print.o
LOAD build/memory.o
LOAD build/bitmap.o
LOAD build/string.o
LOAD build/debug.o
LOAD build/switch.o
                0x0000000008048000                PROVIDE (__executable_start, 0x8048000)
                0x0000000008048074                . = (0x8048000 + SIZEOF_HEADERS)

.interp
 *(.interp)

.note.gnu.build-id
 *(.note.gnu.build-id)

.hash
 *(.hash)

.gnu.hash
 *(.gnu.hash)

.dynsym
 *(.dynsym)

.dynstr
 *(.dynstr)

.gnu.version
 *(.gnu.version)

.gnu.version_d
 *(.gnu.version_d)

.gnu.version_r
 *(.gnu.version_r)

.rel.dyn        0x0000000008048074        0x0
 *(.rel.init)
 *(.rel.text .rel.text.* .rel.gnu.linkonce.t.*)
 .rel.text      0x0000000000000000        0x0 build/main.o
 *(.rel.fini)
 *(.rel.rodata .rel.rodata.* .rel.gnu.linkonce.r.*)
 *(.rel.data.rel.ro .rel.data.rel.ro.* .rel.gnu.linkonce.d.rel.ro.*)
 *(.rel.data .rel.data.* .rel.gnu.linkonce.d.*)
 *(.rel.tdata .rel.tdata.* .rel.gnu.linkonce.td.*)
 *(.rel.tbss .rel.tbss.* .rel.gnu.linkonce.tb.*)
 *(.rel.ctors)
 *(.rel.dtors)
 *(.rel.got)
 *(.rel.bss .rel.bss.* .rel.gnu.linkonce.b.*)
 *(.rel.ifunc)

.rel.plt        0x0000000008048074        0x0
 *(.rel.plt)
                0x0000000008048074                PROVIDE (__rel_iplt_start, .)
 *(.rel.iplt)
 .rel.iplt      0x0000000000000000        0x0 build/main.o
                0x0000000008048074                PROVIDE (__rel_iplt_end, .)

.init
 *(SORT(.init))

.plt            0x0000000008048080        0x0
 *(.plt)
 *(.iplt)
 .iplt          0x0000000000000000        0x0 build/main.o

.text           0x00000000c0001500     0x28e5
 *(.text.unlikely .text.*_unlikely .text.unlikely.*)
 *(.text.exit .text.exit.*)
 *(.text.startup .text.startup.*)
 *(.text.hot .text.hot.*)
 *(.text .stub .text.* .gnu.linkonce.t.*)
 .text          0x00000000c0001500       0xe7 build/main.o
                0x00000000c0001500                main
                0x00000000c000151d                k_thread_a
                0x00000000c0001582                k_thread_b
 .text          0x00000000c00015e7       0x46 build/init.o
                0x00000000c00015e7                init_all
 .text          0x00000000c000162d      0x2cc build/keyboard.o
                0x00000000c00018bf                keyboard_init
 .text          0x00000000c00018f9      0x2e4 build/ioqueue.o
                0x00000000c00018f9                ioqueue_init
                0x00000000c0001951                ioq_full
                0x00000000c000199e                ioq_empty
                0x00000000c0001a6a                ioq_getchar
                0x00000000c0001b22                ioq_putchar
 .text          0x00000000c0001bdd       0xb0 build/console.o
                0x00000000c0001bdd                console_init
                0x00000000c0001bf5                console_acquire
                0x00000000c0001c0d                console_release
                0x00000000c0001c25                console_put_str
                0x00000000c0001c45                console_put_char
                0x00000000c0001c6d                console_put_int
 .text          0x00000000c0001c8d      0x2af build/sync.o
                0x00000000c0001cb5                lock_init
                0x00000000c0001e64                lock_acquire
                0x00000000c0001eda                lock_release
 .text          0x00000000c0001f3c      0x531 build/thread.o
                0x00000000c0001f3c                get_cur_thread_pcb
                0x00000000c0001f6c                thread_create
                0x00000000c0001fdc                init_thread
                0x00000000c000206e                thread_start
                0x00000000c00021c0                schedule
                0x00000000c00022c5                thread_init
                0x00000000c0002312                thread_block
                0x00000000c0002374                thread_unblock
 .text          0x00000000c000246d      0x1d4 build/list.o
                0x00000000c000246d                list_init
                0x00000000c000249a                list_insert_before
                0x00000000c00024de                list_push
                0x00000000c00024fb                list_append
                0x00000000c0002518                list_remove
                0x00000000c0002551                list_pop
                0x00000000c0002573                list_empty
                0x00000000c000258c                list_len
                0x00000000c00025c0                list_traversal
                0x00000000c0002606                elem_find
 .text          0x00000000c0002641      0x164 build/timer.o
                0x00000000c00026e3                timer_init
 .text          0x00000000c00027a5      0x454 build/interrupt.o
                0x00000000c0002aa8                idt_init
                0x00000000c0002b12                intr_enable
                0x00000000c0002b2c                intr_disable
                0x00000000c0002b46                intr_set_status
                0x00000000c0002b60                intr_get_status
                0x00000000c0002bdd                register_handler
 *fill*         0x00000000c0002bf9        0x7 
 .text          0x00000000c0002c00      0x541 build/kernel.o
                0x00000000c0002c00                intr_exit
 *fill*         0x00000000c0003141        0xf 
 .text          0x00000000c0003150      0x149 build/print.o
                0x00000000c0003150                put_str
                0x00000000c000316e                put_char
                0x00000000c000323b                put_int
 .text          0x00000000c0003299      0x4d6 build/memory.o
                0x00000000c0003449                mem_init
                0x00000000c0003528                pte_ptr
                0x00000000c000354f                pde_ptr
                0x00000000c0003676                malloc_page
                0x00000000c0003734                get_kernel_pages
 .text          0x00000000c000376f      0x21d build/bitmap.o
                0x00000000c000376f                bitmap_init
                0x00000000c0003791                bitmap_test_bit
                0x00000000c00037cf                bitmap_scan
                0x00000000c00038de                bitmap_set
 .text          0x00000000c000398c      0x39b build/string.o
                0x00000000c000398c                memset
                0x00000000c00039dc                memcpy
                0x00000000c0003a34                memcmp
                0x00000000c0003aa8                strcpy
                0x00000000c0003afb                strlen
                0x00000000c0003b43                strcmp
                0x00000000c0003bb0                strchr
                0x00000000c0003c05                strrchr
                0x00000000c0003c60                strcat
                0x00000000c0003cc6                strchrs
 .text          0x00000000c0003d27       0xa6 build/debug.o
                0x00000000c0003d27                panic_spin
 *fill*         0x00000000c0003dcd        0x3 
 .text          0x00000000c0003dd0       0x15 build/switch.o
                0x00000000c0003dd0                switch_to
 *(.gnu.warning)

.fini
 *(SORT(.fini))
                0x00000000c0003de5                PROVIDE (__etext, .)
                0x00000000c0003de5                PROVIDE (_etext, .)
                0x00000000c0003de5                PROVIDE (etext, .)

.rodata         0x00000000c0003de8      0xb67
 *(.rodata .rodata.* .gnu.linkonce.r.*)
 .rodata        0x00000000c0003de8       0x19 build/init.o
 .rodata        0x00000000c0003e01       0x36 build/keyboard.o
 *fill*         0x00000000c0003e37        0x1 
 .rodata        0x00000000c0003e38       0xa8 build/ioqueue.o
 .rodata        0x00000000c0003ee0      0x121 build/sync.o
 *fill*         0x00000000c0004001        0x3 
 .rodata        0x00000000c0004004      0x2c7 build/thread.o
 *fill*         0x00000000c00042cb        0x1 
 .rodata        0x00000000c00042cc       0x6f build/timer.o
 *fill*         0x00000000c000433b        0x1 
 .rodata        0x00000000c000433c      0x30d build/interrupt.o
 *fill*         0x00000000c0004649        0x3 
 .rodata        0x00000000c000464c      0x178 build/memory.o
 .rodata        0x00000000c00047c4       0x67 build/bitmap.o
 *fill*         0x00000000c000482b        0x1 
 .rodata        0x00000000c000482c       0xe4 build/string.o
 .rodata        0x00000000c0004910       0x3f build/debug.o

.rodata1
 *(.rodata1)

.eh_frame_hdr
 *(.eh_frame_hdr)

.eh_frame       0x00000000c0004950      0xb34
 *(.eh_frame)
 .eh_frame      0x00000000c0004950       0x74 build/main.o
 .eh_frame      0x00000000c00049c4       0x20 build/init.o
                                         0x38 (size before relaxing)
 .eh_frame      0x00000000c00049e4       0x60 build/keyboard.o
                                         0x78 (size before relaxing)
 .eh_frame      0x00000000c0004a44      0x100 build/ioqueue.o
                                        0x118 (size before relaxing)
 .eh_frame      0x00000000c0004b44       0xc0 build/console.o
                                         0xd8 (size before relaxing)
 .eh_frame      0x00000000c0004c04       0xc8 build/sync.o
                                         0xe0 (size before relaxing)
 .eh_frame      0x00000000c0004ccc      0x140 build/thread.o
                                        0x158 (size before relaxing)
 .eh_frame      0x00000000c0004e0c      0x140 build/list.o
                                        0x158 (size before relaxing)
 .eh_frame      0x00000000c0004f4c       0x8c build/timer.o
                                         0xa4 (size before relaxing)
 .eh_frame      0x00000000c0004fd8      0x1a8 build/interrupt.o
                                        0x1c0 (size before relaxing)
 .eh_frame      0x00000000c0005180      0x120 build/memory.o
                                        0x138 (size before relaxing)
 .eh_frame      0x00000000c00052a0       0x88 build/bitmap.o
                                         0xa0 (size before relaxing)
 .eh_frame      0x00000000c0005328      0x140 build/string.o
                                        0x158 (size before relaxing)
 .eh_frame      0x00000000c0005468       0x1c build/debug.o
                                         0x34 (size before relaxing)

.gcc_except_table
 *(.gcc_except_table .gcc_except_table.*)

.exception_ranges
 *(.exception_ranges .exception_ranges*)
                0x00000000c0005484                . = (ALIGN (0x1000) - ((0x1000 - .) & 0xfff))
                0x00000000c0006484                . = DATA_SEGMENT_ALIGN (0x1000, 0x1000)

.eh_frame
 *(.eh_frame)

.gcc_except_table
 *(.gcc_except_table .gcc_except_table.*)

.exception_ranges
 *(.exception_ranges .exception_ranges*)

.tdata
 *(.tdata .tdata.* .gnu.linkonce.td.*)

.tbss
 *(.tbss .tbss.* .gnu.linkonce.tb.*)
 *(.tcommon)

.preinit_array  0x00000000c0006484        0x0
                0x00000000c0006484                PROVIDE (__preinit_array_start, .)
 *(.preinit_array)
                0x00000000c0006484                PROVIDE (__preinit_array_end, .)

.init_array     0x00000000c0006484        0x0
                0x00000000c0006484                PROVIDE (__init_array_start, .)
 *(SORT(.init_array.*))
 *(.init_array)
                0x00000000c0006484                PROVIDE (__init_array_end, .)

.fini_array     0x00000000c0006484        0x0
                0x00000000c0006484                PROVIDE (__fini_array_start, .)
 *(SORT(.fini_array.*))
 *(.fini_array)
                0x00000000c0006484                PROVIDE (__fini_array_end, .)

.ctors
 *crtbegin.o(.ctors)
 *crtbegin?.o(.ctors)
 *(EXCLUDE_FILE(*crtend?.o *crtend.o) .ctors)
 *(SORT(.ctors.*))
 *(.ctors)

.dtors
 *crtbegin.o(.dtors)
 *crtbegin?.o(.dtors)
 *(EXCLUDE_FILE(*crtend?.o *crtend.o) .dtors)
 *(SORT(.dtors.*))
 *(.dtors)

.jcr
 *(.jcr)

.data.rel.ro
 *(.data.rel.ro.local* .gnu.linkonce.d.rel.ro.local.*)
 *(.data.rel.ro .data.rel.ro.* .gnu.linkonce.d.rel.ro.*)

.dynamic
 *(.dynamic)

.got
 *(.got)
 *(.igot)
                0x00000000c0006484                . = DATA_SEGMENT_RELRO_END (., (SIZEOF (.got.plt) >= 0xc)?0xc:0x0)

.got.plt        0x00000000c0006484        0x0
 *(.got.plt)
 *(.igot.plt)
 .igot.plt      0x0000000000000000        0x0 build/main.o

.data           0x00000000c00064a0      0x140
 *(.data .data.* .gnu.linkonce.d.*)
 .data          0x00000000c00064a0        0x0 build/main.o
 .data          0x00000000c00064a0        0x0 build/init.o
 .data          0x00000000c00064a0       0x76 build/keyboard.o
 .data          0x00000000c0006516        0x0 build/ioqueue.o
 .data          0x00000000c0006516        0x0 build/console.o
 .data          0x00000000c0006516        0x0 build/sync.o
 .data          0x00000000c0006516        0x0 build/thread.o
 .data          0x00000000c0006516        0x0 build/list.o
 .data          0x00000000c0006516        0x0 build/timer.o
 .data          0x00000000c0006516        0x0 build/interrupt.o
 *fill*         0x00000000c0006516        0x2 
 .data          0x00000000c0006518       0xc0 build/kernel.o
                0x00000000c0006518                intr_entry_table
 .data          0x00000000c00065d8        0x8 build/print.o
 .data          0x00000000c00065e0        0x0 build/memory.o
 .data          0x00000000c00065e0        0x0 build/bitmap.o
 .data          0x00000000c00065e0        0x0 build/string.o
 .data          0x00000000c00065e0        0x0 build/debug.o

.data1
 *(.data1)
                0x00000000c00065e0                _edata = .
                0x00000000c00065e0                PROVIDE (edata, .)
                0x00000000c00065e0                . = .
                0x00000000c00065e0                __bss_start = .

.bss            0x00000000c00065e0      0x40c
 *(.dynbss)
 *(.bss .bss.* .gnu.linkonce.b.*)
 .bss           0x00000000c00065e0        0x0 build/main.o
 .bss           0x00000000c00065e0        0x0 build/init.o
 .bss           0x00000000c00065e0       0x14 build/keyboard.o
 .bss           0x00000000c00065f4        0x0 build/ioqueue.o
 .bss           0x00000000c00065f4       0x1c build/console.o
 .bss           0x00000000c0006610        0x0 build/sync.o
 .bss           0x00000000c0006610        0x0 build/thread.o
 .bss           0x00000000c0006610        0x0 build/list.o
 .bss           0x00000000c0006610        0x0 build/timer.o
 *fill*         0x00000000c0006610       0x10 
 .bss           0x00000000c0006620      0x180 build/interrupt.o
 .bss           0x00000000c00067a0        0x0 build/memory.o
 .bss           0x00000000c00067a0        0x0 build/bitmap.o
 .bss           0x00000000c00067a0        0x0 build/string.o
 .bss           0x00000000c00067a0        0x0 build/debug.o
 *(COMMON)
 COMMON         0x00000000c00067a0       0x6c build/keyboard.o
                0x00000000c00067a0                kbd_buf
 COMMON         0x00000000c000680c       0x24 build/thread.o
                0x00000000c000680c                thread_ready_list
                0x00000000c000681c                thread_all_list
                0x00000000c000682c                main_thread
 COMMON         0x00000000c0006830        0x4 build/timer.o
                0x00000000c0006830                total_ticks
 *fill*         0x00000000c0006834        0xc 
 COMMON         0x00000000c0006840      0x180 build/interrupt.o
                0x00000000c0006840                intr_name
                0x00000000c0006900                idt_table
 COMMON         0x00000000c00069c0       0x2c build/memory.o
                0x00000000c00069c0                k_v_pool
                0x00000000c00069cc                k_p_pool
                0x00000000c00069dc                u_p_pool
                0x00000000c00069ec                . = ALIGN ((. != 0x0)?0x4:0x1)
                0x00000000c00069ec                . = ALIGN (0x4)
                0x00000000c00069ec                . = SEGMENT_START ("ldata-segment", .)
                0x00000000c00069ec                . = ALIGN (0x4)
                0x00000000c00069ec                _end = .
                0x00000000c00069ec                PROVIDE (end, .)
                0x00000000c00069ec                . = DATA_SEGMENT_END (.)

.stab
 *(.stab)

.stabstr
 *(.stabstr)

.stab.excl
 *(.stab.excl)

.stab.exclstr
 *(.stab.exclstr)

.stab.index
 *(.stab.index)

.stab.indexstr
 *(.stab.indexstr)

.comment        0x0000000000000000       0x11
 *(.comment)
 .comment       0x0000000000000000       0x11 build/main.o
                                         0x12 (size before relaxing)
 .comment       0x0000000000000000       0x12 build/init.o
 .comment       0x0000000000000000       0x12 build/keyboard.o
 .comment       0x0000000000000000       0x12 build/ioqueue.o
 .comment       0x0000000000000000       0x12 build/console.o
 .comment       0x0000000000000000       0x12 build/sync.o
 .comment       0x0000000000000000       0x12 build/thread.o
 .comment       0x0000000000000000       0x12 build/list.o
 .comment       0x0000000000000000       0x12 build/timer.o
 .comment       0x0000000000000000       0x12 build/interrupt.o
 .comment       0x0000000000000000       0x12 build/memory.o
 .comment       0x0000000000000000       0x12 build/bitmap.o
 .comment       0x0000000000000000       0x12 build/string.o
 .comment       0x0000000000000000       0x12 build/debug.o

.debug
 *(.debug)

.line
 *(.line)

.debug_srcinfo
 *(.debug_srcinfo)

.debug_sfnames
 *(.debug_sfnames)

.debug_aranges
 *(.debug_aranges)

.debug_pubnames
 *(.debug_pubnames)

.debug_info
 *(.debug_info .gnu.linkonce.wi.*)

.debug_abbrev
 *(.debug_abbrev)

.debug_line
 *(.debug_line .debug_line.* .debug_line_end)

.debug_frame
 *(.debug_frame)

.debug_str
 *(.debug_str)

.debug_loc
 *(.debug_loc)

.debug_macinfo
 *(.debug_macinfo)

.debug_weaknames
 *(.debug_weaknames)

.debug_funcnames
 *(.debug_funcnames)

.debug_typenames
 *(.debug_typenames)

.debug_varnames
 *(.debug_varnames)

.debug_pubtypes
 *(.debug_pubtypes)

.debug_ranges
 *(.debug_ranges)

.debug_macro
 *(.debug_macro)

.gnu.attributes
 *(.gnu.attributes)

/DISCARD/
 *(.note.GNU-stack)
 *(.gnu_debuglink)
 *(.gnu.lto_*)
OUTPUT(build/kernel.bin elf32-i386)
