
Allocating common symbols
Common symbol       size              file

kbd_buf             0x6c              build/keyboard.o
root_dir            0x208             build/dir.o
thread_ready_list   0x10              build/thread.o
thread_all_list     0x10              build/thread.o
channel_cnt         0x1               build/ide.o
k_block_desc        0xa8              build/memory.o
cur_part            0x4               build/fs.o
k_v_pool            0xc               build/memory.o
idle_thread         0x4               build/thread.o
intr_name           0x204             build/interrupt.o
main_thread         0x4               build/thread.o
channels            0xcc0             build/ide.o
syscall_table       0x80              build/syscall-init.o
total_ticks         0x4               build/timer.o
k_p_pool            0x2c              build/memory.o
u_p_pool            0x2c              build/memory.o
idt_table           0x204             build/interrupt.o
file_table          0x180             build/file.o
partition_list      0x10              build/ide.o
pid_lock            0x1c              build/thread.o

Memory Configuration

Name             Origin             Length             Attributes
*default*        0x0000000000000000 0xffffffffffffffff

Linker script and memory map

Address of section .text set to 0xc0001500
LOAD build/main.o
LOAD build/init.o
LOAD build/stdio.o
LOAD build/syscall-init.o
LOAD build/syscall.o
LOAD build/fs.o
LOAD build/file.o
LOAD build/inode.o
LOAD build/dir.o
LOAD build/stdio-kernel.o
LOAD build/ide.o
LOAD build/keyboard.o
LOAD build/ioqueue.o
LOAD build/process.o
LOAD build/console.o
LOAD build/tss.o
LOAD build/sync.o
LOAD build/thread.o
LOAD build/list.o
LOAD build/timer.o
LOAD build/interrupt.o
LOAD build/kernel.o
LOAD build/print.o
LOAD build/memory.o
LOAD build/bitmap.o
LOAD build/string.o
LOAD build/debug.o
LOAD build/switch.o
                0x0000000008048000                PROVIDE (__executable_start, 0x8048000)
                0x0000000008048074                . = (0x8048000 + SIZEOF_HEADERS)

.interp
 *(.interp)

.note.gnu.build-id
 *(.note.gnu.build-id)

.hash
 *(.hash)

.gnu.hash
 *(.gnu.hash)

.dynsym
 *(.dynsym)

.dynstr
 *(.dynstr)

.gnu.version
 *(.gnu.version)

.gnu.version_d
 *(.gnu.version_d)

.gnu.version_r
 *(.gnu.version_r)

.rel.dyn        0x0000000008048074        0x0
 *(.rel.init)
 *(.rel.text .rel.text.* .rel.gnu.linkonce.t.*)
 .rel.text      0x0000000000000000        0x0 build/main.o
 *(.rel.fini)
 *(.rel.rodata .rel.rodata.* .rel.gnu.linkonce.r.*)
 *(.rel.data.rel.ro .rel.data.rel.ro.* .rel.gnu.linkonce.d.rel.ro.*)
 *(.rel.data .rel.data.* .rel.gnu.linkonce.d.*)
 *(.rel.tdata .rel.tdata.* .rel.gnu.linkonce.td.*)
 *(.rel.tbss .rel.tbss.* .rel.gnu.linkonce.tb.*)
 *(.rel.ctors)
 *(.rel.dtors)
 *(.rel.got)
 *(.rel.bss .rel.bss.* .rel.gnu.linkonce.b.*)
 *(.rel.ifunc)

.rel.plt        0x0000000008048074        0x0
 *(.rel.plt)
                0x0000000008048074                PROVIDE (__rel_iplt_start, .)
 *(.rel.iplt)
 .rel.iplt      0x0000000000000000        0x0 build/main.o
                0x0000000008048074                PROVIDE (__rel_iplt_end, .)

.init
 *(SORT(.init))

.plt            0x0000000008048080        0x0
 *(.plt)
 *(.iplt)
 .iplt          0x0000000000000000        0x0 build/main.o

.text           0x00000000c0001500     0x9405
 *(.text.unlikely .text.*_unlikely .text.unlikely.*)
 *(.text.exit .text.exit.*)
 *(.text.startup .text.startup.*)
 *(.text.hot .text.hot.*)
 *(.text .stub .text.* .gnu.linkonce.t.*)
 .text          0x00000000c0001500      0x322 build/main.o
                0x00000000c0001500                main
                0x00000000c0001574                k_thread_a
                0x00000000c0001647                k_thread_b
                0x00000000c000171a                u_prog_a
                0x00000000c000179e                u_prog_b
 .text          0x00000000c0001822       0x5a build/init.o
                0x00000000c0001822                init_all
 .text          0x00000000c000187c      0x293 build/stdio.o
                0x00000000c00018fd                vsprintf
                0x00000000c0001a6f                printf
                0x00000000c0001adf                sprintf
 .text          0x00000000c0001b0f       0x61 build/syscall-init.o
                0x00000000c0001b0f                sys_getpid
                0x00000000c0001b20                syscall_init
 .text          0x00000000c0001b70       0x73 build/syscall.o
                0x00000000c0001b70                getpid
                0x00000000c0001b85                write
                0x00000000c0001ba8                malloc
                0x00000000c0001bc7                free
 .text          0x00000000c0001be3     0x1d06 build/fs.o
                0x00000000c000202a                filesys_init
                0x00000000c0002564                path_depth_cnt
                0x00000000c0002863                sys_open
                0x00000000c0002b0e                sys_close
                0x00000000c0002b6b                sys_write
                0x00000000c0002c71                sys_read
                0x00000000c0002ced                sys_lseek
                0x00000000c0002dd7                sys_unlink
                0x00000000c0002ff8                sys_mkdir
                0x00000000c00033df                sys_opendir
                0x00000000c00034f8                sys_closedir
                0x00000000c0003525                sys_readdir
                0x00000000c000355d                sys_rewinddir
                0x00000000c000356c                sys_rmdir
 .text          0x00000000c00038e9     0x12e4 build/file.o
                0x00000000c00038e9                get_free_slot_in_global
                0x00000000c000393d                pcb_fd_install
                0x00000000c00039a7                inode_bitmap_alloc
                0x00000000c0003a04                block_bitmap_alloc
                0x00000000c0003a6c                bitmap_sync
                0x00000000c0003aec                file_create
                0x00000000c0003e25                file_open
                0x00000000c0003f39                file_close
                0x00000000c0003f7c                file_write
                0x00000000c0004816                file_read
 .text          0x00000000c0004bcd      0x71e build/inode.o
                0x00000000c0004c5d                inode_sync
                0x00000000c0004d7f                inode_open
                0x00000000c0004ee0                inode_close
                0x00000000c0004f5b                inode_init
                0x00000000c0004fad                inode_delete
                0x00000000c00050ba                inode_release
 .text          0x00000000c00052eb      0xe36 build/dir.o
                0x00000000c00052eb                open_root_dir
                0x00000000c000531a                dir_open
                0x00000000c000535a                search_dir_entry
                0x00000000c000552e                dir_close
                0x00000000c0005560                create_dir_entry
                0x00000000c00055c9                sync_dir_entry
                0x00000000c00059dd                delete_dir_entry
                0x00000000c0005e09                dir_read
                0x00000000c000600f                dir_is_empty
                0x00000000c0006031                dir_remove
 .text          0x00000000c0006121       0x5b build/stdio-kernel.o
                0x00000000c0006121                printk
 .text          0x00000000c000617c      0xd8b build/ide.o
                0x00000000c0006219                ide_init
                0x00000000c0006692                ide_read
                0x00000000c00067f6                ide_write
                0x00000000c000695a                intr_hd_handler
 .text          0x00000000c0006f07      0x2cc build/keyboard.o
                0x00000000c0007199                keyboard_init
 .text          0x00000000c00071d3      0x2e4 build/ioqueue.o
                0x00000000c00071d3                ioqueue_init
                0x00000000c000722b                ioq_full
                0x00000000c0007278                ioq_empty
                0x00000000c0007344                ioq_getchar
                0x00000000c00073fc                ioq_putchar
 .text          0x00000000c00074b7      0x35c build/process.o
                0x00000000c00074b7                start_process
                0x00000000c00075b5                page_dir_activate
                0x00000000c00075e9                process_activate
                0x00000000c0007636                create_page_dir
                0x00000000c00076ae                create_user_vaddr_bitmap
                0x00000000c00076f9                process_execute
 .text          0x00000000c0007813       0xb0 build/console.o
                0x00000000c0007813                console_init
                0x00000000c000782b                console_acquire
                0x00000000c0007843                console_release
                0x00000000c000785b                console_put_str
                0x00000000c000787b                console_put_char
                0x00000000c00078a3                console_put_int
 .text          0x00000000c00078c3      0x188 build/tss.o
                0x00000000c00078c3                update_tss_esp
                0x00000000c0007942                tss_init
 .text          0x00000000c0007a4b      0x2af build/sync.o
                0x00000000c0007a4b                sema_init
                0x00000000c0007a73                lock_init
                0x00000000c0007aa2                sema_down
                0x00000000c0007b77                sema_up
                0x00000000c0007c22                lock_acquire
                0x00000000c0007c98                lock_release
 .text          0x00000000c0007cfa      0x692 build/thread.o
                0x00000000c0007d11                get_cur_thread_pcb
                0x00000000c0007d7c                thread_create
                0x00000000c0007dec                init_thread
                0x00000000c0007ed3                thread_start
                0x00000000c0008028                schedule
                0x00000000c0008136                thread_init
                0x00000000c00081ae                thread_block
                0x00000000c0008210                thread_unblock
                0x00000000c0008309                thread_yield
 .text          0x00000000c000838c      0x1d4 build/list.o
                0x00000000c000838c                list_init
                0x00000000c00083b9                list_insert_before
                0x00000000c00083fd                list_push
                0x00000000c000841a                list_append
                0x00000000c0008437                list_remove
                0x00000000c0008470                list_pop
                0x00000000c0008492                list_empty
                0x00000000c00084ab                list_len
                0x00000000c00084df                list_traversal
                0x00000000c0008525                elem_find
 .text          0x00000000c0008560      0x1d5 build/timer.o
                0x00000000c0008602                timer_init
                0x00000000c00086eb                mtime_sleep
 .text          0x00000000c0008735      0x471 build/interrupt.o
                0x00000000c0008a55                idt_init
                0x00000000c0008abf                intr_enable
                0x00000000c0008ad9                intr_disable
                0x00000000c0008af3                intr_set_status
                0x00000000c0008b0d                intr_get_status
                0x00000000c0008b8a                register_handler
 *fill*         0x00000000c0008ba6        0xa 
 .text          0x00000000c0008bb0      0x565 build/kernel.o
                0x00000000c0008bb0                intr_exit
                0x00000000c00090f1                syscall_handler
 *fill*         0x00000000c0009115        0xb 
 .text          0x00000000c0009120      0x149 build/print.o
                0x00000000c0009120                put_str
                0x00000000c000913e                put_char
                0x00000000c000920b                put_int
 .text          0x00000000c0009269     0x1023 build/memory.o
                0x00000000c0009439                block_desc_init
                0x00000000c00094c9                mem_init
                0x00000000c0009689                pte_ptr
                0x00000000c00096b0                pde_ptr
                0x00000000c000970f                pfree
                0x00000000c000988a                malloc_page
                0x00000000c00099f1                mfree_page
                0x00000000c0009baf                get_kernel_pages
                0x00000000c0009c0a                get_user_pages
                0x00000000c0009c65                get_a_page
                0x00000000c0009dbf                addr_v2p
                0x00000000c0009dec                sys_malloc
                0x00000000c000a0fd                sys_free
 .text          0x00000000c000a28c      0x21d build/bitmap.o
                0x00000000c000a28c                bitmap_init
                0x00000000c000a2ae                bitmap_test_bit
                0x00000000c000a2ec                bitmap_scan
                0x00000000c000a3fb                bitmap_set
 .text          0x00000000c000a4a9      0x3a1 build/string.o
                0x00000000c000a4a9                memset
                0x00000000c000a4f9                memcpy
                0x00000000c000a557                memcmp
                0x00000000c000a5cb                strcpy
                0x00000000c000a61e                strlen
                0x00000000c000a666                strcmp
                0x00000000c000a6d3                strchr
                0x00000000c000a728                strrchr
                0x00000000c000a783                strcat
                0x00000000c000a7e9                strchrs
 .text          0x00000000c000a84a       0xa6 build/debug.o
                0x00000000c000a84a                panic_spin
 .text          0x00000000c000a8f0       0x15 build/switch.o
                0x00000000c000a8f0                switch_to
 *(.gnu.warning)

.fini
 *(SORT(.fini))
                0x00000000c000a905                PROVIDE (__etext, .)
                0x00000000c000a905                PROVIDE (_etext, .)
                0x00000000c000a905                PROVIDE (etext, .)

.rodata         0x00000000c000a908     0x2213
 *(.rodata .rodata.* .gnu.linkonce.r.*)
 .rodata        0x00000000c000a908       0x33 build/main.o
 .rodata        0x00000000c000a93b       0x1a build/init.o
 .rodata        0x00000000c000a955       0x27 build/syscall-init.o
 .rodata        0x00000000c000a97c      0x888 build/fs.o
 .rodata        0x00000000c000b204      0x482 build/file.o
 *fill*         0x00000000c000b686        0x2 
 .rodata        0x00000000c000b688       0xea build/inode.o
 *fill*         0x00000000c000b772        0x2 
 .rodata        0x00000000c000b774      0x27b build/dir.o
 *fill*         0x00000000c000b9ef        0x1 
 .rodata        0x00000000c000b9f0      0x233 build/ide.o
 .rodata        0x00000000c000bc23       0x36 build/keyboard.o
 *fill*         0x00000000c000bc59        0x3 
 .rodata        0x00000000c000bc5c       0xa8 build/ioqueue.o
 .rodata        0x00000000c000bd04       0xe0 build/process.o
 .rodata        0x00000000c000bde4       0x27 build/tss.o
 *fill*         0x00000000c000be0b        0x1 
 .rodata        0x00000000c000be0c      0x121 build/sync.o
 *fill*         0x00000000c000bf2d        0x3 
 .rodata        0x00000000c000bf30      0x2f1 build/thread.o
 *fill*         0x00000000c000c221        0x3 
 .rodata        0x00000000c000c224       0x8c build/timer.o
 .rodata        0x00000000c000c2b0      0x30d build/interrupt.o
 *fill*         0x00000000c000c5bd        0x3 
 .rodata        0x00000000c000c5c0      0x3cd build/memory.o
 *fill*         0x00000000c000c98d        0x3 
 .rodata        0x00000000c000c990       0x67 build/bitmap.o
 *fill*         0x00000000c000c9f7        0x1 
 .rodata        0x00000000c000c9f8       0xe4 build/string.o
 .rodata        0x00000000c000cadc       0x3f build/debug.o

.rodata1
 *(.rodata1)

.eh_frame_hdr
 *(.eh_frame_hdr)

.eh_frame       0x00000000c000cb1c     0x18ac
 *(.eh_frame)
 .eh_frame      0x00000000c000cb1c       0xac build/main.o
 .eh_frame      0x00000000c000cbc8       0x20 build/init.o
                                         0x38 (size before relaxing)
 .eh_frame      0x00000000c000cbe8       0x84 build/stdio.o
                                         0x9c (size before relaxing)
 .eh_frame      0x00000000c000cc6c       0x40 build/syscall-init.o
                                         0x58 (size before relaxing)
 .eh_frame      0x00000000c000ccac       0x8c build/syscall.o
                                         0xa4 (size before relaxing)
 .eh_frame      0x00000000c000cd38      0x2c8 build/fs.o
                                        0x2e0 (size before relaxing)
 .eh_frame      0x00000000c000d000      0x140 build/file.o
                                        0x158 (size before relaxing)
 .eh_frame      0x00000000c000d140       0xe4 build/inode.o
                                         0xfc (size before relaxing)
 .eh_frame      0x00000000c000d224      0x14c build/dir.o
                                        0x164 (size before relaxing)
 .eh_frame      0x00000000c000d370       0x24 build/stdio-kernel.o
                                         0x3c (size before relaxing)
 .eh_frame      0x00000000c000d394      0x254 build/ide.o
                                        0x26c (size before relaxing)
 .eh_frame      0x00000000c000d5e8       0x60 build/keyboard.o
                                         0x78 (size before relaxing)
 .eh_frame      0x00000000c000d648      0x100 build/ioqueue.o
                                        0x118 (size before relaxing)
 .eh_frame      0x00000000c000d748       0xc0 build/process.o
                                         0xd8 (size before relaxing)
 .eh_frame      0x00000000c000d808       0xc0 build/console.o
                                         0xd8 (size before relaxing)
 .eh_frame      0x00000000c000d8c8       0x64 build/tss.o
                                         0x7c (size before relaxing)
 .eh_frame      0x00000000c000d92c       0xc8 build/sync.o
                                         0xe0 (size before relaxing)
 .eh_frame      0x00000000c000d9f4      0x19c build/thread.o
                                        0x1b4 (size before relaxing)
 .eh_frame      0x00000000c000db90      0x140 build/list.o
                                        0x158 (size before relaxing)
 .eh_frame      0x00000000c000dcd0       0xcc build/timer.o
                                         0xe4 (size before relaxing)
 .eh_frame      0x00000000c000dd9c      0x1a8 build/interrupt.o
                                        0x1c0 (size before relaxing)
 .eh_frame      0x00000000c000df44      0x2a0 build/memory.o
                                        0x2b8 (size before relaxing)
 .eh_frame      0x00000000c000e1e4       0x88 build/bitmap.o
                                         0xa0 (size before relaxing)
 .eh_frame      0x00000000c000e26c      0x140 build/string.o
                                        0x158 (size before relaxing)
 .eh_frame      0x00000000c000e3ac       0x1c build/debug.o
                                         0x34 (size before relaxing)

.gcc_except_table
 *(.gcc_except_table .gcc_except_table.*)

.exception_ranges
 *(.exception_ranges .exception_ranges*)
                0x00000000c000e3c8                . = (ALIGN (0x1000) - ((0x1000 - .) & 0xfff))
                0x00000000c000f000                . = DATA_SEGMENT_ALIGN (0x1000, 0x1000)

.eh_frame
 *(.eh_frame)

.gcc_except_table
 *(.gcc_except_table .gcc_except_table.*)

.exception_ranges
 *(.exception_ranges .exception_ranges*)

.tdata
 *(.tdata .tdata.* .gnu.linkonce.td.*)

.tbss
 *(.tbss .tbss.* .gnu.linkonce.tb.*)
 *(.tcommon)

.preinit_array  0x00000000c000f000        0x0
                0x00000000c000f000                PROVIDE (__preinit_array_start, .)
 *(.preinit_array)
                0x00000000c000f000                PROVIDE (__preinit_array_end, .)

.init_array     0x00000000c000f000        0x0
                0x00000000c000f000                PROVIDE (__init_array_start, .)
 *(SORT(.init_array.*))
 *(.init_array)
                0x00000000c000f000                PROVIDE (__init_array_end, .)

.fini_array     0x00000000c000f000        0x0
                0x00000000c000f000                PROVIDE (__fini_array_start, .)
 *(SORT(.fini_array.*))
 *(.fini_array)
                0x00000000c000f000                PROVIDE (__fini_array_end, .)

.ctors
 *crtbegin.o(.ctors)
 *crtbegin?.o(.ctors)
 *(EXCLUDE_FILE(*crtend?.o *crtend.o) .ctors)
 *(SORT(.ctors.*))
 *(.ctors)

.dtors
 *crtbegin.o(.dtors)
 *crtbegin?.o(.dtors)
 *(EXCLUDE_FILE(*crtend?.o *crtend.o) .dtors)
 *(SORT(.dtors.*))
 *(.dtors)

.jcr
 *(.jcr)

.data.rel.ro
 *(.data.rel.ro.local* .gnu.linkonce.d.rel.ro.local.*)
 *(.data.rel.ro .data.rel.ro.* .gnu.linkonce.d.rel.ro.*)

.dynamic
 *(.dynamic)

.got
 *(.got)
 *(.igot)
                0x00000000c000f000                . = DATA_SEGMENT_RELRO_END (., (SIZEOF (.got.plt) >= 0xc)?0xc:0x0)

.got.plt        0x00000000c000f000        0x0
 *(.got.plt)
 *(.igot.plt)
 .igot.plt      0x0000000000000000        0x0 build/main.o

.data           0x00000000c000f000      0x140
 *(.data .data.* .gnu.linkonce.d.*)
 .data          0x00000000c000f000        0x0 build/main.o
 .data          0x00000000c000f000        0x0 build/init.o
 .data          0x00000000c000f000        0x0 build/stdio.o
 .data          0x00000000c000f000        0x0 build/syscall-init.o
 .data          0x00000000c000f000        0x0 build/syscall.o
 .data          0x00000000c000f000        0x0 build/fs.o
 .data          0x00000000c000f000        0x0 build/file.o
 .data          0x00000000c000f000        0x0 build/inode.o
 .data          0x00000000c000f000        0x0 build/dir.o
 .data          0x00000000c000f000        0x0 build/stdio-kernel.o
 .data          0x00000000c000f000        0x0 build/ide.o
 .data          0x00000000c000f000       0x76 build/keyboard.o
 .data          0x00000000c000f076        0x0 build/ioqueue.o
 .data          0x00000000c000f076        0x0 build/process.o
 .data          0x00000000c000f076        0x0 build/console.o
 .data          0x00000000c000f076        0x0 build/tss.o
 .data          0x00000000c000f076        0x0 build/sync.o
 .data          0x00000000c000f076        0x0 build/thread.o
 .data          0x00000000c000f076        0x0 build/list.o
 .data          0x00000000c000f076        0x0 build/timer.o
 .data          0x00000000c000f076        0x0 build/interrupt.o
 *fill*         0x00000000c000f076        0x2 
 .data          0x00000000c000f078       0xc0 build/kernel.o
                0x00000000c000f078                intr_entry_table
 .data          0x00000000c000f138        0x8 build/print.o
 .data          0x00000000c000f140        0x0 build/memory.o
 .data          0x00000000c000f140        0x0 build/bitmap.o
 .data          0x00000000c000f140        0x0 build/string.o
 .data          0x00000000c000f140        0x0 build/debug.o

.data1
 *(.data1)
                0x00000000c000f140                _edata = .
                0x00000000c000f140                PROVIDE (edata, .)
                0x00000000c000f140                . = .
                0x00000000c000f140                __bss_start = .

.bss            0x00000000c000f140     0x1c4c
 *(.dynbss)
 *(.bss .bss.* .gnu.linkonce.b.*)
 .bss           0x00000000c000f140        0x8 build/main.o
                0x00000000c000f140                pid_a
                0x00000000c000f144                pid_b
 .bss           0x00000000c000f148        0x0 build/init.o
 .bss           0x00000000c000f148        0x0 build/stdio.o
 .bss           0x00000000c000f148        0x0 build/syscall-init.o
 .bss           0x00000000c000f148        0x0 build/syscall.o
 .bss           0x00000000c000f148        0x0 build/fs.o
 .bss           0x00000000c000f148        0x0 build/file.o
 .bss           0x00000000c000f148        0x0 build/inode.o
 .bss           0x00000000c000f148        0x0 build/dir.o
 .bss           0x00000000c000f148        0x0 build/stdio-kernel.o
 .bss           0x00000000c000f148        0x6 build/ide.o
                0x00000000c000f148                ext_lba_base
                0x00000000c000f14c                p_no
                0x00000000c000f14d                l_no
 *fill*         0x00000000c000f14e        0x2 
 .bss           0x00000000c000f150       0x14 build/keyboard.o
 .bss           0x00000000c000f164        0x0 build/ioqueue.o
 .bss           0x00000000c000f164        0x0 build/process.o
 .bss           0x00000000c000f164       0x1c build/console.o
 .bss           0x00000000c000f180       0x6c build/tss.o
 .bss           0x00000000c000f1ec        0x0 build/sync.o
 .bss           0x00000000c000f1ec        0x2 build/thread.o
 .bss           0x00000000c000f1ee        0x0 build/list.o
 .bss           0x00000000c000f1ee        0x0 build/timer.o
 *fill*         0x00000000c000f1ee       0x12 
 .bss           0x00000000c000f200      0x408 build/interrupt.o
 .bss           0x00000000c000f608        0x0 build/memory.o
 .bss           0x00000000c000f608        0x0 build/bitmap.o
 .bss           0x00000000c000f608        0x0 build/string.o
 .bss           0x00000000c000f608        0x0 build/debug.o
 *(COMMON)
 *fill*         0x00000000c000f608       0x18 
 COMMON         0x00000000c000f620       0x80 build/syscall-init.o
                0x00000000c000f620                syscall_table
 COMMON         0x00000000c000f6a0        0x4 build/fs.o
                0x00000000c000f6a0                cur_part
 *fill*         0x00000000c000f6a4       0x1c 
 COMMON         0x00000000c000f6c0      0x180 build/file.o
                0x00000000c000f6c0                file_table
 COMMON         0x00000000c000f840      0x208 build/dir.o
                0x00000000c000f840                root_dir
 *fill*         0x00000000c000fa48       0x18 
 COMMON         0x00000000c000fa60      0xcf0 build/ide.o
                0x00000000c000fa60                channel_cnt
                0x00000000c000fa80                channels
                0x00000000c0010740                partition_list
 *fill*         0x00000000c0010750       0x10 
 COMMON         0x00000000c0010760       0x6c build/keyboard.o
                0x00000000c0010760                kbd_buf
 COMMON         0x00000000c00107cc       0x44 build/thread.o
                0x00000000c00107cc                thread_ready_list
                0x00000000c00107dc                thread_all_list
                0x00000000c00107ec                idle_thread
                0x00000000c00107f0                main_thread
                0x00000000c00107f4                pid_lock
 COMMON         0x00000000c0010810        0x4 build/timer.o
                0x00000000c0010810                total_ticks
 *fill*         0x00000000c0010814        0xc 
 COMMON         0x00000000c0010820      0x424 build/interrupt.o
                0x00000000c0010820                intr_name
                0x00000000c0010a40                idt_table
 *fill*         0x00000000c0010c44       0x1c 
 COMMON         0x00000000c0010c60      0x12c build/memory.o
                0x00000000c0010c60                k_block_desc
                0x00000000c0010d08                k_v_pool
                0x00000000c0010d20                k_p_pool
                0x00000000c0010d60                u_p_pool
                0x00000000c0010d8c                . = ALIGN ((. != 0x0)?0x4:0x1)
                0x00000000c0010d8c                . = ALIGN (0x4)
                0x00000000c0010d8c                . = SEGMENT_START ("ldata-segment", .)
                0x00000000c0010d8c                . = ALIGN (0x4)
                0x00000000c0010d8c                _end = .
                0x00000000c0010d8c                PROVIDE (end, .)
                0x00000000c0010d8c                . = DATA_SEGMENT_END (.)

.stab
 *(.stab)

.stabstr
 *(.stabstr)

.stab.excl
 *(.stab.excl)

.stab.exclstr
 *(.stab.exclstr)

.stab.index
 *(.stab.index)

.stab.indexstr
 *(.stab.indexstr)

.comment        0x0000000000000000       0x11
 *(.comment)
 .comment       0x0000000000000000       0x11 build/main.o
                                         0x12 (size before relaxing)
 .comment       0x0000000000000000       0x12 build/init.o
 .comment       0x0000000000000000       0x12 build/stdio.o
 .comment       0x0000000000000000       0x12 build/syscall-init.o
 .comment       0x0000000000000000       0x12 build/syscall.o
 .comment       0x0000000000000000       0x12 build/fs.o
 .comment       0x0000000000000000       0x12 build/file.o
 .comment       0x0000000000000000       0x12 build/inode.o
 .comment       0x0000000000000000       0x12 build/dir.o
 .comment       0x0000000000000000       0x12 build/stdio-kernel.o
 .comment       0x0000000000000000       0x12 build/ide.o
 .comment       0x0000000000000000       0x12 build/keyboard.o
 .comment       0x0000000000000000       0x12 build/ioqueue.o
 .comment       0x0000000000000000       0x12 build/process.o
 .comment       0x0000000000000000       0x12 build/console.o
 .comment       0x0000000000000000       0x12 build/tss.o
 .comment       0x0000000000000000       0x12 build/sync.o
 .comment       0x0000000000000000       0x12 build/thread.o
 .comment       0x0000000000000000       0x12 build/list.o
 .comment       0x0000000000000000       0x12 build/timer.o
 .comment       0x0000000000000000       0x12 build/interrupt.o
 .comment       0x0000000000000000       0x12 build/memory.o
 .comment       0x0000000000000000       0x12 build/bitmap.o
 .comment       0x0000000000000000       0x12 build/string.o
 .comment       0x0000000000000000       0x12 build/debug.o

.debug
 *(.debug)

.line
 *(.line)

.debug_srcinfo
 *(.debug_srcinfo)

.debug_sfnames
 *(.debug_sfnames)

.debug_aranges
 *(.debug_aranges)

.debug_pubnames
 *(.debug_pubnames)

.debug_info
 *(.debug_info .gnu.linkonce.wi.*)

.debug_abbrev
 *(.debug_abbrev)

.debug_line
 *(.debug_line .debug_line.* .debug_line_end)

.debug_frame
 *(.debug_frame)

.debug_str
 *(.debug_str)

.debug_loc
 *(.debug_loc)

.debug_macinfo
 *(.debug_macinfo)

.debug_weaknames
 *(.debug_weaknames)

.debug_funcnames
 *(.debug_funcnames)

.debug_typenames
 *(.debug_typenames)

.debug_varnames
 *(.debug_varnames)

.debug_pubtypes
 *(.debug_pubtypes)

.debug_ranges
 *(.debug_ranges)

.debug_macro
 *(.debug_macro)

.gnu.attributes
 *(.gnu.attributes)

/DISCARD/
 *(.note.GNU-stack)
 *(.gnu_debuglink)
 *(.gnu.lto_*)
OUTPUT(build/kernel.bin elf32-i386)
