
Allocating common symbols
Common symbol       size              file

kbd_buf             0x6c              build/keyboard.o
thread_ready_list   0x10              build/thread.o
thread_all_list     0x10              build/thread.o
k_v_pool            0xc               build/memory.o
intr_name           0x204             build/interrupt.o
main_thread         0x4               build/thread.o
syscall_table       0x80              build/syscall-init.o
total_ticks         0x4               build/timer.o
k_p_pool            0x2c              build/memory.o
u_p_pool            0x2c              build/memory.o
idt_table           0x204             build/interrupt.o
pid_lock            0x1c              build/thread.o

Memory Configuration

Name             Origin             Length             Attributes
*default*        0x0000000000000000 0xffffffffffffffff

Linker script and memory map

Address of section .text set to 0xc0001500
LOAD build/main.o
LOAD build/init.o
LOAD build/syscall-init.o
LOAD build/syscall.o
LOAD build/keyboard.o
LOAD build/ioqueue.o
LOAD build/process.o
LOAD build/console.o
LOAD build/tss.o
LOAD build/sync.o
LOAD build/thread.o
LOAD build/list.o
LOAD build/timer.o
LOAD build/interrupt.o
LOAD build/kernel.o
LOAD build/print.o
LOAD build/memory.o
LOAD build/bitmap.o
LOAD build/string.o
LOAD build/debug.o
LOAD build/switch.o
                0x0000000008048000                PROVIDE (__executable_start, 0x8048000)
                0x0000000008048074                . = (0x8048000 + SIZEOF_HEADERS)

.interp
 *(.interp)

.note.gnu.build-id
 *(.note.gnu.build-id)

.hash
 *(.hash)

.gnu.hash
 *(.gnu.hash)

.dynsym
 *(.dynsym)

.dynstr
 *(.dynstr)

.gnu.version
 *(.gnu.version)

.gnu.version_d
 *(.gnu.version_d)

.gnu.version_r
 *(.gnu.version_r)

.rel.dyn        0x0000000008048074        0x0
 *(.rel.init)
 *(.rel.text .rel.text.* .rel.gnu.linkonce.t.*)
 .rel.text      0x0000000000000000        0x0 build/main.o
 *(.rel.fini)
 *(.rel.rodata .rel.rodata.* .rel.gnu.linkonce.r.*)
 *(.rel.data.rel.ro .rel.data.rel.ro.* .rel.gnu.linkonce.d.rel.ro.*)
 *(.rel.data .rel.data.* .rel.gnu.linkonce.d.*)
 *(.rel.tdata .rel.tdata.* .rel.gnu.linkonce.td.*)
 *(.rel.tbss .rel.tbss.* .rel.gnu.linkonce.tb.*)
 *(.rel.ctors)
 *(.rel.dtors)
 *(.rel.got)
 *(.rel.bss .rel.bss.* .rel.gnu.linkonce.b.*)
 *(.rel.ifunc)

.rel.plt        0x0000000008048074        0x0
 *(.rel.plt)
                0x0000000008048074                PROVIDE (__rel_iplt_start, .)
 *(.rel.iplt)
 .rel.iplt      0x0000000000000000        0x0 build/main.o
                0x0000000008048074                PROVIDE (__rel_iplt_end, .)

.init
 *(SORT(.init))

.plt            0x0000000008048080        0x0
 *(.plt)
 *(.iplt)
 .iplt          0x0000000000000000        0x0 build/main.o

.text           0x00000000c0001500     0x3245
 *(.text.unlikely .text.*_unlikely .text.unlikely.*)
 *(.text.exit .text.exit.*)
 *(.text.startup .text.startup.*)
 *(.text.hot .text.hot.*)
 *(.text .stub .text.* .gnu.linkonce.t.*)
 .text          0x00000000c0001500      0x1a2 build/main.o
                0x00000000c0001500                main
                0x00000000c00015aa                k_thread_a
                0x00000000c0001614                k_thread_b
                0x00000000c000167e                u_prog_a
                0x00000000c0001690                u_prog_b
 .text          0x00000000c00016a2       0x50 build/init.o
                0x00000000c00016a2                init_all
 .text          0x00000000c00016f2       0x43 build/syscall-init.o
                0x00000000c00016f2                sys_getpid
                0x00000000c0001703                syscall_init
 .text          0x00000000c0001735       0x15 build/syscall.o
                0x00000000c0001735                getpid
 .text          0x00000000c000174a      0x2cc build/keyboard.o
                0x00000000c00019dc                keyboard_init
 .text          0x00000000c0001a16      0x2e4 build/ioqueue.o
                0x00000000c0001a16                ioqueue_init
                0x00000000c0001a6e                ioq_full
                0x00000000c0001abb                ioq_empty
                0x00000000c0001b87                ioq_getchar
                0x00000000c0001c3f                ioq_putchar
 .text          0x00000000c0001cfa      0x34a build/process.o
                0x00000000c0001cfa                start_process
                0x00000000c0001df8                page_dir_activate
                0x00000000c0001e2c                process_activate
                0x00000000c0001e79                create_page_dir
                0x00000000c0001ef1                create_user_vaddr_bitmap
                0x00000000c0001f3c                process_execute
 .text          0x00000000c0002044       0xb0 build/console.o
                0x00000000c0002044                console_init
                0x00000000c000205c                console_acquire
                0x00000000c0002074                console_release
                0x00000000c000208c                console_put_str
                0x00000000c00020ac                console_put_char
                0x00000000c00020d4                console_put_int
 .text          0x00000000c00020f4      0x188 build/tss.o
                0x00000000c00020f4                update_tss_esp
                0x00000000c0002173                tss_init
 .text          0x00000000c000227c      0x2af build/sync.o
                0x00000000c00022a4                lock_init
                0x00000000c0002453                lock_acquire
                0x00000000c00024c9                lock_release
 .text          0x00000000c000252b      0x599 build/thread.o
                0x00000000c000252b                get_cur_thread_pcb
                0x00000000c0002596                thread_create
                0x00000000c0002606                init_thread
                0x00000000c00026a4                thread_start
                0x00000000c00027f6                schedule
                0x00000000c000290c                thread_init
                0x00000000c0002969                thread_block
                0x00000000c00029cb                thread_unblock
 .text          0x00000000c0002ac4      0x1d4 build/list.o
                0x00000000c0002ac4                list_init
                0x00000000c0002af1                list_insert_before
                0x00000000c0002b35                list_push
                0x00000000c0002b52                list_append
                0x00000000c0002b6f                list_remove
                0x00000000c0002ba8                list_pop
                0x00000000c0002bca                list_empty
                0x00000000c0002be3                list_len
                0x00000000c0002c17                list_traversal
                0x00000000c0002c5d                elem_find
 .text          0x00000000c0002c98      0x164 build/timer.o
                0x00000000c0002d3a                timer_init
 .text          0x00000000c0002dfc      0x471 build/interrupt.o
                0x00000000c000311c                idt_init
                0x00000000c0003186                intr_enable
                0x00000000c00031a0                intr_disable
                0x00000000c00031ba                intr_set_status
                0x00000000c00031d4                intr_get_status
                0x00000000c0003251                register_handler
 *fill*         0x00000000c000326d        0x3 
 .text          0x00000000c0003270      0x565 build/kernel.o
                0x00000000c0003270                intr_exit
                0x00000000c00037b1                syscall_handler
 *fill*         0x00000000c00037d5        0xb 
 .text          0x00000000c00037e0      0x149 build/print.o
                0x00000000c00037e0                put_str
                0x00000000c00037fe                put_char
                0x00000000c00038cb                put_int
 .text          0x00000000c0003929      0x79f build/memory.o
                0x00000000c0003af9                mem_init
                0x00000000c0003c7f                pte_ptr
                0x00000000c0003ca6                pde_ptr
                0x00000000c0003dcd                malloc_page
                0x00000000c0003e8b                get_kernel_pages
                0x00000000c0003ee6                get_user_pages
                0x00000000c0003f41                get_a_page
                0x00000000c000409b                addr_v2p
 .text          0x00000000c00040c8      0x21d build/bitmap.o
                0x00000000c00040c8                bitmap_init
                0x00000000c00040ea                bitmap_test_bit
                0x00000000c0004128                bitmap_scan
                0x00000000c0004237                bitmap_set
 .text          0x00000000c00042e5      0x3a1 build/string.o
                0x00000000c00042e5                memset
                0x00000000c0004335                memcpy
                0x00000000c0004393                memcmp
                0x00000000c0004407                strcpy
                0x00000000c000445a                strlen
                0x00000000c00044a2                strcmp
                0x00000000c000450f                strchr
                0x00000000c0004564                strrchr
                0x00000000c00045bf                strcat
                0x00000000c0004625                strchrs
 .text          0x00000000c0004686       0xa6 build/debug.o
                0x00000000c0004686                panic_spin
 *fill*         0x00000000c000472c        0x4 
 .text          0x00000000c0004730       0x15 build/switch.o
                0x00000000c0004730                switch_to
 *(.gnu.warning)

.fini
 *(SORT(.fini))
                0x00000000c0004745                PROVIDE (__etext, .)
                0x00000000c0004745                PROVIDE (_etext, .)
                0x00000000c0004745                PROVIDE (etext, .)

.rodata         0x00000000c0004748      0xdb3
 *(.rodata .rodata.* .gnu.linkonce.r.*)
 .rodata        0x00000000c0004748       0x82 build/main.o
 .rodata        0x00000000c00047ca       0x1a build/init.o
 .rodata        0x00000000c00047e4       0x27 build/syscall-init.o
 .rodata        0x00000000c000480b       0x36 build/keyboard.o
 *fill*         0x00000000c0004841        0x3 
 .rodata        0x00000000c0004844       0xa8 build/ioqueue.o
 .rodata        0x00000000c00048ec       0xe0 build/process.o
 .rodata        0x00000000c00049cc       0x27 build/tss.o
 *fill*         0x00000000c00049f3        0x1 
 .rodata        0x00000000c00049f4      0x121 build/sync.o
 *fill*         0x00000000c0004b15        0x3 
 .rodata        0x00000000c0004b18      0x2c7 build/thread.o
 *fill*         0x00000000c0004ddf        0x1 
 .rodata        0x00000000c0004de0       0x6f build/timer.o
 *fill*         0x00000000c0004e4f        0x1 
 .rodata        0x00000000c0004e50      0x30d build/interrupt.o
 *fill*         0x00000000c000515d        0x3 
 .rodata        0x00000000c0005160      0x20f build/memory.o
 *fill*         0x00000000c000536f        0x1 
 .rodata        0x00000000c0005370       0x67 build/bitmap.o
 *fill*         0x00000000c00053d7        0x1 
 .rodata        0x00000000c00053d8       0xe4 build/string.o
 .rodata        0x00000000c00054bc       0x3f build/debug.o

.rodata1
 *(.rodata1)

.eh_frame_hdr
 *(.eh_frame_hdr)

.eh_frame       0x00000000c00054fc      0xd70
 *(.eh_frame)
 .eh_frame      0x00000000c00054fc       0xac build/main.o
 .eh_frame      0x00000000c00055a8       0x20 build/init.o
                                         0x38 (size before relaxing)
 .eh_frame      0x00000000c00055c8       0x40 build/syscall-init.o
                                         0x58 (size before relaxing)
 .eh_frame      0x00000000c0005608       0x20 build/syscall.o
                                         0x38 (size before relaxing)
 .eh_frame      0x00000000c0005628       0x60 build/keyboard.o
                                         0x78 (size before relaxing)
 .eh_frame      0x00000000c0005688      0x100 build/ioqueue.o
                                        0x118 (size before relaxing)
 .eh_frame      0x00000000c0005788       0xc0 build/process.o
                                         0xd8 (size before relaxing)
 .eh_frame      0x00000000c0005848       0xc0 build/console.o
                                         0xd8 (size before relaxing)
 .eh_frame      0x00000000c0005908       0x64 build/tss.o
                                         0x7c (size before relaxing)
 .eh_frame      0x00000000c000596c       0xc8 build/sync.o
                                         0xe0 (size before relaxing)
 .eh_frame      0x00000000c0005a34      0x160 build/thread.o
                                        0x178 (size before relaxing)
 .eh_frame      0x00000000c0005b94      0x140 build/list.o
                                        0x158 (size before relaxing)
 .eh_frame      0x00000000c0005cd4       0x8c build/timer.o
                                         0xa4 (size before relaxing)
 .eh_frame      0x00000000c0005d60      0x1a8 build/interrupt.o
                                        0x1c0 (size before relaxing)
 .eh_frame      0x00000000c0005f08      0x180 build/memory.o
                                        0x198 (size before relaxing)
 .eh_frame      0x00000000c0006088       0x88 build/bitmap.o
                                         0xa0 (size before relaxing)
 .eh_frame      0x00000000c0006110      0x140 build/string.o
                                        0x158 (size before relaxing)
 .eh_frame      0x00000000c0006250       0x1c build/debug.o
                                         0x34 (size before relaxing)

.gcc_except_table
 *(.gcc_except_table .gcc_except_table.*)

.exception_ranges
 *(.exception_ranges .exception_ranges*)
                0x00000000c000626c                . = (ALIGN (0x1000) - ((0x1000 - .) & 0xfff))
                0x00000000c000726c                . = DATA_SEGMENT_ALIGN (0x1000, 0x1000)

.eh_frame
 *(.eh_frame)

.gcc_except_table
 *(.gcc_except_table .gcc_except_table.*)

.exception_ranges
 *(.exception_ranges .exception_ranges*)

.tdata
 *(.tdata .tdata.* .gnu.linkonce.td.*)

.tbss
 *(.tbss .tbss.* .gnu.linkonce.tb.*)
 *(.tcommon)

.preinit_array  0x00000000c000726c        0x0
                0x00000000c000726c                PROVIDE (__preinit_array_start, .)
 *(.preinit_array)
                0x00000000c000726c                PROVIDE (__preinit_array_end, .)

.init_array     0x00000000c000726c        0x0
                0x00000000c000726c                PROVIDE (__init_array_start, .)
 *(SORT(.init_array.*))
 *(.init_array)
                0x00000000c000726c                PROVIDE (__init_array_end, .)

.fini_array     0x00000000c000726c        0x0
                0x00000000c000726c                PROVIDE (__fini_array_start, .)
 *(SORT(.fini_array.*))
 *(.fini_array)
                0x00000000c000726c                PROVIDE (__fini_array_end, .)

.ctors
 *crtbegin.o(.ctors)
 *crtbegin?.o(.ctors)
 *(EXCLUDE_FILE(*crtend?.o *crtend.o) .ctors)
 *(SORT(.ctors.*))
 *(.ctors)

.dtors
 *crtbegin.o(.dtors)
 *crtbegin?.o(.dtors)
 *(EXCLUDE_FILE(*crtend?.o *crtend.o) .dtors)
 *(SORT(.dtors.*))
 *(.dtors)

.jcr
 *(.jcr)

.data.rel.ro
 *(.data.rel.ro.local* .gnu.linkonce.d.rel.ro.local.*)
 *(.data.rel.ro .data.rel.ro.* .gnu.linkonce.d.rel.ro.*)

.dynamic
 *(.dynamic)

.got
 *(.got)
 *(.igot)
                0x00000000c000726c                . = DATA_SEGMENT_RELRO_END (., (SIZEOF (.got.plt) >= 0xc)?0xc:0x0)

.got.plt        0x00000000c000726c        0x0
 *(.got.plt)
 *(.igot.plt)
 .igot.plt      0x0000000000000000        0x0 build/main.o

.data           0x00000000c0007280      0x140
 *(.data .data.* .gnu.linkonce.d.*)
 .data          0x00000000c0007280        0x0 build/main.o
 .data          0x00000000c0007280        0x0 build/init.o
 .data          0x00000000c0007280        0x0 build/syscall-init.o
 .data          0x00000000c0007280        0x0 build/syscall.o
 .data          0x00000000c0007280       0x76 build/keyboard.o
 .data          0x00000000c00072f6        0x0 build/ioqueue.o
 .data          0x00000000c00072f6        0x0 build/process.o
 .data          0x00000000c00072f6        0x0 build/console.o
 .data          0x00000000c00072f6        0x0 build/tss.o
 .data          0x00000000c00072f6        0x0 build/sync.o
 .data          0x00000000c00072f6        0x0 build/thread.o
 .data          0x00000000c00072f6        0x0 build/list.o
 .data          0x00000000c00072f6        0x0 build/timer.o
 .data          0x00000000c00072f6        0x0 build/interrupt.o
 *fill*         0x00000000c00072f6        0x2 
 .data          0x00000000c00072f8       0xc0 build/kernel.o
                0x00000000c00072f8                intr_entry_table
 .data          0x00000000c00073b8        0x8 build/print.o
 .data          0x00000000c00073c0        0x0 build/memory.o
 .data          0x00000000c00073c0        0x0 build/bitmap.o
 .data          0x00000000c00073c0        0x0 build/string.o
 .data          0x00000000c00073c0        0x0 build/debug.o

.data1
 *(.data1)
                0x00000000c00073c0                _edata = .
                0x00000000c00073c0                PROVIDE (edata, .)
                0x00000000c00073c0                . = .
                0x00000000c00073c0                __bss_start = .

.bss            0x00000000c00073c0      0xaec
 *(.dynbss)
 *(.bss .bss.* .gnu.linkonce.b.*)
 .bss           0x00000000c00073c0        0x8 build/main.o
                0x00000000c00073c0                pid_a
                0x00000000c00073c4                pid_b
 .bss           0x00000000c00073c8        0x0 build/init.o
 .bss           0x00000000c00073c8        0x0 build/syscall-init.o
 .bss           0x00000000c00073c8        0x0 build/syscall.o
 .bss           0x00000000c00073c8       0x14 build/keyboard.o
 .bss           0x00000000c00073dc        0x0 build/ioqueue.o
 .bss           0x00000000c00073dc        0x0 build/process.o
 .bss           0x00000000c00073dc       0x1c build/console.o
 *fill*         0x00000000c00073f8        0x8 
 .bss           0x00000000c0007400       0x6c build/tss.o
 .bss           0x00000000c000746c        0x0 build/sync.o
 .bss           0x00000000c000746c        0x2 build/thread.o
 .bss           0x00000000c000746e        0x0 build/list.o
 .bss           0x00000000c000746e        0x0 build/timer.o
 *fill*         0x00000000c000746e       0x12 
 .bss           0x00000000c0007480      0x408 build/interrupt.o
 .bss           0x00000000c0007888        0x0 build/memory.o
 .bss           0x00000000c0007888        0x0 build/bitmap.o
 .bss           0x00000000c0007888        0x0 build/string.o
 .bss           0x00000000c0007888        0x0 build/debug.o
 *(COMMON)
 *fill*         0x00000000c0007888       0x18 
 COMMON         0x00000000c00078a0       0x80 build/syscall-init.o
                0x00000000c00078a0                syscall_table
 COMMON         0x00000000c0007920       0x6c build/keyboard.o
                0x00000000c0007920                kbd_buf
 COMMON         0x00000000c000798c       0x40 build/thread.o
                0x00000000c000798c                thread_ready_list
                0x00000000c000799c                thread_all_list
                0x00000000c00079ac                main_thread
                0x00000000c00079b0                pid_lock
 COMMON         0x00000000c00079cc        0x4 build/timer.o
                0x00000000c00079cc                total_ticks
 *fill*         0x00000000c00079d0       0x10 
 COMMON         0x00000000c00079e0      0x424 build/interrupt.o
                0x00000000c00079e0                intr_name
                0x00000000c0007c00                idt_table
 *fill*         0x00000000c0007e04       0x1c 
 COMMON         0x00000000c0007e20       0x8c build/memory.o
                0x00000000c0007e20                k_v_pool
                0x00000000c0007e40                k_p_pool
                0x00000000c0007e80                u_p_pool
                0x00000000c0007eac                . = ALIGN ((. != 0x0)?0x4:0x1)
                0x00000000c0007eac                . = ALIGN (0x4)
                0x00000000c0007eac                . = SEGMENT_START ("ldata-segment", .)
                0x00000000c0007eac                . = ALIGN (0x4)
                0x00000000c0007eac                _end = .
                0x00000000c0007eac                PROVIDE (end, .)
                0x00000000c0007eac                . = DATA_SEGMENT_END (.)

.stab
 *(.stab)

.stabstr
 *(.stabstr)

.stab.excl
 *(.stab.excl)

.stab.exclstr
 *(.stab.exclstr)

.stab.index
 *(.stab.index)

.stab.indexstr
 *(.stab.indexstr)

.comment        0x0000000000000000       0x11
 *(.comment)
 .comment       0x0000000000000000       0x11 build/main.o
                                         0x12 (size before relaxing)
 .comment       0x0000000000000000       0x12 build/init.o
 .comment       0x0000000000000000       0x12 build/syscall-init.o
 .comment       0x0000000000000000       0x12 build/syscall.o
 .comment       0x0000000000000000       0x12 build/keyboard.o
 .comment       0x0000000000000000       0x12 build/ioqueue.o
 .comment       0x0000000000000000       0x12 build/process.o
 .comment       0x0000000000000000       0x12 build/console.o
 .comment       0x0000000000000000       0x12 build/tss.o
 .comment       0x0000000000000000       0x12 build/sync.o
 .comment       0x0000000000000000       0x12 build/thread.o
 .comment       0x0000000000000000       0x12 build/list.o
 .comment       0x0000000000000000       0x12 build/timer.o
 .comment       0x0000000000000000       0x12 build/interrupt.o
 .comment       0x0000000000000000       0x12 build/memory.o
 .comment       0x0000000000000000       0x12 build/bitmap.o
 .comment       0x0000000000000000       0x12 build/string.o
 .comment       0x0000000000000000       0x12 build/debug.o

.debug
 *(.debug)

.line
 *(.line)

.debug_srcinfo
 *(.debug_srcinfo)

.debug_sfnames
 *(.debug_sfnames)

.debug_aranges
 *(.debug_aranges)

.debug_pubnames
 *(.debug_pubnames)

.debug_info
 *(.debug_info .gnu.linkonce.wi.*)

.debug_abbrev
 *(.debug_abbrev)

.debug_line
 *(.debug_line .debug_line.* .debug_line_end)

.debug_frame
 *(.debug_frame)

.debug_str
 *(.debug_str)

.debug_loc
 *(.debug_loc)

.debug_macinfo
 *(.debug_macinfo)

.debug_weaknames
 *(.debug_weaknames)

.debug_funcnames
 *(.debug_funcnames)

.debug_typenames
 *(.debug_typenames)

.debug_varnames
 *(.debug_varnames)

.debug_pubtypes
 *(.debug_pubtypes)

.debug_ranges
 *(.debug_ranges)

.debug_macro
 *(.debug_macro)

.gnu.attributes
 *(.gnu.attributes)

/DISCARD/
 *(.note.GNU-stack)
 *(.gnu_debuglink)
 *(.gnu.lto_*)
OUTPUT(build/kernel.bin elf32-i386)
