
Allocating common symbols
Common symbol       size              file

argv                0x40              build/shell.o
kbd_buf             0x6c              build/keyboard.o
root_dir            0x208             build/dir.o
thread_ready_list   0x10              build/thread.o
thread_all_list     0x10              build/thread.o
channel_cnt         0x1               build/ide.o
k_block_desc        0xa8              build/memory.o
cur_part            0x4               build/fs.o
final_path          0x200             build/shell.o
k_v_pool            0xc               build/memory.o
idle_thread         0x4               build/thread.o
intr_name           0x204             build/interrupt.o
main_thread         0x4               build/thread.o
channels            0xcc0             build/ide.o
syscall_table       0x80              build/syscall-init.o
total_ticks         0x4               build/timer.o
k_p_pool            0x2c              build/memory.o
u_p_pool            0x2c              build/memory.o
idt_table           0x204             build/interrupt.o
file_table          0x180             build/file.o
partition_list      0x10              build/ide.o
pid_lock            0x1c              build/thread.o

Memory Configuration

Name             Origin             Length             Attributes
*default*        0x0000000000000000 0xffffffffffffffff

Linker script and memory map

Address of section .text set to 0xc0001500
LOAD build/main.o
LOAD build/init.o
LOAD build/shell.o
LOAD build/stdio.o
LOAD build/fork.o
LOAD build/syscall-init.o
LOAD build/syscall.o
LOAD build/fs.o
LOAD build/file.o
LOAD build/inode.o
LOAD build/dir.o
LOAD build/stdio-kernel.o
LOAD build/ide.o
LOAD build/keyboard.o
LOAD build/ioqueue.o
LOAD build/process.o
LOAD build/console.o
LOAD build/tss.o
LOAD build/sync.o
LOAD build/thread.o
LOAD build/list.o
LOAD build/timer.o
LOAD build/interrupt.o
LOAD build/kernel.o
LOAD build/print.o
LOAD build/memory.o
LOAD build/bitmap.o
LOAD build/string.o
LOAD build/debug.o
LOAD build/switch.o
                0x0000000008048000                PROVIDE (__executable_start, 0x8048000)
                0x0000000008048074                . = (0x8048000 + SIZEOF_HEADERS)

.interp
 *(.interp)

.note.gnu.build-id
 *(.note.gnu.build-id)

.hash
 *(.hash)

.gnu.hash
 *(.gnu.hash)

.dynsym
 *(.dynsym)

.dynstr
 *(.dynstr)

.gnu.version
 *(.gnu.version)

.gnu.version_d
 *(.gnu.version_d)

.gnu.version_r
 *(.gnu.version_r)

.rel.dyn        0x0000000008048074        0x0
 *(.rel.init)
 *(.rel.text .rel.text.* .rel.gnu.linkonce.t.*)
 .rel.text      0x0000000000000000        0x0 build/main.o
 *(.rel.fini)
 *(.rel.rodata .rel.rodata.* .rel.gnu.linkonce.r.*)
 *(.rel.data.rel.ro .rel.data.rel.ro.* .rel.gnu.linkonce.d.rel.ro.*)
 *(.rel.data .rel.data.* .rel.gnu.linkonce.d.*)
 *(.rel.tdata .rel.tdata.* .rel.gnu.linkonce.td.*)
 *(.rel.tbss .rel.tbss.* .rel.gnu.linkonce.tb.*)
 *(.rel.ctors)
 *(.rel.dtors)
 *(.rel.got)
 *(.rel.bss .rel.bss.* .rel.gnu.linkonce.b.*)
 *(.rel.ifunc)

.rel.plt        0x0000000008048074        0x0
 *(.rel.plt)
                0x0000000008048074                PROVIDE (__rel_iplt_start, .)
 *(.rel.iplt)
 .rel.iplt      0x0000000000000000        0x0 build/main.o
                0x0000000008048074                PROVIDE (__rel_iplt_end, .)

.init
 *(SORT(.init))

.plt            0x0000000008048080        0x0
 *(.plt)
 *(.iplt)
 .iplt          0x0000000000000000        0x0 build/main.o

.text           0x00000000c0001500     0xa3f5
 *(.text.unlikely .text.*_unlikely .text.unlikely.*)
 *(.text.exit .text.exit.*)
 *(.text.startup .text.startup.*)
 *(.text.hot .text.hot.*)
 *(.text .stub .text.* .gnu.linkonce.t.*)
 .text          0x00000000c0001500       0x6d build/main.o
                0x00000000c0001500                main
                0x00000000c000152c                init
 .text          0x00000000c000156d       0x64 build/init.o
                0x00000000c000156d                init_all
 .text          0x00000000c00015d1      0x2e0 build/shell.o
                0x00000000c00015d1                print_prompt
                0x00000000c00016ea                my_shell
 .text          0x00000000c00018b1      0x293 build/stdio.o
                0x00000000c0001932                vsprintf
                0x00000000c0001aa4                printf
                0x00000000c0001b14                sprintf
 .text          0x00000000c0001b44      0x4f8 build/fork.o
                0x00000000c0001f0f                sys_fork
 .text          0x00000000c000203c      0x115 build/syscall-init.o
                0x00000000c000203c                sys_getpid
                0x00000000c000204d                syscall_init
 .text          0x00000000c0002151      0x29a build/syscall.o
                0x00000000c0002151                getpid
                0x00000000c0002166                write
                0x00000000c0002189                malloc
                0x00000000c00021a8                free
                0x00000000c00021c4                fork
                0x00000000c00021d9                read
                0x00000000c00021fc                putchar
                0x00000000c000221e                clear
                0x00000000c0002230                getcwd
                0x00000000c0002252                open
                0x00000000c000227a                close
                0x00000000c0002299                lseek
                0x00000000c00022c2                unlink
                0x00000000c00022e1                mkdir
                0x00000000c0002300                opendir
                0x00000000c000231f                closedir
                0x00000000c000233e                rmdir
                0x00000000c000235d                readdir
                0x00000000c000237c                rewinddir
                0x00000000c0002398                stat
                0x00000000c00023ba                chdir
                0x00000000c00023d9                ps
 .text          0x00000000c00023eb     0x20ec build/fs.o
                0x00000000c0002832                filesys_init
                0x00000000c0002d6c                path_depth_cnt
                0x00000000c000306b                sys_open
                0x00000000c0003316                sys_close
                0x00000000c0003373                sys_write
                0x00000000c0003479                sys_read
                0x00000000c000355b                sys_lseek
                0x00000000c0003645                sys_unlink
                0x00000000c0003866                sys_mkdir
                0x00000000c0003c4d                sys_opendir
                0x00000000c0003d66                sys_closedir
                0x00000000c0003d93                sys_readdir
                0x00000000c0003dcb                sys_rewinddir
                0x00000000c0003dda                sys_rmdir
                0x00000000c0004157                sys_getcwd
                0x00000000c0004320                sys_chdir
                0x00000000c00043ad                sys_stat
 .text          0x00000000c00044d7     0x12e4 build/file.o
                0x00000000c00044d7                get_free_slot_in_global
                0x00000000c000452b                pcb_fd_install
                0x00000000c0004595                inode_bitmap_alloc
                0x00000000c00045f2                block_bitmap_alloc
                0x00000000c000465a                bitmap_sync
                0x00000000c00046da                file_create
                0x00000000c0004a13                file_open
                0x00000000c0004b27                file_close
                0x00000000c0004b6a                file_write
                0x00000000c0005404                file_read
 .text          0x00000000c00057bb      0x71e build/inode.o
                0x00000000c000584b                inode_sync
                0x00000000c000596d                inode_open
                0x00000000c0005ace                inode_close
                0x00000000c0005b49                inode_init
                0x00000000c0005b9b                inode_delete
                0x00000000c0005ca8                inode_release
 .text          0x00000000c0005ed9      0xe36 build/dir.o
                0x00000000c0005ed9                open_root_dir
                0x00000000c0005f08                dir_open
                0x00000000c0005f48                search_dir_entry
                0x00000000c000611c                dir_close
                0x00000000c000614e                create_dir_entry
                0x00000000c00061b7                sync_dir_entry
                0x00000000c00065cb                delete_dir_entry
                0x00000000c00069f7                dir_read
                0x00000000c0006bfd                dir_is_empty
                0x00000000c0006c1f                dir_remove
 .text          0x00000000c0006d0f       0x5b build/stdio-kernel.o
                0x00000000c0006d0f                printk
 .text          0x00000000c0006d6a      0xd74 build/ide.o
                0x00000000c0006e07                ide_init
                0x00000000c0007280                ide_read
                0x00000000c00073e4                ide_write
                0x00000000c0007548                intr_hd_handler
 .text          0x00000000c0007ade      0x2cc build/keyboard.o
                0x00000000c0007d70                keyboard_init
 .text          0x00000000c0007daa      0x2e4 build/ioqueue.o
                0x00000000c0007daa                ioqueue_init
                0x00000000c0007e02                ioq_full
                0x00000000c0007e4f                ioq_empty
                0x00000000c0007f1b                ioq_getchar
                0x00000000c0007fd3                ioq_putchar
 .text          0x00000000c000808e      0x35c build/process.o
                0x00000000c000808e                start_process
                0x00000000c000818c                page_dir_activate
                0x00000000c00081c0                process_activate
                0x00000000c000820d                create_page_dir
                0x00000000c0008285                create_user_vaddr_bitmap
                0x00000000c00082d0                process_execute
 .text          0x00000000c00083ea       0xd0 build/console.o
                0x00000000c00083ea                console_init
                0x00000000c0008402                console_acquire
                0x00000000c000841a                console_release
                0x00000000c0008432                console_put_str
                0x00000000c0008452                console_put_char
                0x00000000c000847a                console_put_int
                0x00000000c000849a                sys_putchar
 .text          0x00000000c00084ba      0x188 build/tss.o
                0x00000000c00084ba                update_tss_esp
                0x00000000c0008539                tss_init
 .text          0x00000000c0008642      0x2af build/sync.o
                0x00000000c0008642                sema_init
                0x00000000c000866a                lock_init
                0x00000000c0008699                sema_down
                0x00000000c000876e                sema_up
                0x00000000c0008819                lock_acquire
                0x00000000c000888f                lock_release
 .text          0x00000000c00088f1      0x9ba build/thread.o
                0x00000000c0008908                get_cur_thread_pcb
                0x00000000c0008973                thread_create
                0x00000000c00089e3                init_thread
                0x00000000c0008ae3                thread_start
                0x00000000c0008c3e                schedule
                0x00000000c0008d4c                thread_init
                0x00000000c0008dd9                thread_block
                0x00000000c0008e3b                thread_unblock
                0x00000000c0008f34                thread_yield
                0x00000000c0008fb7                fork_pid
                0x00000000c0009266                sys_ps
 .text          0x00000000c00092ab      0x1d4 build/list.o
                0x00000000c00092ab                list_init
                0x00000000c00092d8                list_insert_before
                0x00000000c000931c                list_push
                0x00000000c0009339                list_append
                0x00000000c0009356                list_remove
                0x00000000c000938f                list_pop
                0x00000000c00093b1                list_empty
                0x00000000c00093ca                list_len
                0x00000000c00093fe                list_traversal
                0x00000000c0009444                elem_find
 .text          0x00000000c000947f      0x1d5 build/timer.o
                0x00000000c0009521                timer_init
                0x00000000c000960a                mtime_sleep
 .text          0x00000000c0009654      0x471 build/interrupt.o
                0x00000000c0009974                idt_init
                0x00000000c00099de                intr_enable
                0x00000000c00099f8                intr_disable
                0x00000000c0009a12                intr_set_status
                0x00000000c0009a2c                intr_get_status
                0x00000000c0009aa9                register_handler
 *fill*         0x00000000c0009ac5        0xb 
 .text          0x00000000c0009ad0      0x565 build/kernel.o
                0x00000000c0009ad0                intr_exit
                0x00000000c000a011                syscall_handler
 *fill*         0x00000000c000a035        0xb 
 .text          0x00000000c000a040      0x188 build/print.o
                0x00000000c000a040                put_str
                0x00000000c000a05e                put_char
                0x00000000c000a12b                put_int
                0x00000000c000a189                cls_screen
 .text          0x00000000c000a1c8     0x10ad build/memory.o
                0x00000000c000a398                block_desc_init
                0x00000000c000a428                mem_init
                0x00000000c000a5e8                pte_ptr
                0x00000000c000a60f                pde_ptr
                0x00000000c000a66e                pfree
                0x00000000c000a7e9                malloc_page
                0x00000000c000a950                mfree_page
                0x00000000c000ab0e                get_kernel_pages
                0x00000000c000ab69                get_user_pages
                0x00000000c000abc4                get_a_page
                0x00000000c000ad1e                addr_v2p
                0x00000000c000ad4b                sys_malloc
                0x00000000c000b05c                sys_free
                0x00000000c000b1eb                get_a_page_without_opvaddrbitmap
 .text          0x00000000c000b275      0x21d build/bitmap.o
                0x00000000c000b275                bitmap_init
                0x00000000c000b297                bitmap_test_bit
                0x00000000c000b2d5                bitmap_scan
                0x00000000c000b3e4                bitmap_set
 .text          0x00000000c000b492      0x3a1 build/string.o
                0x00000000c000b492                memset
                0x00000000c000b4e2                memcpy
                0x00000000c000b540                memcmp
                0x00000000c000b5b4                strcpy
                0x00000000c000b607                strlen
                0x00000000c000b64f                strcmp
                0x00000000c000b6bc                strchr
                0x00000000c000b711                strrchr
                0x00000000c000b76c                strcat
                0x00000000c000b7d2                strchrs
 .text          0x00000000c000b833       0xa6 build/debug.o
                0x00000000c000b833                panic_spin
 *fill*         0x00000000c000b8d9        0x7 
 .text          0x00000000c000b8e0       0x15 build/switch.o
                0x00000000c000b8e0                switch_to
 *(.gnu.warning)

.fini
 *(SORT(.fini))
                0x00000000c000b8f5                PROVIDE (__etext, .)
                0x00000000c000b8f5                PROVIDE (_etext, .)
                0x00000000c000b8f5                PROVIDE (etext, .)

.rodata         0x00000000c000b8f8     0x25c7
 *(.rodata .rodata.* .gnu.linkonce.r.*)
 .rodata        0x00000000c000b8f8       0x2d build/main.o
 .rodata        0x00000000c000b925       0x1a build/init.o
 *fill*         0x00000000c000b93f        0x1 
 .rodata        0x00000000c000b940      0x106 build/shell.o
 *fill*         0x00000000c000ba46        0x2 
 .rodata        0x00000000c000ba48      0x145 build/fork.o
 .rodata        0x00000000c000bb8d       0x27 build/syscall-init.o
 .rodata        0x00000000c000bbb4      0x927 build/fs.o
 *fill*         0x00000000c000c4db        0x1 
 .rodata        0x00000000c000c4dc      0x482 build/file.o
 *fill*         0x00000000c000c95e        0x2 
 .rodata        0x00000000c000c960       0xea build/inode.o
 *fill*         0x00000000c000ca4a        0x2 
 .rodata        0x00000000c000ca4c      0x27b build/dir.o
 *fill*         0x00000000c000ccc7        0x1 
 .rodata        0x00000000c000ccc8      0x22b build/ide.o
 .rodata        0x00000000c000cef3       0x36 build/keyboard.o
 *fill*         0x00000000c000cf29        0x3 
 .rodata        0x00000000c000cf2c       0xa8 build/ioqueue.o
 .rodata        0x00000000c000cfd4       0xe0 build/process.o
 .rodata        0x00000000c000d0b4       0x27 build/tss.o
 *fill*         0x00000000c000d0db        0x1 
 .rodata        0x00000000c000d0dc      0x121 build/sync.o
 *fill*         0x00000000c000d1fd        0x3 
 .rodata        0x00000000c000d200      0x3c5 build/thread.o
 *fill*         0x00000000c000d5c5        0x3 
 .rodata        0x00000000c000d5c8       0x8c build/timer.o
 .rodata        0x00000000c000d654      0x30d build/interrupt.o
 *fill*         0x00000000c000d961        0x3 
 .rodata        0x00000000c000d964      0x3cd build/memory.o
 *fill*         0x00000000c000dd31        0x3 
 .rodata        0x00000000c000dd34       0x67 build/bitmap.o
 *fill*         0x00000000c000dd9b        0x1 
 .rodata        0x00000000c000dd9c       0xe4 build/string.o
 .rodata        0x00000000c000de80       0x3f build/debug.o

.rodata1
 *(.rodata1)

.eh_frame_hdr
 *(.eh_frame_hdr)

.eh_frame       0x00000000c000dec0     0x1d3c
 *(.eh_frame)
 .eh_frame      0x00000000c000dec0       0x5c build/main.o
 .eh_frame      0x00000000c000df1c       0x20 build/init.o
                                         0x38 (size before relaxing)
 .eh_frame      0x00000000c000df3c       0x7c build/shell.o
                                         0x94 (size before relaxing)
 .eh_frame      0x00000000c000dfb8       0x84 build/stdio.o
                                         0x9c (size before relaxing)
 .eh_frame      0x00000000c000e03c       0xc0 build/fork.o
                                         0xd8 (size before relaxing)
 .eh_frame      0x00000000c000e0fc       0x40 build/syscall-init.o
                                         0x58 (size before relaxing)
 .eh_frame      0x00000000c000e13c      0x308 build/syscall.o
                                        0x320 (size before relaxing)
 .eh_frame      0x00000000c000e444      0x32c build/fs.o
                                        0x344 (size before relaxing)
 .eh_frame      0x00000000c000e770      0x140 build/file.o
                                        0x158 (size before relaxing)
 .eh_frame      0x00000000c000e8b0       0xe4 build/inode.o
                                         0xfc (size before relaxing)
 .eh_frame      0x00000000c000e994      0x14c build/dir.o
                                        0x164 (size before relaxing)
 .eh_frame      0x00000000c000eae0       0x24 build/stdio-kernel.o
                                         0x3c (size before relaxing)
 .eh_frame      0x00000000c000eb04      0x254 build/ide.o
                                        0x26c (size before relaxing)
 .eh_frame      0x00000000c000ed58       0x60 build/keyboard.o
                                         0x78 (size before relaxing)
 .eh_frame      0x00000000c000edb8      0x100 build/ioqueue.o
                                        0x118 (size before relaxing)
 .eh_frame      0x00000000c000eeb8       0xc0 build/process.o
                                         0xd8 (size before relaxing)
 .eh_frame      0x00000000c000ef78       0xe0 build/console.o
                                         0xf8 (size before relaxing)
 .eh_frame      0x00000000c000f058       0x64 build/tss.o
                                         0x7c (size before relaxing)
 .eh_frame      0x00000000c000f0bc       0xc8 build/sync.o
                                         0xe0 (size before relaxing)
 .eh_frame      0x00000000c000f184      0x220 build/thread.o
                                        0x238 (size before relaxing)
 .eh_frame      0x00000000c000f3a4      0x140 build/list.o
                                        0x158 (size before relaxing)
 .eh_frame      0x00000000c000f4e4       0xcc build/timer.o
                                         0xe4 (size before relaxing)
 .eh_frame      0x00000000c000f5b0      0x1a8 build/interrupt.o
                                        0x1c0 (size before relaxing)
 .eh_frame      0x00000000c000f758      0x2c0 build/memory.o
                                        0x2d8 (size before relaxing)
 .eh_frame      0x00000000c000fa18       0x88 build/bitmap.o
                                         0xa0 (size before relaxing)
 .eh_frame      0x00000000c000faa0      0x140 build/string.o
                                        0x158 (size before relaxing)
 .eh_frame      0x00000000c000fbe0       0x1c build/debug.o
                                         0x34 (size before relaxing)

.gcc_except_table
 *(.gcc_except_table .gcc_except_table.*)

.exception_ranges
 *(.exception_ranges .exception_ranges*)
                0x00000000c000fbfc                . = (ALIGN (0x1000) - ((0x1000 - .) & 0xfff))
                0x00000000c0010bfc                . = DATA_SEGMENT_ALIGN (0x1000, 0x1000)

.eh_frame
 *(.eh_frame)

.gcc_except_table
 *(.gcc_except_table .gcc_except_table.*)

.exception_ranges
 *(.exception_ranges .exception_ranges*)

.tdata
 *(.tdata .tdata.* .gnu.linkonce.td.*)

.tbss
 *(.tbss .tbss.* .gnu.linkonce.tb.*)
 *(.tcommon)

.preinit_array  0x00000000c0010bfc        0x0
                0x00000000c0010bfc                PROVIDE (__preinit_array_start, .)
 *(.preinit_array)
                0x00000000c0010bfc                PROVIDE (__preinit_array_end, .)

.init_array     0x00000000c0010bfc        0x0
                0x00000000c0010bfc                PROVIDE (__init_array_start, .)
 *(SORT(.init_array.*))
 *(.init_array)
                0x00000000c0010bfc                PROVIDE (__init_array_end, .)

.fini_array     0x00000000c0010bfc        0x0
                0x00000000c0010bfc                PROVIDE (__fini_array_start, .)
 *(SORT(.fini_array.*))
 *(.fini_array)
                0x00000000c0010bfc                PROVIDE (__fini_array_end, .)

.ctors
 *crtbegin.o(.ctors)
 *crtbegin?.o(.ctors)
 *(EXCLUDE_FILE(*crtend?.o *crtend.o) .ctors)
 *(SORT(.ctors.*))
 *(.ctors)

.dtors
 *crtbegin.o(.dtors)
 *crtbegin?.o(.dtors)
 *(EXCLUDE_FILE(*crtend?.o *crtend.o) .dtors)
 *(SORT(.dtors.*))
 *(.dtors)

.jcr
 *(.jcr)

.data.rel.ro
 *(.data.rel.ro.local* .gnu.linkonce.d.rel.ro.local.*)
 *(.data.rel.ro .data.rel.ro.* .gnu.linkonce.d.rel.ro.*)

.dynamic
 *(.dynamic)

.got
 *(.got)
 *(.igot)
                0x00000000c0010bfc                . = DATA_SEGMENT_RELRO_END (., (SIZEOF (.got.plt) >= 0xc)?0xc:0x0)

.got.plt        0x00000000c0010bfc        0x0
 *(.got.plt)
 *(.igot.plt)
 .igot.plt      0x0000000000000000        0x0 build/main.o

.data           0x00000000c0010c00      0x160
 *(.data .data.* .gnu.linkonce.d.*)
 .data          0x00000000c0010c00        0x0 build/main.o
 .data          0x00000000c0010c00        0x0 build/init.o
 .data          0x00000000c0010c00        0x4 build/shell.o
                0x00000000c0010c00                argc
 .data          0x00000000c0010c04        0x0 build/stdio.o
 .data          0x00000000c0010c04        0x0 build/fork.o
 .data          0x00000000c0010c04        0x0 build/syscall-init.o
 .data          0x00000000c0010c04        0x0 build/syscall.o
 .data          0x00000000c0010c04        0x0 build/fs.o
 .data          0x00000000c0010c04        0x0 build/file.o
 .data          0x00000000c0010c04        0x0 build/inode.o
 .data          0x00000000c0010c04        0x0 build/dir.o
 .data          0x00000000c0010c04        0x0 build/stdio-kernel.o
 .data          0x00000000c0010c04        0x0 build/ide.o
 *fill*         0x00000000c0010c04       0x1c 
 .data          0x00000000c0010c20       0x76 build/keyboard.o
 .data          0x00000000c0010c96        0x0 build/ioqueue.o
 .data          0x00000000c0010c96        0x0 build/process.o
 .data          0x00000000c0010c96        0x0 build/console.o
 .data          0x00000000c0010c96        0x0 build/tss.o
 .data          0x00000000c0010c96        0x0 build/sync.o
 .data          0x00000000c0010c96        0x0 build/thread.o
 .data          0x00000000c0010c96        0x0 build/list.o
 .data          0x00000000c0010c96        0x0 build/timer.o
 .data          0x00000000c0010c96        0x0 build/interrupt.o
 *fill*         0x00000000c0010c96        0x2 
 .data          0x00000000c0010c98       0xc0 build/kernel.o
                0x00000000c0010c98                intr_entry_table
 .data          0x00000000c0010d58        0x8 build/print.o
 .data          0x00000000c0010d60        0x0 build/memory.o
 .data          0x00000000c0010d60        0x0 build/bitmap.o
 .data          0x00000000c0010d60        0x0 build/string.o
 .data          0x00000000c0010d60        0x0 build/debug.o

.data1
 *(.data1)
                0x00000000c0010d60                _edata = .
                0x00000000c0010d60                PROVIDE (edata, .)
                0x00000000c0010d60                . = .
                0x00000000c0010d60                __bss_start = .

.bss            0x00000000c0010d60     0x1f6c
 *(.dynbss)
 *(.bss .bss.* .gnu.linkonce.b.*)
 .bss           0x00000000c0010d60        0x0 build/main.o
 .bss           0x00000000c0010d60        0x4 build/init.o
                0x00000000c0010d60                init_done
 *fill*         0x00000000c0010d64       0x1c 
 .bss           0x00000000c0010d80       0xc0 build/shell.o
                0x00000000c0010d80                cwd_cache
 .bss           0x00000000c0010e40        0x0 build/stdio.o
 .bss           0x00000000c0010e40        0x0 build/fork.o
 .bss           0x00000000c0010e40        0x0 build/syscall-init.o
 .bss           0x00000000c0010e40        0x0 build/syscall.o
 .bss           0x00000000c0010e40        0x0 build/fs.o
 .bss           0x00000000c0010e40        0x0 build/file.o
 .bss           0x00000000c0010e40        0x0 build/inode.o
 .bss           0x00000000c0010e40        0x0 build/dir.o
 .bss           0x00000000c0010e40        0x0 build/stdio-kernel.o
 .bss           0x00000000c0010e40        0x6 build/ide.o
                0x00000000c0010e40                ext_lba_base
                0x00000000c0010e44                p_no
                0x00000000c0010e45                l_no
 *fill*         0x00000000c0010e46        0x2 
 .bss           0x00000000c0010e48       0x14 build/keyboard.o
 .bss           0x00000000c0010e5c        0x0 build/ioqueue.o
 .bss           0x00000000c0010e5c        0x0 build/process.o
 .bss           0x00000000c0010e5c       0x1c build/console.o
 *fill*         0x00000000c0010e78        0x8 
 .bss           0x00000000c0010e80       0x6c build/tss.o
 .bss           0x00000000c0010eec        0x0 build/sync.o
 .bss           0x00000000c0010eec        0x2 build/thread.o
 .bss           0x00000000c0010eee        0x0 build/list.o
 .bss           0x00000000c0010eee        0x0 build/timer.o
 *fill*         0x00000000c0010eee       0x12 
 .bss           0x00000000c0010f00      0x408 build/interrupt.o
 .bss           0x00000000c0011308        0x0 build/memory.o
 .bss           0x00000000c0011308        0x0 build/bitmap.o
 .bss           0x00000000c0011308        0x0 build/string.o
 .bss           0x00000000c0011308        0x0 build/debug.o
 *(COMMON)
 *fill*         0x00000000c0011308       0x18 
 COMMON         0x00000000c0011320      0x240 build/shell.o
                0x00000000c0011320                argv
                0x00000000c0011360                final_path
 COMMON         0x00000000c0011560       0x80 build/syscall-init.o
                0x00000000c0011560                syscall_table
 COMMON         0x00000000c00115e0        0x4 build/fs.o
                0x00000000c00115e0                cur_part
 *fill*         0x00000000c00115e4       0x1c 
 COMMON         0x00000000c0011600      0x180 build/file.o
                0x00000000c0011600                file_table
 COMMON         0x00000000c0011780      0x208 build/dir.o
                0x00000000c0011780                root_dir
 *fill*         0x00000000c0011988       0x18 
 COMMON         0x00000000c00119a0      0xcf0 build/ide.o
                0x00000000c00119a0                channel_cnt
                0x00000000c00119c0                channels
                0x00000000c0012680                partition_list
 *fill*         0x00000000c0012690       0x10 
 COMMON         0x00000000c00126a0       0x6c build/keyboard.o
                0x00000000c00126a0                kbd_buf
 COMMON         0x00000000c001270c       0x44 build/thread.o
                0x00000000c001270c                thread_ready_list
                0x00000000c001271c                thread_all_list
                0x00000000c001272c                idle_thread
                0x00000000c0012730                main_thread
                0x00000000c0012734                pid_lock
 COMMON         0x00000000c0012750        0x4 build/timer.o
                0x00000000c0012750                total_ticks
 *fill*         0x00000000c0012754        0xc 
 COMMON         0x00000000c0012760      0x424 build/interrupt.o
                0x00000000c0012760                intr_name
                0x00000000c0012980                idt_table
 *fill*         0x00000000c0012b84       0x1c 
 COMMON         0x00000000c0012ba0      0x12c build/memory.o
                0x00000000c0012ba0                k_block_desc
                0x00000000c0012c48                k_v_pool
                0x00000000c0012c60                k_p_pool
                0x00000000c0012ca0                u_p_pool
                0x00000000c0012ccc                . = ALIGN ((. != 0x0)?0x4:0x1)
                0x00000000c0012ccc                . = ALIGN (0x4)
                0x00000000c0012ccc                . = SEGMENT_START ("ldata-segment", .)
                0x00000000c0012ccc                . = ALIGN (0x4)
                0x00000000c0012ccc                _end = .
                0x00000000c0012ccc                PROVIDE (end, .)
                0x00000000c0012ccc                . = DATA_SEGMENT_END (.)

.stab
 *(.stab)

.stabstr
 *(.stabstr)

.stab.excl
 *(.stab.excl)

.stab.exclstr
 *(.stab.exclstr)

.stab.index
 *(.stab.index)

.stab.indexstr
 *(.stab.indexstr)

.comment        0x0000000000000000       0x11
 *(.comment)
 .comment       0x0000000000000000       0x11 build/main.o
                                         0x12 (size before relaxing)
 .comment       0x0000000000000000       0x12 build/init.o
 .comment       0x0000000000000000       0x12 build/shell.o
 .comment       0x0000000000000000       0x12 build/stdio.o
 .comment       0x0000000000000000       0x12 build/fork.o
 .comment       0x0000000000000000       0x12 build/syscall-init.o
 .comment       0x0000000000000000       0x12 build/syscall.o
 .comment       0x0000000000000000       0x12 build/fs.o
 .comment       0x0000000000000000       0x12 build/file.o
 .comment       0x0000000000000000       0x12 build/inode.o
 .comment       0x0000000000000000       0x12 build/dir.o
 .comment       0x0000000000000000       0x12 build/stdio-kernel.o
 .comment       0x0000000000000000       0x12 build/ide.o
 .comment       0x0000000000000000       0x12 build/keyboard.o
 .comment       0x0000000000000000       0x12 build/ioqueue.o
 .comment       0x0000000000000000       0x12 build/process.o
 .comment       0x0000000000000000       0x12 build/console.o
 .comment       0x0000000000000000       0x12 build/tss.o
 .comment       0x0000000000000000       0x12 build/sync.o
 .comment       0x0000000000000000       0x12 build/thread.o
 .comment       0x0000000000000000       0x12 build/list.o
 .comment       0x0000000000000000       0x12 build/timer.o
 .comment       0x0000000000000000       0x12 build/interrupt.o
 .comment       0x0000000000000000       0x12 build/memory.o
 .comment       0x0000000000000000       0x12 build/bitmap.o
 .comment       0x0000000000000000       0x12 build/string.o
 .comment       0x0000000000000000       0x12 build/debug.o

.debug
 *(.debug)

.line
 *(.line)

.debug_srcinfo
 *(.debug_srcinfo)

.debug_sfnames
 *(.debug_sfnames)

.debug_aranges
 *(.debug_aranges)

.debug_pubnames
 *(.debug_pubnames)

.debug_info
 *(.debug_info .gnu.linkonce.wi.*)

.debug_abbrev
 *(.debug_abbrev)

.debug_line
 *(.debug_line .debug_line.* .debug_line_end)

.debug_frame
 *(.debug_frame)

.debug_str
 *(.debug_str)

.debug_loc
 *(.debug_loc)

.debug_macinfo
 *(.debug_macinfo)

.debug_weaknames
 *(.debug_weaknames)

.debug_funcnames
 *(.debug_funcnames)

.debug_typenames
 *(.debug_typenames)

.debug_varnames
 *(.debug_varnames)

.debug_pubtypes
 *(.debug_pubtypes)

.debug_ranges
 *(.debug_ranges)

.debug_macro
 *(.debug_macro)

.gnu.attributes
 *(.gnu.attributes)

/DISCARD/
 *(.note.GNU-stack)
 *(.gnu_debuglink)
 *(.gnu.lto_*)
OUTPUT(build/kernel.bin elf32-i386)
