
Allocating common symbols
Common symbol       size              file

kbd_buf             0x6c              build/keyboard.o
thread_ready_list   0x10              build/thread.o
thread_all_list     0x10              build/thread.o
channel_cnt         0x1               build/ide.o
k_block_desc        0xa8              build/memory.o
cur_part            0x4               build/fs.o
k_v_pool            0xc               build/memory.o
idle_thread         0x4               build/thread.o
intr_name           0x204             build/interrupt.o
main_thread         0x4               build/thread.o
channels            0xcc0             build/ide.o
syscall_table       0x80              build/syscall-init.o
total_ticks         0x4               build/timer.o
k_p_pool            0x2c              build/memory.o
u_p_pool            0x2c              build/memory.o
idt_table           0x204             build/interrupt.o
partition_list      0x10              build/ide.o
pid_lock            0x1c              build/thread.o

Memory Configuration

Name             Origin             Length             Attributes
*default*        0x0000000000000000 0xffffffffffffffff

Linker script and memory map

Address of section .text set to 0xc0001500
LOAD build/main.o
LOAD build/init.o
LOAD build/stdio.o
LOAD build/syscall-init.o
LOAD build/syscall.o
LOAD build/fs.o
LOAD build/stdio-kernel.o
LOAD build/ide.o
LOAD build/keyboard.o
LOAD build/ioqueue.o
LOAD build/process.o
LOAD build/console.o
LOAD build/tss.o
LOAD build/sync.o
LOAD build/thread.o
LOAD build/list.o
LOAD build/timer.o
LOAD build/interrupt.o
LOAD build/kernel.o
LOAD build/print.o
LOAD build/memory.o
LOAD build/bitmap.o
LOAD build/string.o
LOAD build/debug.o
LOAD build/switch.o
                0x0000000008048000                PROVIDE (__executable_start, 0x8048000)
                0x0000000008048074                . = (0x8048000 + SIZEOF_HEADERS)

.interp
 *(.interp)

.note.gnu.build-id
 *(.note.gnu.build-id)

.hash
 *(.hash)

.gnu.hash
 *(.gnu.hash)

.dynsym
 *(.dynsym)

.dynstr
 *(.dynstr)

.gnu.version
 *(.gnu.version)

.gnu.version_d
 *(.gnu.version_d)

.gnu.version_r
 *(.gnu.version_r)

.rel.dyn        0x0000000008048074        0x0
 *(.rel.init)
 *(.rel.text .rel.text.* .rel.gnu.linkonce.t.*)
 .rel.text      0x0000000000000000        0x0 build/main.o
 *(.rel.fini)
 *(.rel.rodata .rel.rodata.* .rel.gnu.linkonce.r.*)
 *(.rel.data.rel.ro .rel.data.rel.ro.* .rel.gnu.linkonce.d.rel.ro.*)
 *(.rel.data .rel.data.* .rel.gnu.linkonce.d.*)
 *(.rel.tdata .rel.tdata.* .rel.gnu.linkonce.td.*)
 *(.rel.tbss .rel.tbss.* .rel.gnu.linkonce.tb.*)
 *(.rel.ctors)
 *(.rel.dtors)
 *(.rel.got)
 *(.rel.bss .rel.bss.* .rel.gnu.linkonce.b.*)
 *(.rel.ifunc)

.rel.plt        0x0000000008048074        0x0
 *(.rel.plt)
                0x0000000008048074                PROVIDE (__rel_iplt_start, .)
 *(.rel.iplt)
 .rel.iplt      0x0000000000000000        0x0 build/main.o
                0x0000000008048074                PROVIDE (__rel_iplt_end, .)

.init
 *(SORT(.init))

.plt            0x0000000008048080        0x0
 *(.plt)
 *(.iplt)
 .iplt          0x0000000000000000        0x0 build/main.o

.text           0x00000000c0001500     0x5635
 *(.text.unlikely .text.*_unlikely .text.unlikely.*)
 *(.text.exit .text.exit.*)
 *(.text.startup .text.startup.*)
 *(.text.hot .text.hot.*)
 *(.text .stub .text.* .gnu.linkonce.t.*)
 .text          0x00000000c0001500      0x2cb build/main.o
                0x00000000c0001500                main
                0x00000000c000151d                k_thread_a
                0x00000000c00015f0                k_thread_b
                0x00000000c00016c3                u_prog_a
                0x00000000c0001747                u_prog_b
 .text          0x00000000c00017cb       0x5a build/init.o
                0x00000000c00017cb                init_all
 .text          0x00000000c0001825      0x27e build/stdio.o
                0x00000000c00018a6                vsprintf
                0x00000000c0001a18                printf
                0x00000000c0001a73                sprintf
 .text          0x00000000c0001aa3       0x85 build/syscall-init.o
                0x00000000c0001aa3                sys_getpid
                0x00000000c0001ab4                sys_write
                0x00000000c0001ad8                syscall_init
 .text          0x00000000c0001b28       0x6f build/syscall.o
                0x00000000c0001b28                getpid
                0x00000000c0001b3d                write
                0x00000000c0001b5c                malloc
                0x00000000c0001b7b                free
 .text          0x00000000c0001b97      0x82d build/fs.o
                0x00000000c0001fde                filesys_init
 .text          0x00000000c00023c4       0x5b build/stdio-kernel.o
                0x00000000c00023c4                printk
 .text          0x00000000c000241f      0xd5f build/ide.o
                0x00000000c00024bc                ide_init
                0x00000000c0002920                ide_read
                0x00000000c0002a84                ide_write
                0x00000000c0002be8                intr_hd_handler
 .text          0x00000000c000317e      0x2cc build/keyboard.o
                0x00000000c0003410                keyboard_init
 .text          0x00000000c000344a      0x2e4 build/ioqueue.o
                0x00000000c000344a                ioqueue_init
                0x00000000c00034a2                ioq_full
                0x00000000c00034ef                ioq_empty
                0x00000000c00035bb                ioq_getchar
                0x00000000c0003673                ioq_putchar
 .text          0x00000000c000372e      0x35c build/process.o
                0x00000000c000372e                start_process
                0x00000000c000382c                page_dir_activate
                0x00000000c0003860                process_activate
                0x00000000c00038ad                create_page_dir
                0x00000000c0003925                create_user_vaddr_bitmap
                0x00000000c0003970                process_execute
 .text          0x00000000c0003a8a       0xb0 build/console.o
                0x00000000c0003a8a                console_init
                0x00000000c0003aa2                console_acquire
                0x00000000c0003aba                console_release
                0x00000000c0003ad2                console_put_str
                0x00000000c0003af2                console_put_char
                0x00000000c0003b1a                console_put_int
 .text          0x00000000c0003b3a      0x188 build/tss.o
                0x00000000c0003b3a                update_tss_esp
                0x00000000c0003bb9                tss_init
 .text          0x00000000c0003cc2      0x2af build/sync.o
                0x00000000c0003cc2                sema_init
                0x00000000c0003cea                lock_init
                0x00000000c0003d19                sema_down
                0x00000000c0003dee                sema_up
                0x00000000c0003e99                lock_acquire
                0x00000000c0003f0f                lock_release
 .text          0x00000000c0003f71      0x64c build/thread.o
                0x00000000c0003f88                get_cur_thread_pcb
                0x00000000c0003ff3                thread_create
                0x00000000c0004063                init_thread
                0x00000000c0004107                thread_start
                0x00000000c0004259                schedule
                0x00000000c0004367                thread_init
                0x00000000c00043df                thread_block
                0x00000000c0004441                thread_unblock
                0x00000000c000453a                thread_yield
 .text          0x00000000c00045bd      0x1d4 build/list.o
                0x00000000c00045bd                list_init
                0x00000000c00045ea                list_insert_before
                0x00000000c000462e                list_push
                0x00000000c000464b                list_append
                0x00000000c0004668                list_remove
                0x00000000c00046a1                list_pop
                0x00000000c00046c3                list_empty
                0x00000000c00046dc                list_len
                0x00000000c0004710                list_traversal
                0x00000000c0004756                elem_find
 .text          0x00000000c0004791      0x1d5 build/timer.o
                0x00000000c0004833                timer_init
                0x00000000c000491c                mtime_sleep
 .text          0x00000000c0004966      0x471 build/interrupt.o
                0x00000000c0004c86                idt_init
                0x00000000c0004cf0                intr_enable
                0x00000000c0004d0a                intr_disable
                0x00000000c0004d24                intr_set_status
                0x00000000c0004d3e                intr_get_status
                0x00000000c0004dbb                register_handler
 *fill*         0x00000000c0004dd7        0x9 
 .text          0x00000000c0004de0      0x565 build/kernel.o
                0x00000000c0004de0                intr_exit
                0x00000000c0005321                syscall_handler
 *fill*         0x00000000c0005345        0xb 
 .text          0x00000000c0005350      0x149 build/print.o
                0x00000000c0005350                put_str
                0x00000000c000536e                put_char
                0x00000000c000543b                put_int
 .text          0x00000000c0005499     0x1023 build/memory.o
                0x00000000c0005669                block_desc_init
                0x00000000c00056f9                mem_init
                0x00000000c00058b9                pte_ptr
                0x00000000c00058e0                pde_ptr
                0x00000000c000593f                pfree
                0x00000000c0005aba                malloc_page
                0x00000000c0005c21                mfree_page
                0x00000000c0005ddf                get_kernel_pages
                0x00000000c0005e3a                get_user_pages
                0x00000000c0005e95                get_a_page
                0x00000000c0005fef                addr_v2p
                0x00000000c000601c                sys_malloc
                0x00000000c000632d                sys_free
 .text          0x00000000c00064bc      0x21d build/bitmap.o
                0x00000000c00064bc                bitmap_init
                0x00000000c00064de                bitmap_test_bit
                0x00000000c000651c                bitmap_scan
                0x00000000c000662b                bitmap_set
 .text          0x00000000c00066d9      0x3a1 build/string.o
                0x00000000c00066d9                memset
                0x00000000c0006729                memcpy
                0x00000000c0006787                memcmp
                0x00000000c00067fb                strcpy
                0x00000000c000684e                strlen
                0x00000000c0006896                strcmp
                0x00000000c0006903                strchr
                0x00000000c0006958                strrchr
                0x00000000c00069b3                strcat
                0x00000000c0006a19                strchrs
 .text          0x00000000c0006a7a       0xa6 build/debug.o
                0x00000000c0006a7a                panic_spin
 .text          0x00000000c0006b20       0x15 build/switch.o
                0x00000000c0006b20                switch_to
 *(.gnu.warning)

.fini
 *(SORT(.fini))
                0x00000000c0006b35                PROVIDE (__etext, .)
                0x00000000c0006b35                PROVIDE (_etext, .)
                0x00000000c0006b35                PROVIDE (etext, .)

.rodata         0x00000000c0006b38     0x139f
 *(.rodata .rodata.* .gnu.linkonce.r.*)
 .rodata        0x00000000c0006b38       0x1f build/main.o
 .rodata        0x00000000c0006b57       0x1a build/init.o
 .rodata        0x00000000c0006b71       0x27 build/syscall-init.o
 .rodata        0x00000000c0006b98      0x21c build/fs.o
 .rodata        0x00000000c0006db4      0x22b build/ide.o
 .rodata        0x00000000c0006fdf       0x36 build/keyboard.o
 *fill*         0x00000000c0007015        0x3 
 .rodata        0x00000000c0007018       0xa8 build/ioqueue.o
 .rodata        0x00000000c00070c0       0xe0 build/process.o
 .rodata        0x00000000c00071a0       0x27 build/tss.o
 *fill*         0x00000000c00071c7        0x1 
 .rodata        0x00000000c00071c8      0x121 build/sync.o
 *fill*         0x00000000c00072e9        0x3 
 .rodata        0x00000000c00072ec      0x2f1 build/thread.o
 *fill*         0x00000000c00075dd        0x3 
 .rodata        0x00000000c00075e0       0x8c build/timer.o
 .rodata        0x00000000c000766c      0x30d build/interrupt.o
 *fill*         0x00000000c0007979        0x3 
 .rodata        0x00000000c000797c      0x3cd build/memory.o
 *fill*         0x00000000c0007d49        0x3 
 .rodata        0x00000000c0007d4c       0x67 build/bitmap.o
 *fill*         0x00000000c0007db3        0x1 
 .rodata        0x00000000c0007db4       0xe4 build/string.o
 .rodata        0x00000000c0007e98       0x3f build/debug.o

.rodata1
 *(.rodata1)

.eh_frame_hdr
 *(.eh_frame_hdr)

.eh_frame       0x00000000c0007ed8     0x130c
 *(.eh_frame)
 .eh_frame      0x00000000c0007ed8       0xac build/main.o
 .eh_frame      0x00000000c0007f84       0x20 build/init.o
                                         0x38 (size before relaxing)
 .eh_frame      0x00000000c0007fa4       0x84 build/stdio.o
                                         0x9c (size before relaxing)
 .eh_frame      0x00000000c0008028       0x60 build/syscall-init.o
                                         0x78 (size before relaxing)
 .eh_frame      0x00000000c0008088       0x8c build/syscall.o
                                         0xa4 (size before relaxing)
 .eh_frame      0x00000000c0008114       0x78 build/fs.o
                                         0x90 (size before relaxing)
 .eh_frame      0x00000000c000818c       0x24 build/stdio-kernel.o
                                         0x3c (size before relaxing)
 .eh_frame      0x00000000c00081b0      0x254 build/ide.o
                                        0x26c (size before relaxing)
 .eh_frame      0x00000000c0008404       0x60 build/keyboard.o
                                         0x78 (size before relaxing)
 .eh_frame      0x00000000c0008464      0x100 build/ioqueue.o
                                        0x118 (size before relaxing)
 .eh_frame      0x00000000c0008564       0xc0 build/process.o
                                         0xd8 (size before relaxing)
 .eh_frame      0x00000000c0008624       0xc0 build/console.o
                                         0xd8 (size before relaxing)
 .eh_frame      0x00000000c00086e4       0x64 build/tss.o
                                         0x7c (size before relaxing)
 .eh_frame      0x00000000c0008748       0xc8 build/sync.o
                                         0xe0 (size before relaxing)
 .eh_frame      0x00000000c0008810      0x19c build/thread.o
                                        0x1b4 (size before relaxing)
 .eh_frame      0x00000000c00089ac      0x140 build/list.o
                                        0x158 (size before relaxing)
 .eh_frame      0x00000000c0008aec       0xcc build/timer.o
                                         0xe4 (size before relaxing)
 .eh_frame      0x00000000c0008bb8      0x1a8 build/interrupt.o
                                        0x1c0 (size before relaxing)
 .eh_frame      0x00000000c0008d60      0x2a0 build/memory.o
                                        0x2b8 (size before relaxing)
 .eh_frame      0x00000000c0009000       0x88 build/bitmap.o
                                         0xa0 (size before relaxing)
 .eh_frame      0x00000000c0009088      0x140 build/string.o
                                        0x158 (size before relaxing)
 .eh_frame      0x00000000c00091c8       0x1c build/debug.o
                                         0x34 (size before relaxing)

.gcc_except_table
 *(.gcc_except_table .gcc_except_table.*)

.exception_ranges
 *(.exception_ranges .exception_ranges*)
                0x00000000c00091e4                . = (ALIGN (0x1000) - ((0x1000 - .) & 0xfff))
                0x00000000c000a1e4                . = DATA_SEGMENT_ALIGN (0x1000, 0x1000)

.eh_frame
 *(.eh_frame)

.gcc_except_table
 *(.gcc_except_table .gcc_except_table.*)

.exception_ranges
 *(.exception_ranges .exception_ranges*)

.tdata
 *(.tdata .tdata.* .gnu.linkonce.td.*)

.tbss
 *(.tbss .tbss.* .gnu.linkonce.tb.*)
 *(.tcommon)

.preinit_array  0x00000000c000a1e4        0x0
                0x00000000c000a1e4                PROVIDE (__preinit_array_start, .)
 *(.preinit_array)
                0x00000000c000a1e4                PROVIDE (__preinit_array_end, .)

.init_array     0x00000000c000a1e4        0x0
                0x00000000c000a1e4                PROVIDE (__init_array_start, .)
 *(SORT(.init_array.*))
 *(.init_array)
                0x00000000c000a1e4                PROVIDE (__init_array_end, .)

.fini_array     0x00000000c000a1e4        0x0
                0x00000000c000a1e4                PROVIDE (__fini_array_start, .)
 *(SORT(.fini_array.*))
 *(.fini_array)
                0x00000000c000a1e4                PROVIDE (__fini_array_end, .)

.ctors
 *crtbegin.o(.ctors)
 *crtbegin?.o(.ctors)
 *(EXCLUDE_FILE(*crtend?.o *crtend.o) .ctors)
 *(SORT(.ctors.*))
 *(.ctors)

.dtors
 *crtbegin.o(.dtors)
 *crtbegin?.o(.dtors)
 *(EXCLUDE_FILE(*crtend?.o *crtend.o) .dtors)
 *(SORT(.dtors.*))
 *(.dtors)

.jcr
 *(.jcr)

.data.rel.ro
 *(.data.rel.ro.local* .gnu.linkonce.d.rel.ro.local.*)
 *(.data.rel.ro .data.rel.ro.* .gnu.linkonce.d.rel.ro.*)

.dynamic
 *(.dynamic)

.got
 *(.got)
 *(.igot)
                0x00000000c000a1e4                . = DATA_SEGMENT_RELRO_END (., (SIZEOF (.got.plt) >= 0xc)?0xc:0x0)

.got.plt        0x00000000c000a1e4        0x0
 *(.got.plt)
 *(.igot.plt)
 .igot.plt      0x0000000000000000        0x0 build/main.o

.data           0x00000000c000a200      0x140
 *(.data .data.* .gnu.linkonce.d.*)
 .data          0x00000000c000a200        0x0 build/main.o
 .data          0x00000000c000a200        0x0 build/init.o
 .data          0x00000000c000a200        0x0 build/stdio.o
 .data          0x00000000c000a200        0x0 build/syscall-init.o
 .data          0x00000000c000a200        0x0 build/syscall.o
 .data          0x00000000c000a200        0x0 build/fs.o
 .data          0x00000000c000a200        0x0 build/stdio-kernel.o
 .data          0x00000000c000a200        0x0 build/ide.o
 .data          0x00000000c000a200       0x76 build/keyboard.o
 .data          0x00000000c000a276        0x0 build/ioqueue.o
 .data          0x00000000c000a276        0x0 build/process.o
 .data          0x00000000c000a276        0x0 build/console.o
 .data          0x00000000c000a276        0x0 build/tss.o
 .data          0x00000000c000a276        0x0 build/sync.o
 .data          0x00000000c000a276        0x0 build/thread.o
 .data          0x00000000c000a276        0x0 build/list.o
 .data          0x00000000c000a276        0x0 build/timer.o
 .data          0x00000000c000a276        0x0 build/interrupt.o
 *fill*         0x00000000c000a276        0x2 
 .data          0x00000000c000a278       0xc0 build/kernel.o
                0x00000000c000a278                intr_entry_table
 .data          0x00000000c000a338        0x8 build/print.o
 .data          0x00000000c000a340        0x0 build/memory.o
 .data          0x00000000c000a340        0x0 build/bitmap.o
 .data          0x00000000c000a340        0x0 build/string.o
 .data          0x00000000c000a340        0x0 build/debug.o

.data1
 *(.data1)
                0x00000000c000a340                _edata = .
                0x00000000c000a340                PROVIDE (edata, .)
                0x00000000c000a340                . = .
                0x00000000c000a340                __bss_start = .

.bss            0x00000000c000a340     0x18ac
 *(.dynbss)
 *(.bss .bss.* .gnu.linkonce.b.*)
 .bss           0x00000000c000a340        0x8 build/main.o
                0x00000000c000a340                pid_a
                0x00000000c000a344                pid_b
 .bss           0x00000000c000a348        0x0 build/init.o
 .bss           0x00000000c000a348        0x0 build/stdio.o
 .bss           0x00000000c000a348        0x0 build/syscall-init.o
 .bss           0x00000000c000a348        0x0 build/syscall.o
 .bss           0x00000000c000a348        0x0 build/fs.o
 .bss           0x00000000c000a348        0x0 build/stdio-kernel.o
 .bss           0x00000000c000a348        0x6 build/ide.o
                0x00000000c000a348                ext_lba_base
                0x00000000c000a34c                p_no
                0x00000000c000a34d                l_no
 *fill*         0x00000000c000a34e        0x2 
 .bss           0x00000000c000a350       0x14 build/keyboard.o
 .bss           0x00000000c000a364        0x0 build/ioqueue.o
 .bss           0x00000000c000a364        0x0 build/process.o
 .bss           0x00000000c000a364       0x1c build/console.o
 .bss           0x00000000c000a380       0x6c build/tss.o
 .bss           0x00000000c000a3ec        0x0 build/sync.o
 .bss           0x00000000c000a3ec        0x2 build/thread.o
 .bss           0x00000000c000a3ee        0x0 build/list.o
 .bss           0x00000000c000a3ee        0x0 build/timer.o
 *fill*         0x00000000c000a3ee       0x12 
 .bss           0x00000000c000a400      0x408 build/interrupt.o
 .bss           0x00000000c000a808        0x0 build/memory.o
 .bss           0x00000000c000a808        0x0 build/bitmap.o
 .bss           0x00000000c000a808        0x0 build/string.o
 .bss           0x00000000c000a808        0x0 build/debug.o
 *(COMMON)
 *fill*         0x00000000c000a808       0x18 
 COMMON         0x00000000c000a820       0x80 build/syscall-init.o
                0x00000000c000a820                syscall_table
 COMMON         0x00000000c000a8a0        0x4 build/fs.o
                0x00000000c000a8a0                cur_part
 *fill*         0x00000000c000a8a4       0x1c 
 COMMON         0x00000000c000a8c0      0xcf0 build/ide.o
                0x00000000c000a8c0                channel_cnt
                0x00000000c000a8e0                channels
                0x00000000c000b5a0                partition_list
 *fill*         0x00000000c000b5b0       0x10 
 COMMON         0x00000000c000b5c0       0x6c build/keyboard.o
                0x00000000c000b5c0                kbd_buf
 COMMON         0x00000000c000b62c       0x44 build/thread.o
                0x00000000c000b62c                thread_ready_list
                0x00000000c000b63c                thread_all_list
                0x00000000c000b64c                idle_thread
                0x00000000c000b650                main_thread
                0x00000000c000b654                pid_lock
 COMMON         0x00000000c000b670        0x4 build/timer.o
                0x00000000c000b670                total_ticks
 *fill*         0x00000000c000b674        0xc 
 COMMON         0x00000000c000b680      0x424 build/interrupt.o
                0x00000000c000b680                intr_name
                0x00000000c000b8a0                idt_table
 *fill*         0x00000000c000baa4       0x1c 
 COMMON         0x00000000c000bac0      0x12c build/memory.o
                0x00000000c000bac0                k_block_desc
                0x00000000c000bb68                k_v_pool
                0x00000000c000bb80                k_p_pool
                0x00000000c000bbc0                u_p_pool
                0x00000000c000bbec                . = ALIGN ((. != 0x0)?0x4:0x1)
                0x00000000c000bbec                . = ALIGN (0x4)
                0x00000000c000bbec                . = SEGMENT_START ("ldata-segment", .)
                0x00000000c000bbec                . = ALIGN (0x4)
                0x00000000c000bbec                _end = .
                0x00000000c000bbec                PROVIDE (end, .)
                0x00000000c000bbec                . = DATA_SEGMENT_END (.)

.stab
 *(.stab)

.stabstr
 *(.stabstr)

.stab.excl
 *(.stab.excl)

.stab.exclstr
 *(.stab.exclstr)

.stab.index
 *(.stab.index)

.stab.indexstr
 *(.stab.indexstr)

.comment        0x0000000000000000       0x11
 *(.comment)
 .comment       0x0000000000000000       0x11 build/main.o
                                         0x12 (size before relaxing)
 .comment       0x0000000000000000       0x12 build/init.o
 .comment       0x0000000000000000       0x12 build/stdio.o
 .comment       0x0000000000000000       0x12 build/syscall-init.o
 .comment       0x0000000000000000       0x12 build/syscall.o
 .comment       0x0000000000000000       0x12 build/fs.o
 .comment       0x0000000000000000       0x12 build/stdio-kernel.o
 .comment       0x0000000000000000       0x12 build/ide.o
 .comment       0x0000000000000000       0x12 build/keyboard.o
 .comment       0x0000000000000000       0x12 build/ioqueue.o
 .comment       0x0000000000000000       0x12 build/process.o
 .comment       0x0000000000000000       0x12 build/console.o
 .comment       0x0000000000000000       0x12 build/tss.o
 .comment       0x0000000000000000       0x12 build/sync.o
 .comment       0x0000000000000000       0x12 build/thread.o
 .comment       0x0000000000000000       0x12 build/list.o
 .comment       0x0000000000000000       0x12 build/timer.o
 .comment       0x0000000000000000       0x12 build/interrupt.o
 .comment       0x0000000000000000       0x12 build/memory.o
 .comment       0x0000000000000000       0x12 build/bitmap.o
 .comment       0x0000000000000000       0x12 build/string.o
 .comment       0x0000000000000000       0x12 build/debug.o

.debug
 *(.debug)

.line
 *(.line)

.debug_srcinfo
 *(.debug_srcinfo)

.debug_sfnames
 *(.debug_sfnames)

.debug_aranges
 *(.debug_aranges)

.debug_pubnames
 *(.debug_pubnames)

.debug_info
 *(.debug_info .gnu.linkonce.wi.*)

.debug_abbrev
 *(.debug_abbrev)

.debug_line
 *(.debug_line .debug_line.* .debug_line_end)

.debug_frame
 *(.debug_frame)

.debug_str
 *(.debug_str)

.debug_loc
 *(.debug_loc)

.debug_macinfo
 *(.debug_macinfo)

.debug_weaknames
 *(.debug_weaknames)

.debug_funcnames
 *(.debug_funcnames)

.debug_typenames
 *(.debug_typenames)

.debug_varnames
 *(.debug_varnames)

.debug_pubtypes
 *(.debug_pubtypes)

.debug_ranges
 *(.debug_ranges)

.debug_macro
 *(.debug_macro)

.gnu.attributes
 *(.gnu.attributes)

/DISCARD/
 *(.note.GNU-stack)
 *(.gnu_debuglink)
 *(.gnu.lto_*)
OUTPUT(build/kernel.bin elf32-i386)
