
Allocating common symbols
Common symbol       size              file

k_v_pool            0xc               build/memory.o
intr_name           0x84              build/interrupt.o
k_p_pool            0x10              build/memory.o
u_p_pool            0x10              build/memory.o
idt_table           0x84              build/interrupt.o

Memory Configuration

Name             Origin             Length             Attributes
*default*        0x0000000000000000 0xffffffffffffffff

Linker script and memory map

Address of section .text set to 0xc0001500
LOAD build/main.o
LOAD build/init.o
LOAD build/interrupt.o
LOAD build/timer.o
LOAD build/kernel.o
LOAD build/print.o
LOAD build/memory.o
LOAD build/bitmap.o
LOAD build/string.o
LOAD build/debug.o
                0x0000000008048000                PROVIDE (__executable_start, 0x8048000)
                0x0000000008048074                . = (0x8048000 + SIZEOF_HEADERS)

.interp
 *(.interp)

.note.gnu.build-id
 *(.note.gnu.build-id)

.hash
 *(.hash)

.gnu.hash
 *(.gnu.hash)

.dynsym
 *(.dynsym)

.dynstr
 *(.dynstr)

.gnu.version
 *(.gnu.version)

.gnu.version_d
 *(.gnu.version_d)

.gnu.version_r
 *(.gnu.version_r)

.rel.dyn        0x0000000008048074        0x0
 *(.rel.init)
 *(.rel.text .rel.text.* .rel.gnu.linkonce.t.*)
 .rel.text      0x0000000000000000        0x0 build/main.o
 *(.rel.fini)
 *(.rel.rodata .rel.rodata.* .rel.gnu.linkonce.r.*)
 *(.rel.data.rel.ro .rel.data.rel.ro.* .rel.gnu.linkonce.d.rel.ro.*)
 *(.rel.data .rel.data.* .rel.gnu.linkonce.d.*)
 *(.rel.tdata .rel.tdata.* .rel.gnu.linkonce.td.*)
 *(.rel.tbss .rel.tbss.* .rel.gnu.linkonce.tb.*)
 *(.rel.ctors)
 *(.rel.dtors)
 *(.rel.got)
 *(.rel.bss .rel.bss.* .rel.gnu.linkonce.b.*)
 *(.rel.ifunc)

.rel.plt        0x0000000008048074        0x0
 *(.rel.plt)
                0x0000000008048074                PROVIDE (__rel_iplt_start, .)
 *(.rel.iplt)
 .rel.iplt      0x0000000000000000        0x0 build/main.o
                0x0000000008048074                PROVIDE (__rel_iplt_end, .)

.init
 *(SORT(.init))

.plt            0x0000000008048080        0x0
 *(.plt)
 *(.iplt)
 .iplt          0x0000000000000000        0x0 build/main.o

.text           0x00000000c0001500     0x14fd
 *(.text.unlikely .text.*_unlikely .text.unlikely.*)
 *(.text.exit .text.exit.*)
 *(.text.startup .text.startup.*)
 *(.text.hot .text.hot.*)
 *(.text .stub .text.* .gnu.linkonce.t.*)
 .text          0x00000000c0001500       0x57 build/main.o
                0x00000000c0001500                main
 .text          0x00000000c0001557       0x37 build/init.o
                0x00000000c0001557                init_all
 .text          0x00000000c000158e      0x361 build/interrupt.o
                0x00000000c0001826                idt_init
                0x00000000c0001890                intr_enable
                0x00000000c00018aa                intr_disable
                0x00000000c00018c4                intr_set_status
                0x00000000c00018d1                intr_get_status
 .text          0x00000000c00018ef       0xe2 build/timer.o
                0x00000000c0001991                timer_init
 *fill*         0x00000000c00019d1        0xf 
 .text          0x00000000c00019e0      0x39d build/kernel.o
                0x00000000c00019e0                intr_exit
 *fill*         0x00000000c0001d7d        0x3 
 .text          0x00000000c0001d80      0x149 build/print.o
                0x00000000c0001d80                put_str
                0x00000000c0001d9e                put_char
                0x00000000c0001e6b                put_int
 .text          0x00000000c0001ec9      0x4d6 build/memory.o
                0x00000000c0002079                mem_init
                0x00000000c0002158                pte_ptr
                0x00000000c000217f                pde_ptr
                0x00000000c00022a6                malloc_page
                0x00000000c0002364                get_kernel_pages
 .text          0x00000000c000239f      0x21d build/bitmap.o
                0x00000000c000239f                bitmap_init
                0x00000000c00023c1                bitmap_test_bit
                0x00000000c00023ff                bitmap_scan
                0x00000000c000250e                bitmap_set
 .text          0x00000000c00025bc      0x39b build/string.o
                0x00000000c00025bc                memset
                0x00000000c000260c                memcpy
                0x00000000c0002664                memcmp
                0x00000000c00026d8                strcpy
                0x00000000c000272b                strlen
                0x00000000c0002773                strcmp
                0x00000000c00027e0                strchr
                0x00000000c0002835                strrchr
                0x00000000c0002890                strcat
                0x00000000c00028f6                strchrs
 .text          0x00000000c0002957       0xa6 build/debug.o
                0x00000000c0002957                panic_spin
 *(.gnu.warning)

.fini
 *(SORT(.fini))
                0x00000000c00029fd                PROVIDE (__etext, .)
                0x00000000c00029fd                PROVIDE (_etext, .)
                0x00000000c00029fd                PROVIDE (etext, .)

.rodata         0x00000000c0002a00      0x5cb
 *(.rodata .rodata.* .gnu.linkonce.r.*)
 .rodata        0x00000000c0002a00       0x22 build/main.o
 .rodata        0x00000000c0002a22       0x19 build/init.o
 *fill*         0x00000000c0002a3b        0x1 
 .rodata        0x00000000c0002a3c      0x265 build/interrupt.o
 .rodata        0x00000000c0002ca1       0x24 build/timer.o
 *fill*         0x00000000c0002cc5        0x3 
 .rodata        0x00000000c0002cc8      0x178 build/memory.o
 .rodata        0x00000000c0002e40       0x67 build/bitmap.o
 *fill*         0x00000000c0002ea7        0x1 
 .rodata        0x00000000c0002ea8       0xe4 build/string.o
 .rodata        0x00000000c0002f8c       0x3f build/debug.o

.rodata1
 *(.rodata1)

.eh_frame_hdr
 *(.eh_frame_hdr)

.eh_frame       0x00000000c0002fcc      0x534
 *(.eh_frame)
 .eh_frame      0x00000000c0002fcc       0x3c build/main.o
 .eh_frame      0x00000000c0003008       0x20 build/init.o
                                         0x38 (size before relaxing)
 .eh_frame      0x00000000c0003028      0x168 build/interrupt.o
                                        0x180 (size before relaxing)
 .eh_frame      0x00000000c0003190       0x6c build/timer.o
                                         0x84 (size before relaxing)
 .eh_frame      0x00000000c00031fc      0x120 build/memory.o
                                        0x138 (size before relaxing)
 .eh_frame      0x00000000c000331c       0x88 build/bitmap.o
                                         0xa0 (size before relaxing)
 .eh_frame      0x00000000c00033a4      0x140 build/string.o
                                        0x158 (size before relaxing)
 .eh_frame      0x00000000c00034e4       0x1c build/debug.o
                                         0x34 (size before relaxing)

.gcc_except_table
 *(.gcc_except_table .gcc_except_table.*)

.exception_ranges
 *(.exception_ranges .exception_ranges*)
                0x00000000c0003500                . = (ALIGN (0x1000) - ((0x1000 - .) & 0xfff))
                0x00000000c0004500                . = DATA_SEGMENT_ALIGN (0x1000, 0x1000)

.eh_frame
 *(.eh_frame)

.gcc_except_table
 *(.gcc_except_table .gcc_except_table.*)

.exception_ranges
 *(.exception_ranges .exception_ranges*)

.tdata
 *(.tdata .tdata.* .gnu.linkonce.td.*)

.tbss
 *(.tbss .tbss.* .gnu.linkonce.tb.*)
 *(.tcommon)

.preinit_array  0x00000000c0004500        0x0
                0x00000000c0004500                PROVIDE (__preinit_array_start, .)
 *(.preinit_array)
                0x00000000c0004500                PROVIDE (__preinit_array_end, .)

.init_array     0x00000000c0004500        0x0
                0x00000000c0004500                PROVIDE (__init_array_start, .)
 *(SORT(.init_array.*))
 *(.init_array)
                0x00000000c0004500                PROVIDE (__init_array_end, .)

.fini_array     0x00000000c0004500        0x0
                0x00000000c0004500                PROVIDE (__fini_array_start, .)
 *(SORT(.fini_array.*))
 *(.fini_array)
                0x00000000c0004500                PROVIDE (__fini_array_end, .)

.ctors
 *crtbegin.o(.ctors)
 *crtbegin?.o(.ctors)
 *(EXCLUDE_FILE(*crtend?.o *crtend.o) .ctors)
 *(SORT(.ctors.*))
 *(.ctors)

.dtors
 *crtbegin.o(.dtors)
 *crtbegin?.o(.dtors)
 *(EXCLUDE_FILE(*crtend?.o *crtend.o) .dtors)
 *(SORT(.dtors.*))
 *(.dtors)

.jcr
 *(.jcr)

.data.rel.ro
 *(.data.rel.ro.local* .gnu.linkonce.d.rel.ro.local.*)
 *(.data.rel.ro .data.rel.ro.* .gnu.linkonce.d.rel.ro.*)

.dynamic
 *(.dynamic)

.got
 *(.got)
 *(.igot)
                0x00000000c0004500                . = DATA_SEGMENT_RELRO_END (., (SIZEOF (.got.plt) >= 0xc)?0xc:0x0)

.got.plt        0x00000000c0004500        0x0
 *(.got.plt)
 *(.igot.plt)
 .igot.plt      0x0000000000000000        0x0 build/main.o

.data           0x00000000c0004500       0x8c
 *(.data .data.* .gnu.linkonce.d.*)
 .data          0x00000000c0004500        0x0 build/main.o
 .data          0x00000000c0004500        0x0 build/init.o
 .data          0x00000000c0004500        0x0 build/interrupt.o
 .data          0x00000000c0004500        0x0 build/timer.o
 .data          0x00000000c0004500       0x84 build/kernel.o
                0x00000000c0004500                intr_entry_table
 .data          0x00000000c0004584        0x8 build/print.o
 .data          0x00000000c000458c        0x0 build/memory.o
 .data          0x00000000c000458c        0x0 build/bitmap.o
 .data          0x00000000c000458c        0x0 build/string.o
 .data          0x00000000c000458c        0x0 build/debug.o

.data1
 *(.data1)
                0x00000000c000458c                _edata = .
                0x00000000c000458c                PROVIDE (edata, .)
                0x00000000c000458c                . = .
                0x00000000c000458c                __bss_start = .

.bss            0x00000000c00045a0      0x270
 *(.dynbss)
 *(.bss .bss.* .gnu.linkonce.b.*)
 .bss           0x00000000c00045a0        0x0 build/main.o
 .bss           0x00000000c00045a0        0x0 build/init.o
 .bss           0x00000000c00045a0      0x108 build/interrupt.o
 .bss           0x00000000c00046a8        0x0 build/timer.o
 .bss           0x00000000c00046a8        0x0 build/memory.o
 .bss           0x00000000c00046a8        0x0 build/bitmap.o
 .bss           0x00000000c00046a8        0x0 build/string.o
 .bss           0x00000000c00046a8        0x0 build/debug.o
 *(COMMON)
 *fill*         0x00000000c00046a8       0x18 
 COMMON         0x00000000c00046c0      0x124 build/interrupt.o
                0x00000000c00046c0                intr_name
                0x00000000c0004760                idt_table
 COMMON         0x00000000c00047e4       0x2c build/memory.o
                0x00000000c00047e4                k_v_pool
                0x00000000c00047f0                k_p_pool
                0x00000000c0004800                u_p_pool
                0x00000000c0004810                . = ALIGN ((. != 0x0)?0x4:0x1)
                0x00000000c0004810                . = ALIGN (0x4)
                0x00000000c0004810                . = SEGMENT_START ("ldata-segment", .)
                0x00000000c0004810                . = ALIGN (0x4)
                0x00000000c0004810                _end = .
                0x00000000c0004810                PROVIDE (end, .)
                0x00000000c0004810                . = DATA_SEGMENT_END (.)

.stab
 *(.stab)

.stabstr
 *(.stabstr)

.stab.excl
 *(.stab.excl)

.stab.exclstr
 *(.stab.exclstr)

.stab.index
 *(.stab.index)

.stab.indexstr
 *(.stab.indexstr)

.comment        0x0000000000000000       0x11
 *(.comment)
 .comment       0x0000000000000000       0x11 build/main.o
                                         0x12 (size before relaxing)
 .comment       0x0000000000000000       0x12 build/init.o
 .comment       0x0000000000000000       0x12 build/interrupt.o
 .comment       0x0000000000000000       0x12 build/timer.o
 .comment       0x0000000000000000       0x12 build/memory.o
 .comment       0x0000000000000000       0x12 build/bitmap.o
 .comment       0x0000000000000000       0x12 build/string.o
 .comment       0x0000000000000000       0x12 build/debug.o

.debug
 *(.debug)

.line
 *(.line)

.debug_srcinfo
 *(.debug_srcinfo)

.debug_sfnames
 *(.debug_sfnames)

.debug_aranges
 *(.debug_aranges)

.debug_pubnames
 *(.debug_pubnames)

.debug_info
 *(.debug_info .gnu.linkonce.wi.*)

.debug_abbrev
 *(.debug_abbrev)

.debug_line
 *(.debug_line .debug_line.* .debug_line_end)

.debug_frame
 *(.debug_frame)

.debug_str
 *(.debug_str)

.debug_loc
 *(.debug_loc)

.debug_macinfo
 *(.debug_macinfo)

.debug_weaknames
 *(.debug_weaknames)

.debug_funcnames
 *(.debug_funcnames)

.debug_typenames
 *(.debug_typenames)

.debug_varnames
 *(.debug_varnames)

.debug_pubtypes
 *(.debug_pubtypes)

.debug_ranges
 *(.debug_ranges)

.debug_macro
 *(.debug_macro)

.gnu.attributes
 *(.gnu.attributes)

/DISCARD/
 *(.note.GNU-stack)
 *(.gnu_debuglink)
 *(.gnu.lto_*)
OUTPUT(build/kernel.bin elf32-i386)
