
Allocating common symbols
Common symbol       size              file

thread_ready_list   0x10              build/thread.o
thread_all_list     0x10              build/thread.o
k_v_pool            0xc               build/memory.o
intr_name           0x84              build/interrupt.o
main_thread         0x4               build/thread.o
k_p_pool            0x10              build/memory.o
u_p_pool            0x10              build/memory.o
idt_table           0x84              build/interrupt.o

Memory Configuration

Name             Origin             Length             Attributes
*default*        0x0000000000000000 0xffffffffffffffff

Linker script and memory map

Address of section .text set to 0xc0001500
LOAD build/main.o
LOAD build/init.o
LOAD build/thread.o
LOAD build/list.o
LOAD build/interrupt.o
LOAD build/timer.o
LOAD build/kernel.o
LOAD build/print.o
LOAD build/memory.o
LOAD build/bitmap.o
LOAD build/string.o
LOAD build/debug.o
                0x0000000008048000                PROVIDE (__executable_start, 0x8048000)
                0x0000000008048074                . = (0x8048000 + SIZEOF_HEADERS)

.interp
 *(.interp)

.note.gnu.build-id
 *(.note.gnu.build-id)

.hash
 *(.hash)

.gnu.hash
 *(.gnu.hash)

.dynsym
 *(.dynsym)

.dynstr
 *(.dynstr)

.gnu.version
 *(.gnu.version)

.gnu.version_d
 *(.gnu.version_d)

.gnu.version_r
 *(.gnu.version_r)

.rel.dyn        0x0000000008048074        0x0
 *(.rel.init)
 *(.rel.text .rel.text.* .rel.gnu.linkonce.t.*)
 .rel.text      0x0000000000000000        0x0 build/main.o
 *(.rel.fini)
 *(.rel.rodata .rel.rodata.* .rel.gnu.linkonce.r.*)
 *(.rel.data.rel.ro .rel.data.rel.ro.* .rel.gnu.linkonce.d.rel.ro.*)
 *(.rel.data .rel.data.* .rel.gnu.linkonce.d.*)
 *(.rel.tdata .rel.tdata.* .rel.gnu.linkonce.td.*)
 *(.rel.tbss .rel.tbss.* .rel.gnu.linkonce.tb.*)
 *(.rel.ctors)
 *(.rel.dtors)
 *(.rel.got)
 *(.rel.bss .rel.bss.* .rel.gnu.linkonce.b.*)
 *(.rel.ifunc)

.rel.plt        0x0000000008048074        0x0
 *(.rel.plt)
                0x0000000008048074                PROVIDE (__rel_iplt_start, .)
 *(.rel.iplt)
 .rel.iplt      0x0000000000000000        0x0 build/main.o
                0x0000000008048074                PROVIDE (__rel_iplt_end, .)

.init
 *(SORT(.init))

.plt            0x0000000008048080        0x0
 *(.plt)
 *(.iplt)
 .iplt          0x0000000000000000        0x0 build/main.o

.text           0x00000000c0001500     0x197d
 *(.text.unlikely .text.*_unlikely .text.unlikely.*)
 *(.text.exit .text.exit.*)
 *(.text.startup .text.startup.*)
 *(.text.hot .text.hot.*)
 *(.text .stub .text.* .gnu.linkonce.t.*)
 .text          0x00000000c0001500       0x34 build/main.o
                0x00000000c0001500                main
                0x00000000c0001518                k_thread_a
 .text          0x00000000c0001534       0x37 build/init.o
                0x00000000c0001534                init_all
 .text          0x00000000c000156b      0x284 build/thread.o
                0x00000000c000156b                get_cur_thread_pcb
                0x00000000c000159b                thread_create
                0x00000000c000160b                init_thread
                0x00000000c000169d                thread_start
 .text          0x00000000c00017ef      0x1d4 build/list.o
                0x00000000c00017ef                list_init
                0x00000000c000181c                list_insert_before
                0x00000000c0001860                list_push
                0x00000000c000187d                list_append
                0x00000000c000189a                list_remove
                0x00000000c00018d3                list_pop
                0x00000000c00018f5                list_empty
                0x00000000c000190e                list_len
                0x00000000c0001942                list_traversal
                0x00000000c0001988                elem_find
 .text          0x00000000c00019c3      0x3ba build/interrupt.o
                0x00000000c0001c5b                idt_init
                0x00000000c0001cc5                intr_enable
                0x00000000c0001cdf                intr_disable
                0x00000000c0001cf9                intr_set_status
                0x00000000c0001d06                intr_get_status
 .text          0x00000000c0001d7d       0xe2 build/timer.o
                0x00000000c0001e1f                timer_init
 *fill*         0x00000000c0001e5f        0x1 
 .text          0x00000000c0001e60      0x39d build/kernel.o
                0x00000000c0001e60                intr_exit
 *fill*         0x00000000c00021fd        0x3 
 .text          0x00000000c0002200      0x149 build/print.o
                0x00000000c0002200                put_str
                0x00000000c000221e                put_char
                0x00000000c00022eb                put_int
 .text          0x00000000c0002349      0x4d6 build/memory.o
                0x00000000c00024f9                mem_init
                0x00000000c00025d8                pte_ptr
                0x00000000c00025ff                pde_ptr
                0x00000000c0002726                malloc_page
                0x00000000c00027e4                get_kernel_pages
 .text          0x00000000c000281f      0x21d build/bitmap.o
                0x00000000c000281f                bitmap_init
                0x00000000c0002841                bitmap_test_bit
                0x00000000c000287f                bitmap_scan
                0x00000000c000298e                bitmap_set
 .text          0x00000000c0002a3c      0x39b build/string.o
                0x00000000c0002a3c                memset
                0x00000000c0002a8c                memcpy
                0x00000000c0002ae4                memcmp
                0x00000000c0002b58                strcpy
                0x00000000c0002bab                strlen
                0x00000000c0002bf3                strcmp
                0x00000000c0002c60                strchr
                0x00000000c0002cb5                strrchr
                0x00000000c0002d10                strcat
                0x00000000c0002d76                strchrs
 .text          0x00000000c0002dd7       0xa6 build/debug.o
                0x00000000c0002dd7                panic_spin
 *(.gnu.warning)

.fini
 *(SORT(.fini))
                0x00000000c0002e7d                PROVIDE (__etext, .)
                0x00000000c0002e7d                PROVIDE (_etext, .)
                0x00000000c0002e7d                PROVIDE (etext, .)

.rodata         0x00000000c0002e80      0x68f
 *(.rodata .rodata.* .gnu.linkonce.r.*)
 .rodata        0x00000000c0002e80       0x19 build/init.o
 *fill*         0x00000000c0002e99        0x3 
 .rodata        0x00000000c0002e9c       0xe1 build/thread.o
 *fill*         0x00000000c0002f7d        0x3 
 .rodata        0x00000000c0002f80      0x265 build/interrupt.o
 .rodata        0x00000000c00031e5       0x24 build/timer.o
 *fill*         0x00000000c0003209        0x3 
 .rodata        0x00000000c000320c      0x178 build/memory.o
 .rodata        0x00000000c0003384       0x67 build/bitmap.o
 *fill*         0x00000000c00033eb        0x1 
 .rodata        0x00000000c00033ec       0xe4 build/string.o
 .rodata        0x00000000c00034d0       0x3f build/debug.o

.rodata1
 *(.rodata1)

.eh_frame_hdr
 *(.eh_frame_hdr)

.eh_frame       0x00000000c0003510      0x770
 *(.eh_frame)
 .eh_frame      0x00000000c0003510       0x58 build/main.o
 .eh_frame      0x00000000c0003568       0x20 build/init.o
                                         0x38 (size before relaxing)
 .eh_frame      0x00000000c0003588       0xc0 build/thread.o
                                         0xd8 (size before relaxing)
 .eh_frame      0x00000000c0003648      0x140 build/list.o
                                        0x158 (size before relaxing)
 .eh_frame      0x00000000c0003788      0x188 build/interrupt.o
                                        0x1a0 (size before relaxing)
 .eh_frame      0x00000000c0003910       0x6c build/timer.o
                                         0x84 (size before relaxing)
 .eh_frame      0x00000000c000397c      0x120 build/memory.o
                                        0x138 (size before relaxing)
 .eh_frame      0x00000000c0003a9c       0x88 build/bitmap.o
                                         0xa0 (size before relaxing)
 .eh_frame      0x00000000c0003b24      0x140 build/string.o
                                        0x158 (size before relaxing)
 .eh_frame      0x00000000c0003c64       0x1c build/debug.o
                                         0x34 (size before relaxing)

.gcc_except_table
 *(.gcc_except_table .gcc_except_table.*)

.exception_ranges
 *(.exception_ranges .exception_ranges*)
                0x00000000c0003c80                . = (ALIGN (0x1000) - ((0x1000 - .) & 0xfff))
                0x00000000c0004c80                . = DATA_SEGMENT_ALIGN (0x1000, 0x1000)

.eh_frame
 *(.eh_frame)

.gcc_except_table
 *(.gcc_except_table .gcc_except_table.*)

.exception_ranges
 *(.exception_ranges .exception_ranges*)

.tdata
 *(.tdata .tdata.* .gnu.linkonce.td.*)

.tbss
 *(.tbss .tbss.* .gnu.linkonce.tb.*)
 *(.tcommon)

.preinit_array  0x00000000c0004c80        0x0
                0x00000000c0004c80                PROVIDE (__preinit_array_start, .)
 *(.preinit_array)
                0x00000000c0004c80                PROVIDE (__preinit_array_end, .)

.init_array     0x00000000c0004c80        0x0
                0x00000000c0004c80                PROVIDE (__init_array_start, .)
 *(SORT(.init_array.*))
 *(.init_array)
                0x00000000c0004c80                PROVIDE (__init_array_end, .)

.fini_array     0x00000000c0004c80        0x0
                0x00000000c0004c80                PROVIDE (__fini_array_start, .)
 *(SORT(.fini_array.*))
 *(.fini_array)
                0x00000000c0004c80                PROVIDE (__fini_array_end, .)

.ctors
 *crtbegin.o(.ctors)
 *crtbegin?.o(.ctors)
 *(EXCLUDE_FILE(*crtend?.o *crtend.o) .ctors)
 *(SORT(.ctors.*))
 *(.ctors)

.dtors
 *crtbegin.o(.dtors)
 *crtbegin?.o(.dtors)
 *(EXCLUDE_FILE(*crtend?.o *crtend.o) .dtors)
 *(SORT(.dtors.*))
 *(.dtors)

.jcr
 *(.jcr)

.data.rel.ro
 *(.data.rel.ro.local* .gnu.linkonce.d.rel.ro.local.*)
 *(.data.rel.ro .data.rel.ro.* .gnu.linkonce.d.rel.ro.*)

.dynamic
 *(.dynamic)

.got
 *(.got)
 *(.igot)
                0x00000000c0004c80                . = DATA_SEGMENT_RELRO_END (., (SIZEOF (.got.plt) >= 0xc)?0xc:0x0)

.got.plt        0x00000000c0004c80        0x0
 *(.got.plt)
 *(.igot.plt)
 .igot.plt      0x0000000000000000        0x0 build/main.o

.data           0x00000000c0004c80       0x8c
 *(.data .data.* .gnu.linkonce.d.*)
 .data          0x00000000c0004c80        0x0 build/main.o
 .data          0x00000000c0004c80        0x0 build/init.o
 .data          0x00000000c0004c80        0x0 build/thread.o
 .data          0x00000000c0004c80        0x0 build/list.o
 .data          0x00000000c0004c80        0x0 build/interrupt.o
 .data          0x00000000c0004c80        0x0 build/timer.o
 .data          0x00000000c0004c80       0x84 build/kernel.o
                0x00000000c0004c80                intr_entry_table
 .data          0x00000000c0004d04        0x8 build/print.o
 .data          0x00000000c0004d0c        0x0 build/memory.o
 .data          0x00000000c0004d0c        0x0 build/bitmap.o
 .data          0x00000000c0004d0c        0x0 build/string.o
 .data          0x00000000c0004d0c        0x0 build/debug.o

.data1
 *(.data1)
                0x00000000c0004d0c                _edata = .
                0x00000000c0004d0c                PROVIDE (edata, .)
                0x00000000c0004d0c                . = .
                0x00000000c0004d0c                __bss_start = .

.bss            0x00000000c0004d20      0x2b0
 *(.dynbss)
 *(.bss .bss.* .gnu.linkonce.b.*)
 .bss           0x00000000c0004d20        0x0 build/main.o
 .bss           0x00000000c0004d20        0x0 build/init.o
 .bss           0x00000000c0004d20        0x4 build/thread.o
 .bss           0x00000000c0004d24        0x0 build/list.o
 *fill*         0x00000000c0004d24       0x1c 
 .bss           0x00000000c0004d40      0x108 build/interrupt.o
 .bss           0x00000000c0004e48        0x0 build/timer.o
 .bss           0x00000000c0004e48        0x0 build/memory.o
 .bss           0x00000000c0004e48        0x0 build/bitmap.o
 .bss           0x00000000c0004e48        0x0 build/string.o
 .bss           0x00000000c0004e48        0x0 build/debug.o
 *(COMMON)
 COMMON         0x00000000c0004e48       0x24 build/thread.o
                0x00000000c0004e48                thread_ready_list
                0x00000000c0004e58                thread_all_list
                0x00000000c0004e68                main_thread
 *fill*         0x00000000c0004e6c       0x14 
 COMMON         0x00000000c0004e80      0x124 build/interrupt.o
                0x00000000c0004e80                intr_name
                0x00000000c0004f20                idt_table
 COMMON         0x00000000c0004fa4       0x2c build/memory.o
                0x00000000c0004fa4                k_v_pool
                0x00000000c0004fb0                k_p_pool
                0x00000000c0004fc0                u_p_pool
                0x00000000c0004fd0                . = ALIGN ((. != 0x0)?0x4:0x1)
                0x00000000c0004fd0                . = ALIGN (0x4)
                0x00000000c0004fd0                . = SEGMENT_START ("ldata-segment", .)
                0x00000000c0004fd0                . = ALIGN (0x4)
                0x00000000c0004fd0                _end = .
                0x00000000c0004fd0                PROVIDE (end, .)
                0x00000000c0004fd0                . = DATA_SEGMENT_END (.)

.stab
 *(.stab)

.stabstr
 *(.stabstr)

.stab.excl
 *(.stab.excl)

.stab.exclstr
 *(.stab.exclstr)

.stab.index
 *(.stab.index)

.stab.indexstr
 *(.stab.indexstr)

.comment        0x0000000000000000       0x11
 *(.comment)
 .comment       0x0000000000000000       0x11 build/main.o
                                         0x12 (size before relaxing)
 .comment       0x0000000000000000       0x12 build/init.o
 .comment       0x0000000000000000       0x12 build/thread.o
 .comment       0x0000000000000000       0x12 build/list.o
 .comment       0x0000000000000000       0x12 build/interrupt.o
 .comment       0x0000000000000000       0x12 build/timer.o
 .comment       0x0000000000000000       0x12 build/memory.o
 .comment       0x0000000000000000       0x12 build/bitmap.o
 .comment       0x0000000000000000       0x12 build/string.o
 .comment       0x0000000000000000       0x12 build/debug.o

.debug
 *(.debug)

.line
 *(.line)

.debug_srcinfo
 *(.debug_srcinfo)

.debug_sfnames
 *(.debug_sfnames)

.debug_aranges
 *(.debug_aranges)

.debug_pubnames
 *(.debug_pubnames)

.debug_info
 *(.debug_info .gnu.linkonce.wi.*)

.debug_abbrev
 *(.debug_abbrev)

.debug_line
 *(.debug_line .debug_line.* .debug_line_end)

.debug_frame
 *(.debug_frame)

.debug_str
 *(.debug_str)

.debug_loc
 *(.debug_loc)

.debug_macinfo
 *(.debug_macinfo)

.debug_weaknames
 *(.debug_weaknames)

.debug_funcnames
 *(.debug_funcnames)

.debug_typenames
 *(.debug_typenames)

.debug_varnames
 *(.debug_varnames)

.debug_pubtypes
 *(.debug_pubtypes)

.debug_ranges
 *(.debug_ranges)

.debug_macro
 *(.debug_macro)

.gnu.attributes
 *(.gnu.attributes)

/DISCARD/
 *(.note.GNU-stack)
 *(.gnu_debuglink)
 *(.gnu.lto_*)
OUTPUT(build/kernel.bin elf32-i386)
