
Allocating common symbols
Common symbol       size              file

kbd_buf             0x6c              build/keyboard.o
root_dir            0x208             build/dir.o
thread_ready_list   0x10              build/thread.o
thread_all_list     0x10              build/thread.o
channel_cnt         0x1               build/ide.o
k_block_desc        0xa8              build/memory.o
cur_part            0x4               build/fs.o
k_v_pool            0xc               build/memory.o
idle_thread         0x4               build/thread.o
intr_name           0x204             build/interrupt.o
main_thread         0x4               build/thread.o
channels            0xcc0             build/ide.o
syscall_table       0x80              build/syscall-init.o
total_ticks         0x4               build/timer.o
k_p_pool            0x2c              build/memory.o
u_p_pool            0x2c              build/memory.o
idt_table           0x204             build/interrupt.o
file_table          0x180             build/file.o
partition_list      0x10              build/ide.o
pid_lock            0x1c              build/thread.o

Memory Configuration

Name             Origin             Length             Attributes
*default*        0x0000000000000000 0xffffffffffffffff

Linker script and memory map

Address of section .text set to 0xc0001500
LOAD build/main.o
LOAD build/init.o
LOAD build/stdio.o
LOAD build/syscall-init.o
LOAD build/syscall.o
LOAD build/fs.o
LOAD build/file.o
LOAD build/inode.o
LOAD build/dir.o
LOAD build/stdio-kernel.o
LOAD build/ide.o
LOAD build/keyboard.o
LOAD build/ioqueue.o
LOAD build/process.o
LOAD build/console.o
LOAD build/tss.o
LOAD build/sync.o
LOAD build/thread.o
LOAD build/list.o
LOAD build/timer.o
LOAD build/interrupt.o
LOAD build/kernel.o
LOAD build/print.o
LOAD build/memory.o
LOAD build/bitmap.o
LOAD build/string.o
LOAD build/debug.o
LOAD build/switch.o
                0x0000000008048000                PROVIDE (__executable_start, 0x8048000)
                0x0000000008048074                . = (0x8048000 + SIZEOF_HEADERS)

.interp
 *(.interp)

.note.gnu.build-id
 *(.note.gnu.build-id)

.hash
 *(.hash)

.gnu.hash
 *(.gnu.hash)

.dynsym
 *(.dynsym)

.dynstr
 *(.dynstr)

.gnu.version
 *(.gnu.version)

.gnu.version_d
 *(.gnu.version_d)

.gnu.version_r
 *(.gnu.version_r)

.rel.dyn        0x0000000008048074        0x0
 *(.rel.init)
 *(.rel.text .rel.text.* .rel.gnu.linkonce.t.*)
 .rel.text      0x0000000000000000        0x0 build/main.o
 *(.rel.fini)
 *(.rel.rodata .rel.rodata.* .rel.gnu.linkonce.r.*)
 *(.rel.data.rel.ro .rel.data.rel.ro.* .rel.gnu.linkonce.d.rel.ro.*)
 *(.rel.data .rel.data.* .rel.gnu.linkonce.d.*)
 *(.rel.tdata .rel.tdata.* .rel.gnu.linkonce.td.*)
 *(.rel.tbss .rel.tbss.* .rel.gnu.linkonce.tb.*)
 *(.rel.ctors)
 *(.rel.dtors)
 *(.rel.got)
 *(.rel.bss .rel.bss.* .rel.gnu.linkonce.b.*)
 *(.rel.ifunc)

.rel.plt        0x0000000008048074        0x0
 *(.rel.plt)
                0x0000000008048074                PROVIDE (__rel_iplt_start, .)
 *(.rel.iplt)
 .rel.iplt      0x0000000000000000        0x0 build/main.o
                0x0000000008048074                PROVIDE (__rel_iplt_end, .)

.init
 *(SORT(.init))

.plt            0x0000000008048080        0x0
 *(.plt)
 *(.iplt)
 .iplt          0x0000000000000000        0x0 build/main.o

.text           0x00000000c0001500     0x8b95
 *(.text.unlikely .text.*_unlikely .text.unlikely.*)
 *(.text.exit .text.exit.*)
 *(.text.startup .text.startup.*)
 *(.text.hot .text.hot.*)
 *(.text .stub .text.* .gnu.linkonce.t.*)
 .text          0x00000000c0001500      0x33a build/main.o
                0x00000000c0001500                main
                0x00000000c000158c                k_thread_a
                0x00000000c000165f                k_thread_b
                0x00000000c0001732                u_prog_a
                0x00000000c00017b6                u_prog_b
 .text          0x00000000c000183a       0x5a build/init.o
                0x00000000c000183a                init_all
 .text          0x00000000c0001894      0x293 build/stdio.o
                0x00000000c0001915                vsprintf
                0x00000000c0001a87                printf
                0x00000000c0001af7                sprintf
 .text          0x00000000c0001b27       0x61 build/syscall-init.o
                0x00000000c0001b27                sys_getpid
                0x00000000c0001b38                syscall_init
 .text          0x00000000c0001b88       0x73 build/syscall.o
                0x00000000c0001b88                getpid
                0x00000000c0001b9d                write
                0x00000000c0001bc0                malloc
                0x00000000c0001bdf                free
 .text          0x00000000c0001bfb     0x17bf build/fs.o
                0x00000000c0002042                filesys_init
                0x00000000c000253f                path_depth_cnt
                0x00000000c000283e                sys_open
                0x00000000c0002ae9                sys_close
                0x00000000c0002b46                sys_write
                0x00000000c0002c4c                sys_read
                0x00000000c0002cc8                sys_lseek
                0x00000000c0002db2                sys_unlink
                0x00000000c0002fd3                sys_mkdir
 .text          0x00000000c00033ba     0x12e4 build/file.o
                0x00000000c00033ba                get_free_slot_in_global
                0x00000000c000340e                pcb_fd_install
                0x00000000c0003478                inode_bitmap_alloc
                0x00000000c00034d5                block_bitmap_alloc
                0x00000000c000353d                bitmap_sync
                0x00000000c00035bd                file_create
                0x00000000c00038f6                file_open
                0x00000000c0003a0a                file_close
                0x00000000c0003a4d                file_write
                0x00000000c00042e7                file_read
 .text          0x00000000c000469e      0x71e build/inode.o
                0x00000000c000472e                inode_sync
                0x00000000c0004850                inode_open
                0x00000000c00049b1                inode_close
                0x00000000c0004a2c                inode_init
                0x00000000c0004a7e                inode_delete
                0x00000000c0004b8b                inode_release
 .text          0x00000000c0004dbc      0xb1e build/dir.o
                0x00000000c0004dbc                open_root_dir
                0x00000000c0004deb                dir_open
                0x00000000c0004e2b                search_dir_entry
                0x00000000c0004fff                dir_close
                0x00000000c0005031                create_dir_entry
                0x00000000c000509a                sync_dir_entry
                0x00000000c00054ae                delete_dir_entry
 .text          0x00000000c00058da       0x5b build/stdio-kernel.o
                0x00000000c00058da                printk
 .text          0x00000000c0005935      0xd5f build/ide.o
                0x00000000c00059d2                ide_init
                0x00000000c0005e36                ide_read
                0x00000000c0005f9a                ide_write
                0x00000000c00060fe                intr_hd_handler
 .text          0x00000000c0006694      0x2cc build/keyboard.o
                0x00000000c0006926                keyboard_init
 .text          0x00000000c0006960      0x2e4 build/ioqueue.o
                0x00000000c0006960                ioqueue_init
                0x00000000c00069b8                ioq_full
                0x00000000c0006a05                ioq_empty
                0x00000000c0006ad1                ioq_getchar
                0x00000000c0006b89                ioq_putchar
 .text          0x00000000c0006c44      0x35c build/process.o
                0x00000000c0006c44                start_process
                0x00000000c0006d42                page_dir_activate
                0x00000000c0006d76                process_activate
                0x00000000c0006dc3                create_page_dir
                0x00000000c0006e3b                create_user_vaddr_bitmap
                0x00000000c0006e86                process_execute
 .text          0x00000000c0006fa0       0xb0 build/console.o
                0x00000000c0006fa0                console_init
                0x00000000c0006fb8                console_acquire
                0x00000000c0006fd0                console_release
                0x00000000c0006fe8                console_put_str
                0x00000000c0007008                console_put_char
                0x00000000c0007030                console_put_int
 .text          0x00000000c0007050      0x188 build/tss.o
                0x00000000c0007050                update_tss_esp
                0x00000000c00070cf                tss_init
 .text          0x00000000c00071d8      0x2af build/sync.o
                0x00000000c00071d8                sema_init
                0x00000000c0007200                lock_init
                0x00000000c000722f                sema_down
                0x00000000c0007304                sema_up
                0x00000000c00073af                lock_acquire
                0x00000000c0007425                lock_release
 .text          0x00000000c0007487      0x692 build/thread.o
                0x00000000c000749e                get_cur_thread_pcb
                0x00000000c0007509                thread_create
                0x00000000c0007579                init_thread
                0x00000000c0007660                thread_start
                0x00000000c00077b5                schedule
                0x00000000c00078c3                thread_init
                0x00000000c000793b                thread_block
                0x00000000c000799d                thread_unblock
                0x00000000c0007a96                thread_yield
 .text          0x00000000c0007b19      0x1d4 build/list.o
                0x00000000c0007b19                list_init
                0x00000000c0007b46                list_insert_before
                0x00000000c0007b8a                list_push
                0x00000000c0007ba7                list_append
                0x00000000c0007bc4                list_remove
                0x00000000c0007bfd                list_pop
                0x00000000c0007c1f                list_empty
                0x00000000c0007c38                list_len
                0x00000000c0007c6c                list_traversal
                0x00000000c0007cb2                elem_find
 .text          0x00000000c0007ced      0x1d5 build/timer.o
                0x00000000c0007d8f                timer_init
                0x00000000c0007e78                mtime_sleep
 .text          0x00000000c0007ec2      0x471 build/interrupt.o
                0x00000000c00081e2                idt_init
                0x00000000c000824c                intr_enable
                0x00000000c0008266                intr_disable
                0x00000000c0008280                intr_set_status
                0x00000000c000829a                intr_get_status
                0x00000000c0008317                register_handler
 *fill*         0x00000000c0008333        0xd 
 .text          0x00000000c0008340      0x565 build/kernel.o
                0x00000000c0008340                intr_exit
                0x00000000c0008881                syscall_handler
 *fill*         0x00000000c00088a5        0xb 
 .text          0x00000000c00088b0      0x149 build/print.o
                0x00000000c00088b0                put_str
                0x00000000c00088ce                put_char
                0x00000000c000899b                put_int
 .text          0x00000000c00089f9     0x1023 build/memory.o
                0x00000000c0008bc9                block_desc_init
                0x00000000c0008c59                mem_init
                0x00000000c0008e19                pte_ptr
                0x00000000c0008e40                pde_ptr
                0x00000000c0008e9f                pfree
                0x00000000c000901a                malloc_page
                0x00000000c0009181                mfree_page
                0x00000000c000933f                get_kernel_pages
                0x00000000c000939a                get_user_pages
                0x00000000c00093f5                get_a_page
                0x00000000c000954f                addr_v2p
                0x00000000c000957c                sys_malloc
                0x00000000c000988d                sys_free
 .text          0x00000000c0009a1c      0x21d build/bitmap.o
                0x00000000c0009a1c                bitmap_init
                0x00000000c0009a3e                bitmap_test_bit
                0x00000000c0009a7c                bitmap_scan
                0x00000000c0009b8b                bitmap_set
 .text          0x00000000c0009c39      0x3a1 build/string.o
                0x00000000c0009c39                memset
                0x00000000c0009c89                memcpy
                0x00000000c0009ce7                memcmp
                0x00000000c0009d5b                strcpy
                0x00000000c0009dae                strlen
                0x00000000c0009df6                strcmp
                0x00000000c0009e63                strchr
                0x00000000c0009eb8                strrchr
                0x00000000c0009f13                strcat
                0x00000000c0009f79                strchrs
 .text          0x00000000c0009fda       0xa6 build/debug.o
                0x00000000c0009fda                panic_spin
 .text          0x00000000c000a080       0x15 build/switch.o
                0x00000000c000a080                switch_to
 *(.gnu.warning)

.fini
 *(SORT(.fini))
                0x00000000c000a095                PROVIDE (__etext, .)
                0x00000000c000a095                PROVIDE (_etext, .)
                0x00000000c000a095                PROVIDE (etext, .)

.rodata         0x00000000c000a098     0x1fcb
 *(.rodata .rodata.* .gnu.linkonce.r.*)
 .rodata        0x00000000c000a098       0x51 build/main.o
 .rodata        0x00000000c000a0e9       0x1a build/init.o
 .rodata        0x00000000c000a103       0x27 build/syscall-init.o
 *fill*         0x00000000c000a12a        0x2 
 .rodata        0x00000000c000a12c      0x726 build/fs.o
 *fill*         0x00000000c000a852        0x2 
 .rodata        0x00000000c000a854      0x482 build/file.o
 *fill*         0x00000000c000acd6        0x2 
 .rodata        0x00000000c000acd8       0xea build/inode.o
 *fill*         0x00000000c000adc2        0x2 
 .rodata        0x00000000c000adc4      0x179 build/dir.o
 *fill*         0x00000000c000af3d        0x3 
 .rodata        0x00000000c000af40      0x22b build/ide.o
 .rodata        0x00000000c000b16b       0x36 build/keyboard.o
 *fill*         0x00000000c000b1a1        0x3 
 .rodata        0x00000000c000b1a4       0xa8 build/ioqueue.o
 .rodata        0x00000000c000b24c       0xe0 build/process.o
 .rodata        0x00000000c000b32c       0x27 build/tss.o
 *fill*         0x00000000c000b353        0x1 
 .rodata        0x00000000c000b354      0x121 build/sync.o
 *fill*         0x00000000c000b475        0x3 
 .rodata        0x00000000c000b478      0x2f1 build/thread.o
 *fill*         0x00000000c000b769        0x3 
 .rodata        0x00000000c000b76c       0x8c build/timer.o
 .rodata        0x00000000c000b7f8      0x30d build/interrupt.o
 *fill*         0x00000000c000bb05        0x3 
 .rodata        0x00000000c000bb08      0x3cd build/memory.o
 *fill*         0x00000000c000bed5        0x3 
 .rodata        0x00000000c000bed8       0x67 build/bitmap.o
 *fill*         0x00000000c000bf3f        0x1 
 .rodata        0x00000000c000bf40       0xe4 build/string.o
 .rodata        0x00000000c000c024       0x3f build/debug.o

.rodata1
 *(.rodata1)

.eh_frame_hdr
 *(.eh_frame_hdr)

.eh_frame       0x00000000c000c064     0x1768
 *(.eh_frame)
 .eh_frame      0x00000000c000c064       0xb0 build/main.o
 .eh_frame      0x00000000c000c114       0x20 build/init.o
                                         0x38 (size before relaxing)
 .eh_frame      0x00000000c000c134       0x84 build/stdio.o
                                         0x9c (size before relaxing)
 .eh_frame      0x00000000c000c1b8       0x40 build/syscall-init.o
                                         0x58 (size before relaxing)
 .eh_frame      0x00000000c000c1f8       0x8c build/syscall.o
                                         0xa4 (size before relaxing)
 .eh_frame      0x00000000c000c284      0x1e4 build/fs.o
                                        0x1fc (size before relaxing)
 .eh_frame      0x00000000c000c468      0x140 build/file.o
                                        0x158 (size before relaxing)
 .eh_frame      0x00000000c000c5a8       0xe4 build/inode.o
                                         0xfc (size before relaxing)
 .eh_frame      0x00000000c000c68c       0xe8 build/dir.o
                                        0x100 (size before relaxing)
 .eh_frame      0x00000000c000c774       0x24 build/stdio-kernel.o
                                         0x3c (size before relaxing)
 .eh_frame      0x00000000c000c798      0x254 build/ide.o
                                        0x26c (size before relaxing)
 .eh_frame      0x00000000c000c9ec       0x60 build/keyboard.o
                                         0x78 (size before relaxing)
 .eh_frame      0x00000000c000ca4c      0x100 build/ioqueue.o
                                        0x118 (size before relaxing)
 .eh_frame      0x00000000c000cb4c       0xc0 build/process.o
                                         0xd8 (size before relaxing)
 .eh_frame      0x00000000c000cc0c       0xc0 build/console.o
                                         0xd8 (size before relaxing)
 .eh_frame      0x00000000c000cccc       0x64 build/tss.o
                                         0x7c (size before relaxing)
 .eh_frame      0x00000000c000cd30       0xc8 build/sync.o
                                         0xe0 (size before relaxing)
 .eh_frame      0x00000000c000cdf8      0x19c build/thread.o
                                        0x1b4 (size before relaxing)
 .eh_frame      0x00000000c000cf94      0x140 build/list.o
                                        0x158 (size before relaxing)
 .eh_frame      0x00000000c000d0d4       0xcc build/timer.o
                                         0xe4 (size before relaxing)
 .eh_frame      0x00000000c000d1a0      0x1a8 build/interrupt.o
                                        0x1c0 (size before relaxing)
 .eh_frame      0x00000000c000d348      0x2a0 build/memory.o
                                        0x2b8 (size before relaxing)
 .eh_frame      0x00000000c000d5e8       0x88 build/bitmap.o
                                         0xa0 (size before relaxing)
 .eh_frame      0x00000000c000d670      0x140 build/string.o
                                        0x158 (size before relaxing)
 .eh_frame      0x00000000c000d7b0       0x1c build/debug.o
                                         0x34 (size before relaxing)

.gcc_except_table
 *(.gcc_except_table .gcc_except_table.*)

.exception_ranges
 *(.exception_ranges .exception_ranges*)
                0x00000000c000d7cc                . = (ALIGN (0x1000) - ((0x1000 - .) & 0xfff))
                0x00000000c000e000                . = DATA_SEGMENT_ALIGN (0x1000, 0x1000)

.eh_frame
 *(.eh_frame)

.gcc_except_table
 *(.gcc_except_table .gcc_except_table.*)

.exception_ranges
 *(.exception_ranges .exception_ranges*)

.tdata
 *(.tdata .tdata.* .gnu.linkonce.td.*)

.tbss
 *(.tbss .tbss.* .gnu.linkonce.tb.*)
 *(.tcommon)

.preinit_array  0x00000000c000e000        0x0
                0x00000000c000e000                PROVIDE (__preinit_array_start, .)
 *(.preinit_array)
                0x00000000c000e000                PROVIDE (__preinit_array_end, .)

.init_array     0x00000000c000e000        0x0
                0x00000000c000e000                PROVIDE (__init_array_start, .)
 *(SORT(.init_array.*))
 *(.init_array)
                0x00000000c000e000                PROVIDE (__init_array_end, .)

.fini_array     0x00000000c000e000        0x0
                0x00000000c000e000                PROVIDE (__fini_array_start, .)
 *(SORT(.fini_array.*))
 *(.fini_array)
                0x00000000c000e000                PROVIDE (__fini_array_end, .)

.ctors
 *crtbegin.o(.ctors)
 *crtbegin?.o(.ctors)
 *(EXCLUDE_FILE(*crtend?.o *crtend.o) .ctors)
 *(SORT(.ctors.*))
 *(.ctors)

.dtors
 *crtbegin.o(.dtors)
 *crtbegin?.o(.dtors)
 *(EXCLUDE_FILE(*crtend?.o *crtend.o) .dtors)
 *(SORT(.dtors.*))
 *(.dtors)

.jcr
 *(.jcr)

.data.rel.ro
 *(.data.rel.ro.local* .gnu.linkonce.d.rel.ro.local.*)
 *(.data.rel.ro .data.rel.ro.* .gnu.linkonce.d.rel.ro.*)

.dynamic
 *(.dynamic)

.got
 *(.got)
 *(.igot)
                0x00000000c000e000                . = DATA_SEGMENT_RELRO_END (., (SIZEOF (.got.plt) >= 0xc)?0xc:0x0)

.got.plt        0x00000000c000e000        0x0
 *(.got.plt)
 *(.igot.plt)
 .igot.plt      0x0000000000000000        0x0 build/main.o

.data           0x00000000c000e000      0x140
 *(.data .data.* .gnu.linkonce.d.*)
 .data          0x00000000c000e000        0x0 build/main.o
 .data          0x00000000c000e000        0x0 build/init.o
 .data          0x00000000c000e000        0x0 build/stdio.o
 .data          0x00000000c000e000        0x0 build/syscall-init.o
 .data          0x00000000c000e000        0x0 build/syscall.o
 .data          0x00000000c000e000        0x0 build/fs.o
 .data          0x00000000c000e000        0x0 build/file.o
 .data          0x00000000c000e000        0x0 build/inode.o
 .data          0x00000000c000e000        0x0 build/dir.o
 .data          0x00000000c000e000        0x0 build/stdio-kernel.o
 .data          0x00000000c000e000        0x0 build/ide.o
 .data          0x00000000c000e000       0x76 build/keyboard.o
 .data          0x00000000c000e076        0x0 build/ioqueue.o
 .data          0x00000000c000e076        0x0 build/process.o
 .data          0x00000000c000e076        0x0 build/console.o
 .data          0x00000000c000e076        0x0 build/tss.o
 .data          0x00000000c000e076        0x0 build/sync.o
 .data          0x00000000c000e076        0x0 build/thread.o
 .data          0x00000000c000e076        0x0 build/list.o
 .data          0x00000000c000e076        0x0 build/timer.o
 .data          0x00000000c000e076        0x0 build/interrupt.o
 *fill*         0x00000000c000e076        0x2 
 .data          0x00000000c000e078       0xc0 build/kernel.o
                0x00000000c000e078                intr_entry_table
 .data          0x00000000c000e138        0x8 build/print.o
 .data          0x00000000c000e140        0x0 build/memory.o
 .data          0x00000000c000e140        0x0 build/bitmap.o
 .data          0x00000000c000e140        0x0 build/string.o
 .data          0x00000000c000e140        0x0 build/debug.o

.data1
 *(.data1)
                0x00000000c000e140                _edata = .
                0x00000000c000e140                PROVIDE (edata, .)
                0x00000000c000e140                . = .
                0x00000000c000e140                __bss_start = .

.bss            0x00000000c000e140     0x1c4c
 *(.dynbss)
 *(.bss .bss.* .gnu.linkonce.b.*)
 .bss           0x00000000c000e140        0x8 build/main.o
                0x00000000c000e140                pid_a
                0x00000000c000e144                pid_b
 .bss           0x00000000c000e148        0x0 build/init.o
 .bss           0x00000000c000e148        0x0 build/stdio.o
 .bss           0x00000000c000e148        0x0 build/syscall-init.o
 .bss           0x00000000c000e148        0x0 build/syscall.o
 .bss           0x00000000c000e148        0x0 build/fs.o
 .bss           0x00000000c000e148        0x0 build/file.o
 .bss           0x00000000c000e148        0x0 build/inode.o
 .bss           0x00000000c000e148        0x0 build/dir.o
 .bss           0x00000000c000e148        0x0 build/stdio-kernel.o
 .bss           0x00000000c000e148        0x6 build/ide.o
                0x00000000c000e148                ext_lba_base
                0x00000000c000e14c                p_no
                0x00000000c000e14d                l_no
 *fill*         0x00000000c000e14e        0x2 
 .bss           0x00000000c000e150       0x14 build/keyboard.o
 .bss           0x00000000c000e164        0x0 build/ioqueue.o
 .bss           0x00000000c000e164        0x0 build/process.o
 .bss           0x00000000c000e164       0x1c build/console.o
 .bss           0x00000000c000e180       0x6c build/tss.o
 .bss           0x00000000c000e1ec        0x0 build/sync.o
 .bss           0x00000000c000e1ec        0x2 build/thread.o
 .bss           0x00000000c000e1ee        0x0 build/list.o
 .bss           0x00000000c000e1ee        0x0 build/timer.o
 *fill*         0x00000000c000e1ee       0x12 
 .bss           0x00000000c000e200      0x408 build/interrupt.o
 .bss           0x00000000c000e608        0x0 build/memory.o
 .bss           0x00000000c000e608        0x0 build/bitmap.o
 .bss           0x00000000c000e608        0x0 build/string.o
 .bss           0x00000000c000e608        0x0 build/debug.o
 *(COMMON)
 *fill*         0x00000000c000e608       0x18 
 COMMON         0x00000000c000e620       0x80 build/syscall-init.o
                0x00000000c000e620                syscall_table
 COMMON         0x00000000c000e6a0        0x4 build/fs.o
                0x00000000c000e6a0                cur_part
 *fill*         0x00000000c000e6a4       0x1c 
 COMMON         0x00000000c000e6c0      0x180 build/file.o
                0x00000000c000e6c0                file_table
 COMMON         0x00000000c000e840      0x208 build/dir.o
                0x00000000c000e840                root_dir
 *fill*         0x00000000c000ea48       0x18 
 COMMON         0x00000000c000ea60      0xcf0 build/ide.o
                0x00000000c000ea60                channel_cnt
                0x00000000c000ea80                channels
                0x00000000c000f740                partition_list
 *fill*         0x00000000c000f750       0x10 
 COMMON         0x00000000c000f760       0x6c build/keyboard.o
                0x00000000c000f760                kbd_buf
 COMMON         0x00000000c000f7cc       0x44 build/thread.o
                0x00000000c000f7cc                thread_ready_list
                0x00000000c000f7dc                thread_all_list
                0x00000000c000f7ec                idle_thread
                0x00000000c000f7f0                main_thread
                0x00000000c000f7f4                pid_lock
 COMMON         0x00000000c000f810        0x4 build/timer.o
                0x00000000c000f810                total_ticks
 *fill*         0x00000000c000f814        0xc 
 COMMON         0x00000000c000f820      0x424 build/interrupt.o
                0x00000000c000f820                intr_name
                0x00000000c000fa40                idt_table
 *fill*         0x00000000c000fc44       0x1c 
 COMMON         0x00000000c000fc60      0x12c build/memory.o
                0x00000000c000fc60                k_block_desc
                0x00000000c000fd08                k_v_pool
                0x00000000c000fd20                k_p_pool
                0x00000000c000fd60                u_p_pool
                0x00000000c000fd8c                . = ALIGN ((. != 0x0)?0x4:0x1)
                0x00000000c000fd8c                . = ALIGN (0x4)
                0x00000000c000fd8c                . = SEGMENT_START ("ldata-segment", .)
                0x00000000c000fd8c                . = ALIGN (0x4)
                0x00000000c000fd8c                _end = .
                0x00000000c000fd8c                PROVIDE (end, .)
                0x00000000c000fd8c                . = DATA_SEGMENT_END (.)

.stab
 *(.stab)

.stabstr
 *(.stabstr)

.stab.excl
 *(.stab.excl)

.stab.exclstr
 *(.stab.exclstr)

.stab.index
 *(.stab.index)

.stab.indexstr
 *(.stab.indexstr)

.comment        0x0000000000000000       0x11
 *(.comment)
 .comment       0x0000000000000000       0x11 build/main.o
                                         0x12 (size before relaxing)
 .comment       0x0000000000000000       0x12 build/init.o
 .comment       0x0000000000000000       0x12 build/stdio.o
 .comment       0x0000000000000000       0x12 build/syscall-init.o
 .comment       0x0000000000000000       0x12 build/syscall.o
 .comment       0x0000000000000000       0x12 build/fs.o
 .comment       0x0000000000000000       0x12 build/file.o
 .comment       0x0000000000000000       0x12 build/inode.o
 .comment       0x0000000000000000       0x12 build/dir.o
 .comment       0x0000000000000000       0x12 build/stdio-kernel.o
 .comment       0x0000000000000000       0x12 build/ide.o
 .comment       0x0000000000000000       0x12 build/keyboard.o
 .comment       0x0000000000000000       0x12 build/ioqueue.o
 .comment       0x0000000000000000       0x12 build/process.o
 .comment       0x0000000000000000       0x12 build/console.o
 .comment       0x0000000000000000       0x12 build/tss.o
 .comment       0x0000000000000000       0x12 build/sync.o
 .comment       0x0000000000000000       0x12 build/thread.o
 .comment       0x0000000000000000       0x12 build/list.o
 .comment       0x0000000000000000       0x12 build/timer.o
 .comment       0x0000000000000000       0x12 build/interrupt.o
 .comment       0x0000000000000000       0x12 build/memory.o
 .comment       0x0000000000000000       0x12 build/bitmap.o
 .comment       0x0000000000000000       0x12 build/string.o
 .comment       0x0000000000000000       0x12 build/debug.o

.debug
 *(.debug)

.line
 *(.line)

.debug_srcinfo
 *(.debug_srcinfo)

.debug_sfnames
 *(.debug_sfnames)

.debug_aranges
 *(.debug_aranges)

.debug_pubnames
 *(.debug_pubnames)

.debug_info
 *(.debug_info .gnu.linkonce.wi.*)

.debug_abbrev
 *(.debug_abbrev)

.debug_line
 *(.debug_line .debug_line.* .debug_line_end)

.debug_frame
 *(.debug_frame)

.debug_str
 *(.debug_str)

.debug_loc
 *(.debug_loc)

.debug_macinfo
 *(.debug_macinfo)

.debug_weaknames
 *(.debug_weaknames)

.debug_funcnames
 *(.debug_funcnames)

.debug_typenames
 *(.debug_typenames)

.debug_varnames
 *(.debug_varnames)

.debug_pubtypes
 *(.debug_pubtypes)

.debug_ranges
 *(.debug_ranges)

.debug_macro
 *(.debug_macro)

.gnu.attributes
 *(.gnu.attributes)

/DISCARD/
 *(.note.GNU-stack)
 *(.gnu_debuglink)
 *(.gnu.lto_*)
OUTPUT(build/kernel.bin elf32-i386)
