
Allocating common symbols
Common symbol       size              file

kbd_buf             0x6c              build/keyboard.o
thread_ready_list   0x10              build/thread.o
thread_all_list     0x10              build/thread.o
k_v_pool            0xc               build/memory.o
intr_name           0xc0              build/interrupt.o
main_thread         0x4               build/thread.o
total_ticks         0x4               build/timer.o
k_p_pool            0x10              build/memory.o
u_p_pool            0x10              build/memory.o
idt_table           0xc0              build/interrupt.o

Memory Configuration

Name             Origin             Length             Attributes
*default*        0x0000000000000000 0xffffffffffffffff

Linker script and memory map

Address of section .text set to 0xc0001500
LOAD build/main.o
LOAD build/init.o
LOAD build/keyboard.o
LOAD build/ioqueue.o
LOAD build/console.o
LOAD build/tss.o
LOAD build/sync.o
LOAD build/thread.o
LOAD build/list.o
LOAD build/timer.o
LOAD build/interrupt.o
LOAD build/kernel.o
LOAD build/print.o
LOAD build/memory.o
LOAD build/bitmap.o
LOAD build/string.o
LOAD build/debug.o
LOAD build/switch.o
                0x0000000008048000                PROVIDE (__executable_start, 0x8048000)
                0x0000000008048074                . = (0x8048000 + SIZEOF_HEADERS)

.interp
 *(.interp)

.note.gnu.build-id
 *(.note.gnu.build-id)

.hash
 *(.hash)

.gnu.hash
 *(.gnu.hash)

.dynsym
 *(.dynsym)

.dynstr
 *(.dynstr)

.gnu.version
 *(.gnu.version)

.gnu.version_d
 *(.gnu.version_d)

.gnu.version_r
 *(.gnu.version_r)

.rel.dyn        0x0000000008048074        0x0
 *(.rel.init)
 *(.rel.text .rel.text.* .rel.gnu.linkonce.t.*)
 .rel.text      0x0000000000000000        0x0 build/main.o
 *(.rel.fini)
 *(.rel.rodata .rel.rodata.* .rel.gnu.linkonce.r.*)
 *(.rel.data.rel.ro .rel.data.rel.ro.* .rel.gnu.linkonce.d.rel.ro.*)
 *(.rel.data .rel.data.* .rel.gnu.linkonce.d.*)
 *(.rel.tdata .rel.tdata.* .rel.gnu.linkonce.td.*)
 *(.rel.tbss .rel.tbss.* .rel.gnu.linkonce.tb.*)
 *(.rel.ctors)
 *(.rel.dtors)
 *(.rel.got)
 *(.rel.bss .rel.bss.* .rel.gnu.linkonce.b.*)
 *(.rel.ifunc)

.rel.plt        0x0000000008048074        0x0
 *(.rel.plt)
                0x0000000008048074                PROVIDE (__rel_iplt_start, .)
 *(.rel.iplt)
 .rel.iplt      0x0000000000000000        0x0 build/main.o
                0x0000000008048074                PROVIDE (__rel_iplt_end, .)

.init
 *(SORT(.init))

.plt            0x0000000008048080        0x0
 *(.plt)
 *(.iplt)
 .iplt          0x0000000000000000        0x0 build/main.o

.text           0x00000000c0001500     0x2a75
 *(.text.unlikely .text.*_unlikely .text.unlikely.*)
 *(.text.exit .text.exit.*)
 *(.text.startup .text.startup.*)
 *(.text.hot .text.hot.*)
 *(.text .stub .text.* .gnu.linkonce.t.*)
 .text          0x00000000c0001500       0xe7 build/main.o
                0x00000000c0001500                main
                0x00000000c000151d                k_thread_a
                0x00000000c0001582                k_thread_b
 .text          0x00000000c00015e7       0x4b build/init.o
                0x00000000c00015e7                init_all
 .text          0x00000000c0001632      0x2cc build/keyboard.o
                0x00000000c00018c4                keyboard_init
 .text          0x00000000c00018fe      0x2e4 build/ioqueue.o
                0x00000000c00018fe                ioqueue_init
                0x00000000c0001956                ioq_full
                0x00000000c00019a3                ioq_empty
                0x00000000c0001a6f                ioq_getchar
                0x00000000c0001b27                ioq_putchar
 .text          0x00000000c0001be2       0xb0 build/console.o
                0x00000000c0001be2                console_init
                0x00000000c0001bfa                console_acquire
                0x00000000c0001c12                console_release
                0x00000000c0001c2a                console_put_str
                0x00000000c0001c4a                console_put_char
                0x00000000c0001c72                console_put_int
 .text          0x00000000c0001c92      0x188 build/tss.o
                0x00000000c0001c92                update_tss_esp
                0x00000000c0001d11                tss_init
 .text          0x00000000c0001e1a      0x2af build/sync.o
                0x00000000c0001e42                lock_init
                0x00000000c0001ff1                lock_acquire
                0x00000000c0002067                lock_release
 .text          0x00000000c00020c9      0x531 build/thread.o
                0x00000000c00020c9                get_cur_thread_pcb
                0x00000000c00020f9                thread_create
                0x00000000c0002169                init_thread
                0x00000000c00021fb                thread_start
                0x00000000c000234d                schedule
                0x00000000c0002452                thread_init
                0x00000000c000249f                thread_block
                0x00000000c0002501                thread_unblock
 .text          0x00000000c00025fa      0x1d4 build/list.o
                0x00000000c00025fa                list_init
                0x00000000c0002627                list_insert_before
                0x00000000c000266b                list_push
                0x00000000c0002688                list_append
                0x00000000c00026a5                list_remove
                0x00000000c00026de                list_pop
                0x00000000c0002700                list_empty
                0x00000000c0002719                list_len
                0x00000000c000274d                list_traversal
                0x00000000c0002793                elem_find
 .text          0x00000000c00027ce      0x164 build/timer.o
                0x00000000c0002870                timer_init
 .text          0x00000000c0002932      0x454 build/interrupt.o
                0x00000000c0002c35                idt_init
                0x00000000c0002c9f                intr_enable
                0x00000000c0002cb9                intr_disable
                0x00000000c0002cd3                intr_set_status
                0x00000000c0002ced                intr_get_status
                0x00000000c0002d6a                register_handler
 *fill*         0x00000000c0002d86        0xa 
 .text          0x00000000c0002d90      0x541 build/kernel.o
                0x00000000c0002d90                intr_exit
 *fill*         0x00000000c00032d1        0xf 
 .text          0x00000000c00032e0      0x149 build/print.o
                0x00000000c00032e0                put_str
                0x00000000c00032fe                put_char
                0x00000000c00033cb                put_int
 .text          0x00000000c0003429      0x4d6 build/memory.o
                0x00000000c00035d9                mem_init
                0x00000000c00036b8                pte_ptr
                0x00000000c00036df                pde_ptr
                0x00000000c0003806                malloc_page
                0x00000000c00038c4                get_kernel_pages
 .text          0x00000000c00038ff      0x21d build/bitmap.o
                0x00000000c00038ff                bitmap_init
                0x00000000c0003921                bitmap_test_bit
                0x00000000c000395f                bitmap_scan
                0x00000000c0003a6e                bitmap_set
 .text          0x00000000c0003b1c      0x39b build/string.o
                0x00000000c0003b1c                memset
                0x00000000c0003b6c                memcpy
                0x00000000c0003bc4                memcmp
                0x00000000c0003c38                strcpy
                0x00000000c0003c8b                strlen
                0x00000000c0003cd3                strcmp
                0x00000000c0003d40                strchr
                0x00000000c0003d95                strrchr
                0x00000000c0003df0                strcat
                0x00000000c0003e56                strchrs
 .text          0x00000000c0003eb7       0xa6 build/debug.o
                0x00000000c0003eb7                panic_spin
 *fill*         0x00000000c0003f5d        0x3 
 .text          0x00000000c0003f60       0x15 build/switch.o
                0x00000000c0003f60                switch_to
 *(.gnu.warning)

.fini
 *(SORT(.fini))
                0x00000000c0003f75                PROVIDE (__etext, .)
                0x00000000c0003f75                PROVIDE (_etext, .)
                0x00000000c0003f75                PROVIDE (etext, .)

.rodata         0x00000000c0003f78      0xb8f
 *(.rodata .rodata.* .gnu.linkonce.r.*)
 .rodata        0x00000000c0003f78       0x19 build/init.o
 .rodata        0x00000000c0003f91       0x36 build/keyboard.o
 *fill*         0x00000000c0003fc7        0x1 
 .rodata        0x00000000c0003fc8       0xa8 build/ioqueue.o
 .rodata        0x00000000c0004070       0x27 build/tss.o
 *fill*         0x00000000c0004097        0x1 
 .rodata        0x00000000c0004098      0x121 build/sync.o
 *fill*         0x00000000c00041b9        0x3 
 .rodata        0x00000000c00041bc      0x2c7 build/thread.o
 *fill*         0x00000000c0004483        0x1 
 .rodata        0x00000000c0004484       0x6f build/timer.o
 *fill*         0x00000000c00044f3        0x1 
 .rodata        0x00000000c00044f4      0x30d build/interrupt.o
 *fill*         0x00000000c0004801        0x3 
 .rodata        0x00000000c0004804      0x178 build/memory.o
 .rodata        0x00000000c000497c       0x67 build/bitmap.o
 *fill*         0x00000000c00049e3        0x1 
 .rodata        0x00000000c00049e4       0xe4 build/string.o
 .rodata        0x00000000c0004ac8       0x3f build/debug.o

.rodata1
 *(.rodata1)

.eh_frame_hdr
 *(.eh_frame_hdr)

.eh_frame       0x00000000c0004b08      0xb98
 *(.eh_frame)
 .eh_frame      0x00000000c0004b08       0x74 build/main.o
 .eh_frame      0x00000000c0004b7c       0x20 build/init.o
                                         0x38 (size before relaxing)
 .eh_frame      0x00000000c0004b9c       0x60 build/keyboard.o
                                         0x78 (size before relaxing)
 .eh_frame      0x00000000c0004bfc      0x100 build/ioqueue.o
                                        0x118 (size before relaxing)
 .eh_frame      0x00000000c0004cfc       0xc0 build/console.o
                                         0xd8 (size before relaxing)
 .eh_frame      0x00000000c0004dbc       0x64 build/tss.o
                                         0x7c (size before relaxing)
 .eh_frame      0x00000000c0004e20       0xc8 build/sync.o
                                         0xe0 (size before relaxing)
 .eh_frame      0x00000000c0004ee8      0x140 build/thread.o
                                        0x158 (size before relaxing)
 .eh_frame      0x00000000c0005028      0x140 build/list.o
                                        0x158 (size before relaxing)
 .eh_frame      0x00000000c0005168       0x8c build/timer.o
                                         0xa4 (size before relaxing)
 .eh_frame      0x00000000c00051f4      0x1a8 build/interrupt.o
                                        0x1c0 (size before relaxing)
 .eh_frame      0x00000000c000539c      0x120 build/memory.o
                                        0x138 (size before relaxing)
 .eh_frame      0x00000000c00054bc       0x88 build/bitmap.o
                                         0xa0 (size before relaxing)
 .eh_frame      0x00000000c0005544      0x140 build/string.o
                                        0x158 (size before relaxing)
 .eh_frame      0x00000000c0005684       0x1c build/debug.o
                                         0x34 (size before relaxing)

.gcc_except_table
 *(.gcc_except_table .gcc_except_table.*)

.exception_ranges
 *(.exception_ranges .exception_ranges*)
                0x00000000c00056a0                . = (ALIGN (0x1000) - ((0x1000 - .) & 0xfff))
                0x00000000c00066a0                . = DATA_SEGMENT_ALIGN (0x1000, 0x1000)

.eh_frame
 *(.eh_frame)

.gcc_except_table
 *(.gcc_except_table .gcc_except_table.*)

.exception_ranges
 *(.exception_ranges .exception_ranges*)

.tdata
 *(.tdata .tdata.* .gnu.linkonce.td.*)

.tbss
 *(.tbss .tbss.* .gnu.linkonce.tb.*)
 *(.tcommon)

.preinit_array  0x00000000c00066a0        0x0
                0x00000000c00066a0                PROVIDE (__preinit_array_start, .)
 *(.preinit_array)
                0x00000000c00066a0                PROVIDE (__preinit_array_end, .)

.init_array     0x00000000c00066a0        0x0
                0x00000000c00066a0                PROVIDE (__init_array_start, .)
 *(SORT(.init_array.*))
 *(.init_array)
                0x00000000c00066a0                PROVIDE (__init_array_end, .)

.fini_array     0x00000000c00066a0        0x0
                0x00000000c00066a0                PROVIDE (__fini_array_start, .)
 *(SORT(.fini_array.*))
 *(.fini_array)
                0x00000000c00066a0                PROVIDE (__fini_array_end, .)

.ctors
 *crtbegin.o(.ctors)
 *crtbegin?.o(.ctors)
 *(EXCLUDE_FILE(*crtend?.o *crtend.o) .ctors)
 *(SORT(.ctors.*))
 *(.ctors)

.dtors
 *crtbegin.o(.dtors)
 *crtbegin?.o(.dtors)
 *(EXCLUDE_FILE(*crtend?.o *crtend.o) .dtors)
 *(SORT(.dtors.*))
 *(.dtors)

.jcr
 *(.jcr)

.data.rel.ro
 *(.data.rel.ro.local* .gnu.linkonce.d.rel.ro.local.*)
 *(.data.rel.ro .data.rel.ro.* .gnu.linkonce.d.rel.ro.*)

.dynamic
 *(.dynamic)

.got
 *(.got)
 *(.igot)
                0x00000000c00066a0                . = DATA_SEGMENT_RELRO_END (., (SIZEOF (.got.plt) >= 0xc)?0xc:0x0)

.got.plt        0x00000000c00066a0        0x0
 *(.got.plt)
 *(.igot.plt)
 .igot.plt      0x0000000000000000        0x0 build/main.o

.data           0x00000000c00066a0      0x140
 *(.data .data.* .gnu.linkonce.d.*)
 .data          0x00000000c00066a0        0x0 build/main.o
 .data          0x00000000c00066a0        0x0 build/init.o
 .data          0x00000000c00066a0       0x76 build/keyboard.o
 .data          0x00000000c0006716        0x0 build/ioqueue.o
 .data          0x00000000c0006716        0x0 build/console.o
 .data          0x00000000c0006716        0x0 build/tss.o
 .data          0x00000000c0006716        0x0 build/sync.o
 .data          0x00000000c0006716        0x0 build/thread.o
 .data          0x00000000c0006716        0x0 build/list.o
 .data          0x00000000c0006716        0x0 build/timer.o
 .data          0x00000000c0006716        0x0 build/interrupt.o
 *fill*         0x00000000c0006716        0x2 
 .data          0x00000000c0006718       0xc0 build/kernel.o
                0x00000000c0006718                intr_entry_table
 .data          0x00000000c00067d8        0x8 build/print.o
 .data          0x00000000c00067e0        0x0 build/memory.o
 .data          0x00000000c00067e0        0x0 build/bitmap.o
 .data          0x00000000c00067e0        0x0 build/string.o
 .data          0x00000000c00067e0        0x0 build/debug.o

.data1
 *(.data1)
                0x00000000c00067e0                _edata = .
                0x00000000c00067e0                PROVIDE (edata, .)
                0x00000000c00067e0                . = .
                0x00000000c00067e0                __bss_start = .

.bss            0x00000000c00067e0      0x48c
 *(.dynbss)
 *(.bss .bss.* .gnu.linkonce.b.*)
 .bss           0x00000000c00067e0        0x0 build/main.o
 .bss           0x00000000c00067e0        0x0 build/init.o
 .bss           0x00000000c00067e0       0x14 build/keyboard.o
 .bss           0x00000000c00067f4        0x0 build/ioqueue.o
 .bss           0x00000000c00067f4       0x1c build/console.o
 *fill*         0x00000000c0006810       0x10 
 .bss           0x00000000c0006820       0x6c build/tss.o
 .bss           0x00000000c000688c        0x0 build/sync.o
 .bss           0x00000000c000688c        0x0 build/thread.o
 .bss           0x00000000c000688c        0x0 build/list.o
 .bss           0x00000000c000688c        0x0 build/timer.o
 *fill*         0x00000000c000688c       0x14 
 .bss           0x00000000c00068a0      0x180 build/interrupt.o
 .bss           0x00000000c0006a20        0x0 build/memory.o
 .bss           0x00000000c0006a20        0x0 build/bitmap.o
 .bss           0x00000000c0006a20        0x0 build/string.o
 .bss           0x00000000c0006a20        0x0 build/debug.o
 *(COMMON)
 COMMON         0x00000000c0006a20       0x6c build/keyboard.o
                0x00000000c0006a20                kbd_buf
 COMMON         0x00000000c0006a8c       0x24 build/thread.o
                0x00000000c0006a8c                thread_ready_list
                0x00000000c0006a9c                thread_all_list
                0x00000000c0006aac                main_thread
 COMMON         0x00000000c0006ab0        0x4 build/timer.o
                0x00000000c0006ab0                total_ticks
 *fill*         0x00000000c0006ab4        0xc 
 COMMON         0x00000000c0006ac0      0x180 build/interrupt.o
                0x00000000c0006ac0                intr_name
                0x00000000c0006b80                idt_table
 COMMON         0x00000000c0006c40       0x2c build/memory.o
                0x00000000c0006c40                k_v_pool
                0x00000000c0006c4c                k_p_pool
                0x00000000c0006c5c                u_p_pool
                0x00000000c0006c6c                . = ALIGN ((. != 0x0)?0x4:0x1)
                0x00000000c0006c6c                . = ALIGN (0x4)
                0x00000000c0006c6c                . = SEGMENT_START ("ldata-segment", .)
                0x00000000c0006c6c                . = ALIGN (0x4)
                0x00000000c0006c6c                _end = .
                0x00000000c0006c6c                PROVIDE (end, .)
                0x00000000c0006c6c                . = DATA_SEGMENT_END (.)

.stab
 *(.stab)

.stabstr
 *(.stabstr)

.stab.excl
 *(.stab.excl)

.stab.exclstr
 *(.stab.exclstr)

.stab.index
 *(.stab.index)

.stab.indexstr
 *(.stab.indexstr)

.comment        0x0000000000000000       0x11
 *(.comment)
 .comment       0x0000000000000000       0x11 build/main.o
                                         0x12 (size before relaxing)
 .comment       0x0000000000000000       0x12 build/init.o
 .comment       0x0000000000000000       0x12 build/keyboard.o
 .comment       0x0000000000000000       0x12 build/ioqueue.o
 .comment       0x0000000000000000       0x12 build/console.o
 .comment       0x0000000000000000       0x12 build/tss.o
 .comment       0x0000000000000000       0x12 build/sync.o
 .comment       0x0000000000000000       0x12 build/thread.o
 .comment       0x0000000000000000       0x12 build/list.o
 .comment       0x0000000000000000       0x12 build/timer.o
 .comment       0x0000000000000000       0x12 build/interrupt.o
 .comment       0x0000000000000000       0x12 build/memory.o
 .comment       0x0000000000000000       0x12 build/bitmap.o
 .comment       0x0000000000000000       0x12 build/string.o
 .comment       0x0000000000000000       0x12 build/debug.o

.debug
 *(.debug)

.line
 *(.line)

.debug_srcinfo
 *(.debug_srcinfo)

.debug_sfnames
 *(.debug_sfnames)

.debug_aranges
 *(.debug_aranges)

.debug_pubnames
 *(.debug_pubnames)

.debug_info
 *(.debug_info .gnu.linkonce.wi.*)

.debug_abbrev
 *(.debug_abbrev)

.debug_line
 *(.debug_line .debug_line.* .debug_line_end)

.debug_frame
 *(.debug_frame)

.debug_str
 *(.debug_str)

.debug_loc
 *(.debug_loc)

.debug_macinfo
 *(.debug_macinfo)

.debug_weaknames
 *(.debug_weaknames)

.debug_funcnames
 *(.debug_funcnames)

.debug_typenames
 *(.debug_typenames)

.debug_varnames
 *(.debug_varnames)

.debug_pubtypes
 *(.debug_pubtypes)

.debug_ranges
 *(.debug_ranges)

.debug_macro
 *(.debug_macro)

.gnu.attributes
 *(.gnu.attributes)

/DISCARD/
 *(.note.GNU-stack)
 *(.gnu_debuglink)
 *(.gnu.lto_*)
OUTPUT(build/kernel.bin elf32-i386)
